
> next-template@0.1.0 build C:\Users\Projects\thesis-ai
> next build

   ▲ Next.js 16.0.3 (Turbopack)
   - Environments: .env.local, .env
   - Experiments (use with caution):
     · clientTraceMetadata
     ✓ optimizeCss
     · optimizePackageImports

   Creating an optimized production build ...
 ✓ Compiled successfully in 65s
   Running next.config.js provided runAfterProductionCompile ...
 ✓ Completed runAfterProductionCompile in 3235ms
   Running TypeScript ...
 ELIFECYCLE  Command failed with exit code 1.
