
> next-template@0.1.0 test C:\Users\Projects\thesis-ai-fresh
> vitest "--run"


[1m[46m RUN [49m[22m [36mv4.0.14 [39m[90mC:/Users/Projects/thesis-ai-fresh[39m

node.exe : [90mstderr[2m | __tests__/dashboard/dashboard-state.test.ts[2m > [22m[2mDashboard State - Widget Data 
Loading[2m > [22m[2mshould handle widget data load errors
At C:\nvm4w\nodejs\pnpm.ps1:16 char:5
+     & "$basedir/node$exe"  "$basedir/node_modules/pnpm/bin/pnpm.cjs"  ...
+     ~~~~~~~~~~~~~~~~~~~~~~~~~~~~~~~~~~~~~~~~~~~~~~~~~~~~~~~~~~~~~~~~~
    + CategoryInfo          : NotSpecified: ([90mstderr[2m...ata load errors:String) [], RemoteException
    + FullyQualifiedErrorId : NativeCommandError
 
[22m[39mError loading widget non-existent: Error: Failed to fetch widget data: Not Found
    at C:/Users/Projects/thesis-ai-fresh/src/lib/personalization/dashboard-state.ts:518:17
    at Object.loadWidgetData (C:/Users/Projects/thesis-ai-fresh/src/lib/personalization/dashboard-state.ts:525:32)
    at C:/Users/Projects/thesis-ai-fresh/__tests__/dashboard/dashboard-state.test.ts:423:20
    at [90mfile:///C:/Users/Projects/thesis-ai-fresh/[39mnode_modules/[4m.pnpm[24m/@vitest+runner@4.0.14/node_modu
les/[4m@vitest[24m/runner/dist/index.js:919:20

[90mstderr[2m | __tests__/dashboard/dashboard-state.test.ts[2m > [22m[2mDashboard State - Custom Hooks[2m > 
[22m[2museWidgetData hook should return widget data state
[22m[39mThe result of getSnapshot should be cached to avoid an infinite loop

 [31mΓ¥»[39m __tests__/dashboard/dashboard-state.test.ts [2m([22m[2m41 tests[22m[2m | [22m[31m5 failed[39m[2m)[22m[32m 250[2mms[22m[39m
     [32mΓ£ô[39m should initialize with default layout[32m 4[2mms[22m[39m
     [32mΓ£ô[39m should have default widget layout properties[32m 2[2mms[22m[39m
     [32mΓ£ô[39m should start with empty widget data state[32m 2[2mms[22m[39m
     [32mΓ£ô[39m should start with isLoadingAllWidgets as false[32m 1[2mms[22m[39m
     [32mΓ£ô[39m should create a new layout[32m 1[2mms[22m[39m
     [32mΓ£ô[39m should load an existing layout[32m 1[2mms[22m[39m
     [32mΓ£ô[39m should rename a layout[32m 1[2mms[22m[39m
     [32mΓ£ô[39m should delete a layout[32m 1[2mms[22m[39m
     [32mΓ£ô[39m should add a widget to layout[32m 1[2mms[22m[39m
     [32mΓ£ô[39m should auto-position widget when coordinates not provided[32m 1[2mms[22m[39m
     [32mΓ£ô[39m should remove a widget from layout[32m 1[2mms[22m[39m
     [32mΓ£ô[39m should update widget position[32m 1[2mms[22m[39m
     [32mΓ£ô[39m should update widget size[32m 1[2mms[22m[39m
     [32mΓ£ô[39m should update widget settings[32m 2[2mms[22m[39m
     [32mΓ£ô[39m should lock and unlock widgets[32m 1[2mms[22m[39m
     [32mΓ£ô[39m should track history when adding widgets[32m 1[2mms[22m[39m
     [32mΓ£ô[39m should undo layout changes[32m 1[2mms[22m[39m
[31m     [31m├ù[31m should redo layout changes[39m[32m 20[2mms[22m[39m
     [32mΓ£ô[39m should check if undo is available[32m 1[2mms[22m[39m
     [32mΓ£ô[39m should clear history[32m 1[2mms[22m[39m
     [32mΓ£ô[39m should set breakpoint[32m 1[2mms[22m[39m
     [32mΓ£ô[39m should get layout for breakpoint[32m 0[2mms[22m[39m
     [32mΓ£ô[39m should load single widget data[32m 23[2mms[22m[39m
     [32mΓ£ô[39m should handle widget data load errors[32m 30[2mms[22m[39m
     [32mΓ£ô[39m should load multiple widget data in batch[32m 7[2mms[22m[39m
     [32mΓ£ô[39m should set widget data directly[32m 4[2mms[22m[39m
     [32mΓ£ô[39m should set widget error[32m 2[2mms[22m[39m
     [32mΓ£ô[39m should clear widget cache for single widget[32m 2[2mms[22m[39m
     [32mΓ£ô[39m should clear all widget cache[32m 2[2mms[22m[39m
     [32mΓ£ô[39m should refetch widget data[32m 9[2mms[22m[39m
     [32mΓ£ô[39m should get widget data[32m 1[2mms[22m[39m
     [32mΓ£ô[39m should check if widget is loading[32m 1[2mms[22m[39m
     [32mΓ£ô[39m should get widget error[32m 1[2mms[22m[39m
[31m     [31m├ù[31m useWidgetData hook should return widget data state[39m[32m 80[2mms[22m[39m
[31m     [31m├ù[31m useWidgetsData hook should return multiple widget states[39m[32m 10[2mms[22m[39m
     [32mΓ£ô[39m useDashboardLayout hook should return layout state[32m 4[2mms[22m[39m
[31m     [31m├ù[31m useDashboardHistory hook should return history state[39m[32m 7[2mms[22m[39m
[31m     [31m├ù[31m useDashboardSave hook should return save state[39m[32m 10[2mms[22m[39m
     [32mΓ£ô[39m should reset to default layout[32m 1[2mms[22m[39m
     [32mΓ£ô[39m should maintain dirty state after widget changes[32m 1[2mms[22m[39m
     [32mΓ£ô[39m should save layout asynchronously[32m 3[2mms[22m[39m
[90mstderr[2m | src/__tests__/citation-workflow.test.tsx[2m > [22m[2mAcademicDatabaseService[2m > 
[22m[2mhandles DOI not found error
[22m[39mError fetching paper by DOI 10.1000/nonexistent.doi: Error: DOI 10.1000/nonexistent.doi not found in 
CrossRef database
    at Function.fetchPaperByDOI (C:/Users/Projects/thesis-ai-fresh/src/lib/academic-database-service.ts:89:17)
[90m    at processTicksAndRejections (node:internal/process/task_queues:95:5)[39m

 [31mΓ¥»[39m src/__tests__/citation-workflow.test.tsx [2m([22m[2m18 tests[22m[2m | [22m[31m13 failed[39m[2m)[22m[32m 148[2mms[22m[39m
[31m     [31m├ù[31m renders the citation manager interface correctly[39m[32m 42[2mms[22m[39m
[31m     [31m├ù[31m allows users to enter topic and field for AI citation generation[39m[32m 6[2mms[22m[39m
[31m     [31m├ù[31m generates citations using AI when inputs are provided[39m[32m 8[2mms[22m[39m
[31m     [31m├ù[31m displays existing citations from user library[39m[32m 6[2mms[22m[39m
[31m     [31m├ù[31m allows users to delete a citation[39m[32m 4[2mms[22m[39m
[31m     [31m├ù[31m allows users to copy a citation to clipboard[39m[32m 5[2mms[22m[39m
[31m     [31m├ù[31m validates required fields before generating citation[39m[32m 5[2mms[22m[39m
[31m     [31m├ù[31m properly handles citation generation errors[39m[32m 2[2mms[22m[39m
[31m     [31m├ù[31m loads and displays citations from database[39m[32m 5[2mms[22m[39m
[31m     [31m├ù[31m handles database errors gracefully[39m[32m 4[2mms[22m[39m
     [32mΓ£ô[39m successfully fetches paper details by DOI[32m 27[2mms[22m[39m
     [32mΓ£ô[39m handles DOI not found error[32m 12[2mms[22m[39m
     [32mΓ£ô[39m searches Semantic Scholar successfully[32m 2[2mms[22m[39m
     [32mΓ£ô[39m validates DOI format correctly[32m 2[2mms[22m[39m
     [32mΓ£ô[39m normalizes DOI by removing prefixes[32m 1[2mms[22m[39m
[31m     [31m├ù[31m validates ISBN format correctly[39m[32m 10[2mms[22m[39m
[31m     [31m├ù[31m executes complete workflow: fetch DOI -> generate citation -> save[39m[32m 1[2mms[22m[39m
[31m     [31m├ù[31m handles errors gracefully throughout the workflow[39m[32m 1[2mms[22m[39m
[90mstdout[2m | __tests__/integration/student-dashboard-tools.test.ts[2m > [22m[2mStudent Dashboard Tools Integration Tests[2m > [22m[2mDashboard Tool Connectivity Tests[2m > [22m[2mshould test all dashboard tools for connectivity
[22m[39m
=== DASHBOARD TOOLS CONNECTIVITY REPORT ===
Total Tools: 30
Connected: 0
Failed: 16
Connection Rate: 0.0%

Detailed Results:
ΓöîΓöÇΓöÇΓöÇΓöÇΓöÇΓöÇΓöÇΓöÇΓöÇΓö¼ΓöÇΓöÇΓöÇΓöÇΓöÇΓöÇΓöÇΓöÇΓöÇΓöÇΓöÇΓöÇΓöÇΓöÇΓöÇΓöÇΓöÇΓöÇΓöÇΓöÇΓöÇΓöÇΓöÇΓöÇΓöÇΓöÇΓöÇΓöÇΓöÇΓöÇΓöÇΓö¼ΓöÇΓöÇΓöÇΓöÇΓöÇΓöÇΓöÇΓöÇΓöÇΓöÇΓöÇΓöÇΓöÇΓöÇΓöÇΓöÇΓöÇΓöÇΓöÇΓöÇΓöÇΓöÇΓöÇΓöÇΓö¼ΓöÇΓöÇΓöÇΓöÇΓöÇΓöÇΓöÇΓöÇΓöÇΓöÇΓöÇΓöÇΓöÇΓöÇΓöÇΓöÇΓöÇΓöÇΓöÇΓöÇΓöÇΓöÇΓöÇΓöÇΓöÇΓöÇΓöÇΓöÇΓöÇΓöÇΓöÇΓöÇΓö¼ΓöÇΓöÇΓöÇΓöÇΓöÇΓöÇΓöÇΓöÇΓöÇΓöÇΓöÇΓöÇΓöÇΓöÇΓöÇΓöÇΓöÇΓöÇΓöÇΓöÇΓöÇΓöÇΓöÇΓöÇΓöÇΓöÇΓöÇΓöÇΓöÇΓöÇΓöÇΓöÇΓöÇΓöÇΓöÇΓöÇΓöÇΓöÇΓöÇΓöÇΓöÇΓöÇΓöÇΓöÇΓöÇΓöÇΓöÇΓöÇΓöÇΓöÇΓöÇΓöÇΓöÇΓöÇΓöÇΓöÇΓöÇΓöÇΓöÇΓöÇΓöÇΓöÇΓöÇΓöÇΓöÇΓöÇΓöÇΓöÇΓöÇΓöÇΓöÇΓöÇΓöÇΓöÇΓöÇΓöÇΓöÇΓöÇΓöÇΓöÇΓöÇΓöÇΓöÇΓöÇΓöÇΓöÇΓöÇΓöÇΓöÇΓöÇΓöÇΓöÇΓöÇΓöÇΓöÇΓöÇΓöÇΓöÇΓöÇΓöÇΓöÇΓöÇΓöÇΓöÇΓöÇΓöÇΓöÇΓöÇΓöÇΓöÇΓöÇΓöÇΓöÇΓöÇΓöÇΓöÇΓöÇΓöÇΓöÇΓöÇΓöÇΓöÇΓöÇΓöÇΓöÇΓöÇΓöÇΓöÇΓöÇΓöÇΓöÇΓöÇΓöÇΓöÇΓöÇΓöÇΓöÇΓöÇΓöÇΓöÇΓöÇΓöÇΓöÇΓöÇΓöÇΓöÇΓöÇΓöÇΓöÇΓöÇΓöÇΓöÇΓöÇΓöÇΓöÇΓöÇΓöÇΓöÇΓöÇΓöÇΓöÇΓöÇΓöÇΓöÇΓöÇΓöÇΓöÇΓöÇΓöÇΓöÇΓöÇΓöÇΓöÇΓöÇΓöÇΓöÇΓöÇΓöÇΓöÇΓöÇΓöÇΓöÇΓöÇΓöÇΓöÇΓöÇΓöÇΓöÇΓöÇΓöÇΓöÇΓöÇΓöÇΓöÇΓöÇΓöÇΓöÇΓöÇΓöÇΓöÇΓöÇΓöÇΓöÇΓöÇΓöÇΓöÇΓöÇΓöÇΓöÇΓöÇΓöÇΓöÇΓöÇΓöÇΓöÇΓöÇΓöÇΓöÇΓöÇΓöÇΓöÇΓöÇΓöÇΓöÇΓöÇΓöÇΓöÇΓöÇΓöÇΓöÇΓöÇΓöÇΓöÇΓöÇΓöÇΓöÇΓöÇΓöÇΓöÇΓöÇΓöÇΓöÇΓöÇΓöÇΓöÇΓöÇΓöÇΓöÇΓöÇΓöÇΓöÇΓöÇΓöÇΓöÇΓöÇΓöÇΓöÇΓöÇΓöÇΓöÇΓöÇΓöÇΓöÇΓöÇΓöÇΓöÇΓöÇΓöÇΓöÇΓöÇΓöÇΓöÇΓöÇΓöÇΓöÇΓöÇΓöÇΓöÇΓöÇΓöÇΓöÇΓöÇΓöÇΓöÇΓöÇΓöÇΓöÇΓöÇΓöÇΓöÇΓöÇΓöÇΓöÇΓöÇΓöÇΓöÇΓöÇΓöÇΓöÇΓöÇΓöÇΓöÇΓöÇΓöÇΓöÇΓöÇΓöÇΓöÇΓöÇΓöÇΓöÇΓöÇΓöÇΓöÇΓöÇΓöÇΓöÇΓöÇΓöÇΓöÇΓöÇΓöÇΓöÇΓöÇΓöÇΓöÇΓöÇΓö¼ΓöÇΓöÇΓöÇΓöÇΓöÇΓöÇΓöÇΓöÇΓöÇΓöÇΓöÇΓöÇΓöÇΓöÇΓöÇΓöÇΓöÇΓöÇΓöÇΓöÇΓöÇΓöÇΓöÇΓöÇΓöÇΓöÇΓöÇΓöÇΓöÇΓöÇΓöÇΓöÉ
Γöé (index) Γöé tool                          Γöé status                 Γöé functionName                   Γöé error                                                                                                                                                                                                                                                                                                                                 Γöé reason                        Γöé
Γö£ΓöÇΓöÇΓöÇΓöÇΓöÇΓöÇΓöÇΓöÇΓöÇΓö╝ΓöÇΓöÇΓöÇΓöÇΓöÇΓöÇΓöÇΓöÇΓöÇΓöÇΓöÇΓöÇΓöÇΓöÇΓöÇΓöÇΓöÇΓöÇΓöÇΓöÇΓöÇΓöÇΓöÇΓöÇΓöÇΓöÇΓöÇΓöÇΓöÇΓöÇΓöÇΓö╝ΓöÇΓöÇΓöÇΓöÇΓöÇΓöÇΓöÇΓöÇΓöÇΓöÇΓöÇΓöÇΓöÇΓöÇΓöÇΓöÇΓöÇΓöÇΓöÇΓöÇΓöÇΓöÇΓöÇΓöÇΓö╝ΓöÇΓöÇΓöÇΓöÇΓöÇΓöÇΓöÇΓöÇΓöÇΓöÇΓöÇΓöÇΓöÇΓöÇΓöÇΓöÇΓöÇΓöÇΓöÇΓöÇΓöÇΓöÇΓöÇΓöÇΓöÇΓöÇΓöÇΓöÇΓöÇΓöÇΓöÇΓöÇΓö╝ΓöÇΓöÇΓöÇΓöÇΓöÇΓöÇΓöÇΓöÇΓöÇΓöÇΓöÇΓöÇΓöÇΓöÇΓöÇΓöÇΓöÇΓöÇΓöÇΓöÇΓöÇΓöÇΓöÇΓöÇΓöÇΓöÇΓöÇΓöÇΓöÇΓöÇΓöÇΓöÇΓöÇΓöÇΓöÇΓöÇΓöÇΓöÇΓöÇΓöÇΓöÇΓöÇΓöÇΓöÇΓöÇΓöÇΓöÇΓöÇΓöÇΓöÇΓöÇΓöÇΓöÇΓöÇΓöÇΓöÇΓöÇΓöÇΓöÇΓöÇΓöÇΓöÇΓöÇΓöÇΓöÇΓöÇΓöÇΓöÇΓöÇΓöÇΓöÇΓöÇΓöÇΓöÇΓöÇΓöÇΓöÇΓöÇΓöÇΓöÇΓöÇΓöÇΓöÇΓöÇΓöÇΓöÇΓöÇΓöÇΓöÇΓöÇΓöÇΓöÇΓöÇΓöÇΓöÇΓöÇΓöÇΓöÇΓöÇΓöÇΓöÇΓöÇΓöÇΓöÇΓöÇΓöÇΓöÇΓöÇΓöÇΓöÇΓöÇΓöÇΓöÇΓöÇΓöÇΓöÇΓöÇΓöÇΓöÇΓöÇΓöÇΓöÇΓöÇΓöÇΓöÇΓöÇΓöÇΓöÇΓöÇΓöÇΓöÇΓöÇΓöÇΓöÇΓöÇΓöÇΓöÇΓöÇΓöÇΓöÇΓöÇΓöÇΓöÇΓöÇΓöÇΓöÇΓöÇΓöÇΓöÇΓöÇΓöÇΓöÇΓöÇΓöÇΓöÇΓöÇΓöÇΓöÇΓöÇΓöÇΓöÇΓöÇΓöÇΓöÇΓöÇΓöÇΓöÇΓöÇΓöÇΓöÇΓöÇΓöÇΓöÇΓöÇΓöÇΓöÇΓöÇΓöÇΓöÇΓöÇΓöÇΓöÇΓöÇΓöÇΓöÇΓöÇΓöÇΓöÇΓöÇΓöÇΓöÇΓöÇΓöÇΓöÇΓöÇΓöÇΓöÇΓöÇΓöÇΓöÇΓöÇΓöÇΓöÇΓöÇΓöÇΓöÇΓöÇΓöÇΓöÇΓöÇΓöÇΓöÇΓöÇΓöÇΓöÇΓöÇΓöÇΓöÇΓöÇΓöÇΓöÇΓöÇΓöÇΓöÇΓöÇΓöÇΓöÇΓöÇΓöÇΓöÇΓöÇΓöÇΓöÇΓöÇΓöÇΓöÇΓöÇΓöÇΓöÇΓöÇΓöÇΓöÇΓöÇΓöÇΓöÇΓöÇΓöÇΓöÇΓöÇΓöÇΓöÇΓöÇΓöÇΓöÇΓöÇΓöÇΓöÇΓöÇΓöÇΓöÇΓöÇΓöÇΓöÇΓöÇΓöÇΓöÇΓöÇΓöÇΓöÇΓöÇΓöÇΓöÇΓöÇΓöÇΓöÇΓöÇΓöÇΓöÇΓöÇΓöÇΓöÇΓöÇΓöÇΓöÇΓöÇΓöÇΓöÇΓöÇΓöÇΓöÇΓöÇΓöÇΓöÇΓöÇΓöÇΓöÇΓöÇΓöÇΓöÇΓöÇΓöÇΓöÇΓöÇΓöÇΓöÇΓöÇΓöÇΓöÇΓöÇΓöÇΓöÇΓöÇΓöÇΓöÇΓöÇΓöÇΓöÇΓöÇΓöÇΓöÇΓöÇΓöÇΓöÇΓöÇΓöÇΓöÇΓöÇΓö╝ΓöÇΓöÇΓöÇΓöÇΓöÇΓöÇΓöÇΓöÇΓöÇΓöÇΓöÇΓöÇΓöÇΓöÇΓöÇΓöÇΓöÇΓöÇΓöÇΓöÇΓöÇΓöÇΓöÇΓöÇΓöÇΓöÇΓöÇΓöÇΓöÇΓöÇΓöÇΓöñ
Γöé 0       Γöé [32m'Topic Idea Generator'[39m        Γöé [32m'error'[39m                Γöé [32m'generate-topic-ideas'[39m         Γöé FunctionsFetchError: Failed to send a request to the Edge Function
    at [90mC:\Users\Projects\thesis-ai-fresh\[39mnode_modules\[4m.pnpm[24m\@supabase+functions-js@2.86.0\node_modules\[4m@supabase[24m\functions-js\dist\main\FunctionsClient.js:125:27
[90m    at processTicksAndRejections (node:internal/process/task_queues:95:5)[39m {
  context: [36m[TypeError][39m
} Γöé                               Γöé
Γöé 1       Γöé [32m'Research Question Generator'[39m Γöé [32m'error'[39m                Γöé [32m'generate-research-questions'[39m  Γöé FunctionsFetchError: Failed to send a request to the Edge Function
    at [90mC:\Users\Projects\thesis-ai-fresh\[39mnode_modules\[4m.pnpm[24m\@supabase+functions-js@2.86.0\node_modules\[4m@supabase[24m\functions-js\dist\main\FunctionsClient.js:125:27
[90m    at processTicksAndRejections (node:internal/process/task_queues:95:5)[39m {
  context: [36m[TypeError][39m
} Γöé                               Γöé
Γöé 2       Γöé [32m'Outline Generator'[39m           Γöé [32m'error'[39m                Γöé [32m'generate-outline'[39m             Γöé FunctionsFetchError: Failed to send a request to the Edge Function
    at [90mC:\Users\Projects\thesis-ai-fresh\[39mnode_modules\[4m.pnpm[24m\@supabase+functions-js@2.86.0\node_modules\[4m@supabase[24m\functions-js\dist\main\FunctionsClient.js:125:27
[90m    at processTicksAndRejections (node:internal/process/task_queues:95:5)[39m {
  context: [36m[TypeError][39m
} Γöé                               Γöé
Γöé 3       Γöé [32m'Introduction Generator'[39m      Γöé [32m'error'[39m                Γöé [32m'generate-introduction'[39m        Γöé FunctionsFetchError: Failed to send a request to the Edge Function
    at [90mC:\Users\Projects\thesis-ai-fresh\[39mnode_modules\[4m.pnpm[24m\@supabase+functions-js@2.86.0\node_modules\[4m@supabase[24m\functions-js\dist\main\FunctionsClient.js:125:27
[90m    at processTicksAndRejections (node:internal/process/task_queues:95:5)[39m {
  context: [36m[TypeError][39m
} Γöé                               Γöé
Γöé 4       Γöé [32m'Methodology Helper'[39m          Γöé [32m'optional_unavailable'[39m Γöé [32m'generate-methodology'[39m         Γöé                                                                                                                                                                                                                                                                                                                                       Γöé [32m'Optional tool not available'[39m Γöé
Γöé 5       Γöé [32m'Results Helper'[39m              Γöé [32m'optional_unavailable'[39m Γöé [32m'generate-results-section'[39m     Γöé                                                                                                                                                                                                                                                                                                                                       Γöé [32m'Optional tool not available'[39m Γöé
Γöé 6       Γöé [32m'Conclusion Helper'[39m           Γöé [32m'error'[39m                Γöé [32m'generate-conclusion'[39m          Γöé FunctionsFetchError: Failed to send a request to the Edge Function
    at [90mC:\Users\Projects\thesis-ai-fresh\[39mnode_modules\[4m.pnpm[24m\@supabase+functions-js@2.86.0\node_modules\[4m@supabase[24m\functions-js\dist\main\FunctionsClient.js:125:27
[90m    at processTicksAndRejections (node:internal/process/task_queues:95:5)[39m {
  context: [36m[TypeError][39m
} Γöé                               Γöé
Γöé 7       Γöé [32m'Abstract Generator'[39m          Γöé [32m'error'[39m                Γöé [32m'generate-abstract'[39m            Γöé FunctionsFetchError: Failed to send a request to the Edge Function
    at [90mC:\Users\Projects\thesis-ai-fresh\[39mnode_modules\[4m.pnpm[24m\@supabase+functions-js@2.86.0\node_modules\[4m@supabase[24m\functions-js\dist\main\FunctionsClient.js:125:27
[90m    at processTicksAndRejections (node:internal/process/task_queues:95:5)[39m {
  context: [36m[TypeError][39m
} Γöé                               Γöé
Γöé 8       Γöé [32m'Hypothesis Generator'[39m        Γöé [32m'error'[39m                Γöé [32m'generate-hypotheses'[39m          Γöé FunctionsFetchError: Failed to send a request to the Edge Function
    at [90mC:\Users\Projects\thesis-ai-fresh\[39mnode_modules\[4m.pnpm[24m\@supabase+functions-js@2.86.0\node_modules\[4m@supabase[24m\functions-js\dist\main\FunctionsClient.js:125:27
[90m    at processTicksAndRejections (node:internal/process/task_queues:95:5)[39m {
  context: [36m[TypeError][39m
} Γöé                               Γöé
Γöé 9       Γöé [32m'Paraphrasing Tool'[39m           Γöé [32m'error'[39m                Γöé [32m'paraphrase-text'[39m              Γöé FunctionsFetchError: Failed to send a request to the Edge Function
    at [90mC:\Users\Projects\thesis-ai-fresh\[39mnode_modules\[4m.pnpm[24m\@supabase+functions-js@2.86.0\node_modules\[4m@supabase[24m\functions-js\dist\main\FunctionsClient.js:125:27
[90m    at processTicksAndRejections (node:internal/process/task_queues:95:5)[39m {
  context: [36m[TypeError][39m
} Γöé                               Γöé
Γöé 10      Γöé [32m'Text Improvement Tool'[39m       Γöé [32m'error'[39m                Γöé [32m'improve-writing'[39m              Γöé FunctionsFetchError: Failed to send a request to the Edge Function
    at [90mC:\Users\Projects\thesis-ai-fresh\[39mnode_modules\[4m.pnpm[24m\@supabase+functions-js@2.86.0\node_modules\[4m@supabase[24m\functions-js\dist\main\FunctionsClient.js:125:27
[90m    at processTicksAndRejections (node:internal/process/task_queues:95:5)[39m {
  context: [36m[TypeError][39m
} Γöé                               Γöé
Γöé 11      Γöé [32m'Grammar Checker'[39m             Γöé [32m'error'[39m                Γöé [32m'check-grammar'[39m                Γöé FunctionsFetchError: Failed to send a request to the Edge Function
    at [90mC:\Users\Projects\thesis-ai-fresh\[39mnode_modules\[4m.pnpm[24m\@supabase+functions-js@2.86.0\node_modules\[4m@supabase[24m\functions-js\dist\main\FunctionsClient.js:125:27
[90m    at processTicksAndRejections (node:internal/process/task_queues:95:5)[39m {
  context: [36m[TypeError][39m
} Γöé                               Γöé
Γöé 12      Γöé [32m'Summarization Tool'[39m          Γöé [32m'error'[39m                Γöé [32m'summarize-text'[39m               Γöé FunctionsFetchError: Failed to send a request to the Edge Function
    at [90mC:\Users\Projects\thesis-ai-fresh\[39mnode_modules\[4m.pnpm[24m\@supabase+functions-js@2.86.0\node_modules\[4m@supabase[24m\functions-js\dist\main\FunctionsClient.js:125:27
[90m    at processTicksAndRejections (node:internal/process/task_queues:95:5)[39m {
  context: [36m[TypeError][39m
} Γöé                               Γöé
Γöé 13      Γöé [32m'Document Analyzer'[39m           Γöé [32m'optional_unavailable'[39m Γöé [32m'analyze-document'[39m             Γöé                                                                                                                                                                                                                                                                                                                                       Γöé [32m'Optional tool not available'[39m Γöé
Γöé 14      Γöé [32m'Research Article Analyzer'[39m   Γöé [32m'optional_unavailable'[39m Γöé [32m'analyze-article'[39m              Γöé                                                                                                                                                                                                                                                                                                                                       Γöé [32m'Optional tool not available'[39m Γöé
Γöé 15      Γöé [32m'Research Gap Analyzer'[39m       Γöé [32m'error'[39m                Γöé [32m'analyze-research-gaps'[39m        Γöé FunctionsFetchError: Failed to send a request to the Edge Function
    at [90mC:\Users\Projects\thesis-ai-fresh\[39mnode_modules\[4m.pnpm[24m\@supabase+functions-js@2.86.0\node_modules\[4m@supabase[24m\functions-js\dist\main\FunctionsClient.js:125:27
[90m    at processTicksAndRejections (node:internal/process/task_queues:95:5)[39m {
  context: [36m[TypeError][39m
} Γöé                               Γöé
Γöé 16      Γöé [32m'PDF Analyzer'[39m                Γöé [32m'optional_unavailable'[39m Γöé [32m'pdf-analyzer'[39m                 Γöé                                                                                                                                                                                                                                                                                                                                       Γöé [32m'Optional tool not available'[39m Γöé
Γöé 17      Γöé [32m'Originality Checker'[39m         Γöé [32m'error'[39m                Γöé [32m'check-plagiarism'[39m             Γöé FunctionsFetchError: Failed to send a request to the Edge Function
    at [90mC:\Users\Projects\thesis-ai-fresh\[39mnode_modules\[4m.pnpm[24m\@supabase+functions-js@2.86.0\node_modules\[4m@supabase[24m\functions-js\dist\main\FunctionsClient.js:125:27
[90m    at processTicksAndRejections (node:internal/process/task_queues:95:5)[39m {
  context: [36m[TypeError][39m
} Γöé                               Γöé
Γöé 18      Γöé [32m'University Format Checker'[39m   Γöé [32m'optional_unavailable'[39m Γöé [32m'check-format-compliance'[39m      Γöé                                                                                                                                                                                                                                                                                                                                       Γöé [32m'Optional tool not available'[39m Γöé
Γöé 19      Γöé [32m'Literature Synthesizer'[39m      Γöé [32m'optional_unavailable'[39m Γöé [32m'synthesize-literature'[39m        Γöé                                                                                                                                                                                                                                                                                                                                       Γöé [32m'Optional tool not available'[39m Γöé
Γöé 20      Γöé [32m'Google Scholar Search'[39m       Γöé [32m'optional_unavailable'[39m Γöé [32m'search-google-scholar'[39m        Γöé                                                                                                                                                                                                                                                                                                                                       Γöé [32m'Optional tool not available'[39m Γöé
Γöé 21      Γöé [32m'Web Search'[39m                  Γöé [32m'optional_unavailable'[39m Γöé [32m'search-web'[39m                   Γöé                                                                                                                                                                                                                                                                                                                                       Γöé [32m'Optional tool not available'[39m Γöé
Γöé 22      Γöé [32m'Presentation Maker'[39m          Γöé [32m'error'[39m                Γöé [32m'generate-presentation-slides'[39m Γöé FunctionsFetchError: Failed to send a request to the Edge Function
    at [90mC:\Users\Projects\thesis-ai-fresh\[39mnode_modules\[4m.pnpm[24m\@supabase+functions-js@2.86.0\node_modules\[4m@supabase[24m\functions-js\dist\main\FunctionsClient.js:125:27
[90m    at processTicksAndRejections (node:internal/process/task_queues:95:5)[39m {
  context: [36m[TypeError][39m
} Γöé                               Γöé
Γöé 23      Γöé [32m'Q&A Simulator'[39m               Γöé [32m'error'[39m                Γöé [32m'generate-defense-questions'[39m   Γöé FunctionsFetchError: Failed to send a request to the Edge Function
    at [90mC:\Users\Projects\thesis-ai-fresh\[39mnode_modules\[4m.pnpm[24m\@supabase+functions-js@2.86.0\node_modules\[4m@supabase[24m\functions-js\dist\main\FunctionsClient.js:125:27
[90m    at processTicksAndRejections (node:internal/process/task_queues:95:5)[39m {
  context: [36m[TypeError][39m
} Γöé                               Γöé
Γöé 24      Γöé [32m'Flashcard Generator'[39m         Γöé [32m'error'[39m                Γöé [32m'generate-flashcards'[39m          Γöé FunctionsFetchError: Failed to send a request to the Edge Function
    at [90mC:\Users\Projects\thesis-ai-fresh\[39mnode_modules\[4m.pnpm[24m\@supabase+functions-js@2.86.0\node_modules\[4m@supabase[24m\functions-js\dist\main\FunctionsClient.js:125:27
[90m    at processTicksAndRejections (node:internal/process/task_queues:95:5)[39m {
  context: [36m[TypeError][39m
} Γöé                               Γöé
Γöé 25      Γöé [32m'Variable Mapping Tool'[39m       Γöé [32m'optional_unavailable'[39m Γöé [32m'map-variables'[39m                Γöé                                                                                                                                                                                                                                                                                                                                       Γöé [32m'Optional tool not available'[39m Γöé
Γöé 26      Γöé [32m'Statistical Analysis Tool'[39m   Γöé [32m'optional_unavailable'[39m Γöé [32m'run-statistical-analysis'[39m     Γöé                                                                                                                                                                                                                                                                                                                                       Γöé [32m'Optional tool not available'[39m Γöé
Γöé 27      Γöé [32m'Results Interpreter'[39m         Γöé [32m'optional_unavailable'[39m Γöé [32m'interpret-results'[39m            Γöé                                                                                                                                                                                                                                                                                                                                       Γöé [32m'Optional tool not available'[39m Γöé
Γöé 28      Γöé [32m'Feedback Generator'[39m          Γöé [32m'optional_unavailable'[39m Γöé [32m'generate-feedback'[39m            Γöé                                                                                                                                                                                                                                                                                                                                       Γöé [32m'Optional tool not available'[39m Γöé
Γöé 29      Γöé [32m'Title Generator'[39m             Γöé [32m'optional_unavailable'[39m Γöé [32m'generate-titles'[39m              Γöé                                                                                                                                                                                                                                                                                                                                       Γöé [32m'Optional tool not available'[39m Γöé
ΓööΓöÇΓöÇΓöÇΓöÇΓöÇΓöÇΓöÇΓöÇΓöÇΓö┤ΓöÇΓöÇΓöÇΓöÇΓöÇΓöÇΓöÇΓöÇΓöÇΓöÇΓöÇΓöÇΓöÇΓöÇΓöÇΓöÇΓöÇΓöÇΓöÇΓöÇΓöÇΓöÇΓöÇΓöÇΓöÇΓöÇΓöÇΓöÇΓöÇΓöÇΓöÇΓö┤ΓöÇΓöÇΓöÇΓöÇΓöÇΓöÇΓöÇΓöÇΓöÇΓöÇΓöÇΓöÇΓöÇΓöÇΓöÇΓöÇΓöÇΓöÇΓöÇΓöÇΓöÇΓöÇΓöÇΓöÇΓö┤ΓöÇΓöÇΓöÇΓöÇΓöÇΓöÇΓöÇΓöÇΓöÇΓöÇΓöÇΓöÇΓöÇΓöÇΓöÇΓöÇΓöÇΓöÇΓöÇΓöÇΓöÇΓöÇΓöÇΓöÇΓöÇΓöÇΓöÇΓöÇΓöÇΓöÇΓöÇΓöÇΓö┤ΓöÇΓöÇΓöÇΓöÇΓöÇΓöÇΓöÇΓöÇΓöÇΓöÇΓöÇΓöÇΓöÇΓöÇΓöÇΓöÇΓöÇΓöÇΓöÇΓöÇΓöÇΓöÇΓöÇΓöÇΓöÇΓöÇΓöÇΓöÇΓöÇΓöÇΓöÇΓöÇΓöÇΓöÇΓöÇΓöÇΓöÇΓöÇΓöÇΓöÇΓöÇΓöÇΓöÇΓöÇΓöÇΓöÇΓöÇΓöÇΓöÇΓöÇΓöÇΓöÇΓöÇΓöÇΓöÇΓöÇΓöÇΓöÇΓöÇΓöÇΓöÇΓöÇΓöÇΓöÇΓöÇΓöÇΓöÇΓöÇΓöÇΓöÇΓöÇΓöÇΓöÇΓöÇΓöÇΓöÇΓöÇΓöÇΓöÇΓöÇΓöÇΓöÇΓöÇΓöÇΓöÇΓöÇΓöÇΓöÇΓöÇΓöÇΓöÇΓöÇΓöÇΓöÇΓöÇΓöÇΓöÇΓöÇΓöÇΓöÇΓöÇΓöÇΓöÇΓöÇΓöÇΓöÇΓöÇΓöÇΓöÇΓöÇΓöÇΓöÇΓöÇΓöÇΓöÇΓöÇΓöÇΓöÇΓöÇΓöÇΓöÇΓöÇΓöÇΓöÇΓöÇΓöÇΓöÇΓöÇΓöÇΓöÇΓöÇΓöÇΓöÇΓöÇΓöÇΓöÇΓöÇΓöÇΓöÇΓöÇΓöÇΓöÇΓöÇΓöÇΓöÇΓöÇΓöÇΓöÇΓöÇΓöÇΓöÇΓöÇΓöÇΓöÇΓöÇΓöÇΓöÇΓöÇΓöÇΓöÇΓöÇΓöÇΓöÇΓöÇΓöÇΓöÇΓöÇΓöÇΓöÇΓöÇΓöÇΓöÇΓöÇΓöÇΓöÇΓöÇΓöÇΓöÇΓöÇΓöÇΓöÇΓöÇΓöÇΓöÇΓöÇΓöÇΓöÇΓöÇΓöÇΓöÇΓöÇΓöÇΓöÇΓöÇΓöÇΓöÇΓöÇΓöÇΓöÇΓöÇΓöÇΓöÇΓöÇΓöÇΓöÇΓöÇΓöÇΓöÇΓöÇΓöÇΓöÇΓöÇΓöÇΓöÇΓöÇΓöÇΓöÇΓöÇΓöÇΓöÇΓöÇΓöÇΓöÇΓöÇΓöÇΓöÇΓöÇΓöÇΓöÇΓöÇΓöÇΓöÇΓöÇΓöÇΓöÇΓöÇΓöÇΓöÇΓöÇΓöÇΓöÇΓöÇΓöÇΓöÇΓöÇΓöÇΓöÇΓöÇΓöÇΓöÇΓöÇΓöÇΓöÇΓöÇΓöÇΓöÇΓöÇΓöÇΓöÇΓöÇΓöÇΓöÇΓöÇΓöÇΓöÇΓöÇΓöÇΓöÇΓöÇΓöÇΓöÇΓöÇΓöÇΓöÇΓöÇΓöÇΓöÇΓöÇΓöÇΓöÇΓöÇΓöÇΓöÇΓöÇΓöÇΓöÇΓöÇΓöÇΓöÇΓöÇΓöÇΓöÇΓöÇΓöÇΓöÇΓöÇΓöÇΓöÇΓöÇΓöÇΓöÇΓöÇΓöÇΓöÇΓöÇΓöÇΓöÇΓöÇΓöÇΓöÇΓöÇΓöÇΓöÇΓöÇΓöÇΓöÇΓöÇΓöÇΓöÇΓöÇΓöÇΓöÇΓöÇΓöÇΓöÇΓöÇΓöÇΓö┤ΓöÇΓöÇΓöÇΓöÇΓöÇΓöÇΓöÇΓöÇΓöÇΓöÇΓöÇΓöÇΓöÇΓöÇΓöÇΓöÇΓöÇΓöÇΓöÇΓöÇΓöÇΓöÇΓöÇΓöÇΓöÇΓöÇΓöÇΓöÇΓöÇΓöÇΓöÇΓöÿ

[90mstdout[2m | __tests__/integration/student-dashboard-tools.test.ts[2m > [22m[2mStudent Dashboard Tools Integration Tests[2m > [22m[2mDashboard Tool Connectivity Tests[2m > [22m[2mTopic & Idea Generation Tools[2m > [22m[2mshould generate topic ideas when available
[22m[39mTopic Ideas tool not available - skipping

[90mstdout[2m | __tests__/integration/student-dashboard-tools.test.ts[2m > [22m[2mStudent Dashboard Tools Integration Tests[2m > [22m[2mDashboard Tool Connectivity Tests[2m > [22m[2mTopic & Idea Generation Tools[2m > [22m[2mshould generate research questions when available
[22m[39mResearch Questions tool not available - skipping

[90mstdout[2m | __tests__/integration/student-dashboard-tools.test.ts[2m > [22m[2mStudent Dashboard Tools Integration Tests[2m > [22m[2mDashboard Tool Connectivity Tests[2m > [22m[2mWriting Tools[2m > [22m[2mshould generate outlines when available
[22m[39mOutline Generator tool not available - skipping

[90mstdout[2m | __tests__/integration/student-dashboard-tools.test.ts[2m > [22m[2mStudent Dashboard Tools Integration Tests[2m > [22m[2mDashboard Tool Connectivity Tests[2m > [22m[2mWriting Tools[2m > [22m[2mshould improve writing when available
[22m[39mWriting Improvement tool not available - skipping

[90mstdout[2m | __tests__/integration/student-dashboard-tools.test.ts[2m > [22m[2mStudent Dashboard Tools Integration Tests[2m > [22m[2mDashboard Tool Connectivity Tests[2m > [22m[2mWriting Tools[2m > [22m[2mshould paraphrase text when available
[22m[39mParaphrasing tool not available - skipping

[90mstdout[2m | __tests__/integration/student-dashboard-tools.test.ts[2m > [22m[2mStudent Dashboard Tools Integration Tests[2m > [22m[2mDashboard Tool Connectivity Tests[2m > [22m[2mAnalysis Tools[2m > [22m[2mshould check document originality when available
[22m[39mOriginality Checker tool not available - skipping

[90mstdout[2m | __tests__/integration/student-dashboard-tools.test.ts[2m > [22m[2mStudent Dashboard Tools Integration Tests[2m > [22m[2mDashboard Tool Connectivity Tests[2m > [22m[2mAnalysis Tools[2m > [22m[2mshould analyze documents when available
[22m[39mDocument Analyzer tool not available - skipping

[90mstdout[2m | __tests__/integration/student-dashboard-tools.test.ts[2m > [22m[2mStudent Dashboard Tools Integration Tests[2m > [22m[2mDashboard Tool Connectivity Tests[2m > [22m[2mPresentation & Defense Tools[2m > [22m[2mshould generate presentation slides when available
[22m[39mPresentation Maker tool not available - skipping

[90mstdout[2m | __tests__/integration/student-dashboard-tools.test.ts[2m > [22m[2mStudent Dashboard Tools Integration Tests[2m > [22m[2mDashboard Tool Connectivity Tests[2m > [22m[2mPresentation & Defense Tools[2m > [22m[2mshould generate defense questions when available
[22m[39mQ&A Simulator tool not available - skipping

[90mstdout[2m | __tests__/integration/student-dashboard-tools.test.ts[2m > [22m[2mStudent Dashboard Tools Integration Tests[2m > [22m[2mTool Fallback & Error Handling[2m > [22m[2mshould implement retry logic for transient failures
[22m[39mTool unavailable after retries: [90mundefined[39m

[90mstdout[2m | __tests__/integration/student-dashboard-tools.test.ts[2m > [22m[2mStudent Dashboard Tools Integration Tests[2m > [22m[2mTool Performance Metrics[2m > [22m[2mshould measure tool response times
[22m[39m
=== TOOL PERFORMANCE METRICS ===
ΓöîΓöÇΓöÇΓöÇΓöÇΓöÇΓöÇΓöÇΓöÇΓöÇΓö¼ΓöÇΓöÇΓöÇΓöÇΓöÇΓöÇΓöÇΓöÇΓöÇΓöÇΓöÇΓöÇΓöÇΓöÇΓöÇΓöÇΓöÇΓöÇΓöÇΓöÇΓöÇΓöÇΓöÇΓöÇΓöÇΓöÇΓöÇΓöÇΓöÇΓöÇΓöÇΓö¼ΓöÇΓöÇΓöÇΓöÇΓöÇΓöÇΓöÇΓöÇΓöÇΓöÇΓöÇΓöÇΓöÇΓöÇΓöÉ
Γöé (index) Γöé tool                          Γöé responseTime Γöé
Γö£ΓöÇΓöÇΓöÇΓöÇΓöÇΓöÇΓöÇΓöÇΓöÇΓö╝ΓöÇΓöÇΓöÇΓöÇΓöÇΓöÇΓöÇΓöÇΓöÇΓöÇΓöÇΓöÇΓöÇΓöÇΓöÇΓöÇΓöÇΓöÇΓöÇΓöÇΓöÇΓöÇΓöÇΓöÇΓöÇΓöÇΓöÇΓöÇΓöÇΓöÇΓöÇΓö╝ΓöÇΓöÇΓöÇΓöÇΓöÇΓöÇΓöÇΓöÇΓöÇΓöÇΓöÇΓöÇΓöÇΓöÇΓöñ
Γöé 0       Γöé [32m'Topic Idea Generator'[39m        Γöé [32m'7ms'[39m        Γöé
Γöé 1       Γöé [32m'Research Question Generator'[39m Γöé [32m'8ms'[39m        Γöé
Γöé 2       Γöé [32m'Outline Generator'[39m           Γöé [32m'6ms'[39m        Γöé
Γöé 3       Γöé [32m'Introduction Generator'[39m      Γöé [32m'6ms'[39m        Γöé
Γöé 4       Γöé [32m'Methodology Helper'[39m          Γöé [32m'5ms'[39m        Γöé
ΓööΓöÇΓöÇΓöÇΓöÇΓöÇΓöÇΓöÇΓöÇΓöÇΓö┤ΓöÇΓöÇΓöÇΓöÇΓöÇΓöÇΓöÇΓöÇΓöÇΓöÇΓöÇΓöÇΓöÇΓöÇΓöÇΓöÇΓöÇΓöÇΓöÇΓöÇΓöÇΓöÇΓöÇΓöÇΓöÇΓöÇΓöÇΓöÇΓöÇΓöÇΓöÇΓö┤ΓöÇΓöÇΓöÇΓöÇΓöÇΓöÇΓöÇΓöÇΓöÇΓöÇΓöÇΓöÇΓöÇΓöÇΓöÿ

[90mstdout[2m | __tests__/integration/student-dashboard-tools.test.ts[2m > [22m[2mStudent Dashboard Tools Integration Tests
[22m[39m
=== TEST SUMMARY ===
Available Tools: 0
Test suite completed

 [32mΓ£ô[39m __tests__/integration/student-dashboard-tools.test.ts [2m([22m[2m15 tests[22m[2m)[22m[33m 713[2mms[22m[39m
       [33m[2mΓ£ô[22m[39m should test all dashboard tools for connectivity [33m 594[2mms[22m[39m
 [31mΓ¥»[39m src/__tests__/pdf-to-content-generation.test.tsx [2m([22m[2m14 tests[22m[2m | [22m[31m13 failed[39m[2m)[22m[33m 8044[2mms[22m[39m
     [33m[2mΓ£ô[22m[39m renders the main components correctly [33m 848[2mms[22m[39m
[31m     [31m├ù[31m allows PDF upload and processes the files[39m[33m 386[2mms[22m[39m
[31m     [31m├ù[31m allows collection creation[39m[33m 2314[2mms[22m[39m
[31m     [31m├ù[31m allows paper selection for content generation[39m[32m 292[2mms[22m[39m
[31m     [31m├ù[31m generates content when generate button is clicked[39m[33m 329[2mms[22m[39m
[31m     [31m├ù[31m allows content regeneration[39m[32m 285[2mms[22m[39m
[31m     [31m├ù[31m displays citations in the specified style[39m[33m 316[2mms[22m[39m
[31m     [31m├ù[31m allows changing content type and length[39m[33m 413[2mms[22m[39m
[31m     [31m├ù[31m shows error when no papers are selected for generation[39m[33m 1528[2mms[22m[39m
[31m     [31m├ù[31m handles PDF processing errors gracefully[39m[32m 254[2mms[22m[39m
[31m     [31m├ù[31m handles content generation errors gracefully[39m[32m 281[2mms[22m[39m
[31m     [31m├ù[31m allows copying generated content to clipboard[39m[32m 259[2mms[22m[39m
[31m     [31m├ù[31m completes the full workflow: upload -> organize -> generate -> cite[39m[32m 269[2mms[22m[39m
[31m     [31m├ù[31m handles multiple PDFs in the generation process[39m[32m 262[2mms[22m[39m
 [31mΓ¥»[39m __tests__/dashboard/data-source-manager.test.ts [2m([22m[2m36 tests[22m[2m | [22m[31m36 failed[39m[2m)[22m[32m 52[2mms[22m[39m
[31m     [31m├ù[31m should initialize with default configurations[39m[32m 13[2mms[22m[39m
[31m     [31m├ù[31m should have default cache TTL of 5 minutes[39m[32m 1[2mms[22m[39m
[31m     [31m├ù[31m should initialize empty cache[39m[32m 1[2mms[22m[39m
[31m     [31m├ù[31m should have all widgets configured[39m[32m 1[2mms[22m[39m
[31m     [31m├ù[31m should use cache-first strategy by default[39m[32m 1[2mms[22m[39m
[31m     [31m├ù[31m should respect TTL expiration[39m[32m 1[2mms[22m[39m
[31m     [31m├ù[31m should support network-first strategy[39m[32m 1[2mms[22m[39m
[31m     [31m├ù[31m should support network-only strategy[39m[32m 1[2mms[22m[39m
[31m     [31m├ù[31m should support cache-only strategy[39m[32m 1[2mms[22m[39m
[31m     [31m├ù[31m should return mock data on cache-only miss[39m[32m 1[2mms[22m[39m
[31m     [31m├ù[31m should fetch single widget data[39m[32m 1[2mms[22m[39m
[31m     [31m├ù[31m should fetch multiple widgets in batch[39m[32m 1[2mms[22m[39m
[31m     [31m├ù[31m should handle API errors gracefully[39m[32m 1[2mms[22m[39m
[31m     [31m├ù[31m should handle network timeouts[39m[32m 1[2mms[22m[39m
[31m     [31m├ù[31m should validate fetched data[39m[32m 1[2mms[22m[39m
[31m     [31m├ù[31m should handle invalid data gracefully[39m[32m 1[2mms[22m[39m
[31m     [31m├ù[31m should set loading state during fetch[39m[32m 1[2mms[22m[39m
[31m     [31m├ù[31m should return mock data on fetch error[39m[32m 1[2mms[22m[39m
[31m     [31m├ù[31m should handle 401 unauthorized errors[39m[32m 1[2mms[22m[39m
[31m     [31m├ù[31m should handle 500 server errors[39m[32m 1[2mms[22m[39m
[31m     [31m├ù[31m should provide error context[39m[32m 4[2mms[22m[39m
[31m     [31m├ù[31m should subscribe to widget data updates[39m[32m 1[2mms[22m[39m
[31m     [31m├ù[31m should allow multiple subscribers[39m[32m 1[2mms[22m[39m
[31m     [31m├ù[31m should unsubscribe from updates[39m[32m 1[2mms[22m[39m
[31m     [31m├ù[31m should handle subscriber errors gracefully[39m[32m 1[2mms[22m[39m
[31m     [31m├ù[31m should provide fallback data for research-progress[39m[32m 1[2mms[22m[39m
[31m     [31m├ù[31m should provide fallback data for quick-stats[39m[32m 1[2mms[22m[39m
[31m     [31m├ù[31m should provide fallback data for recent-papers[39m[32m 1[2mms[22m[39m
[31m     [31m├ù[31m should validate fallback data[39m[32m 1[2mms[22m[39m
[31m     [31m├ù[31m should work for all registered widgets[39m[32m 1[2mms[22m[39m
[31m     [31m├ù[31m should allow per-fetch configuration override[39m[32m 1[2mms[22m[39m
[31m     [31m├ù[31m should merge custom config with defaults[39m[32m 1[2mms[22m[39m
[31m     [31m├ù[31m should return proper WidgetData structure[39m[32m 1[2mms[22m[39m
[31m     [31m├ù[31m should include validation errors in response[39m[32m 1[2mms[22m[39m
[31m     [31m├ù[31m should cache results to avoid repeated API calls[39m[32m 1[2mms[22m[39m
[31m     [31m├ù[31m should handle concurrent fetches efficiently[39m[32m 1[2mms[22m[39m
 [2m[90mΓåô[39m[22m __tests__/integration/comprehensive-ai.test.ts [2m([22m[2m15 tests[22m[2m | [22m[33m15 skipped[39m[2m)[22m
 [31mΓ¥»[39m src/__tests__/zotero-mendeley-integration.test.ts [2m([22m[2m26 tests[22m[2m | [22m[31m2 failed[39m[2m)[22m[32m 55[2mms[22m[39m
       [32mΓ£ô[39m should generate a valid APA citation for Zotero items[32m 4[2mms[22m[39m
[31m       [31m├ù[31m should generate a valid MLA citation for Zotero items[39m[32m 20[2mms[22m[39m
[31m       [31m├ù[31m should generate a valid Chicago citation for Zotero items[39m[32m 6[2mms[22m[39m
       [32mΓ£ô[39m should generate a valid APA citation for Mendeley documents[32m 1[2mms[22m[39m
       [32mΓ£ô[39m should fall back to APA format for unrecognized citation style[32m 1[2mms[22m[39m
       [32mΓ£ô[39m should convert Zotero items to ThesisAI citations[32m 4[2mms[22m[39m
       [32mΓ£ô[39m should allow custom citation style[32m 1[2mms[22m[39m
       [32mΓ£ô[39m should convert Mendeley documents to ThesisAI citations[32m 2[2mms[22m[39m
       [32mΓ£ô[39m should map Zotero item types correctly[32m 1[2mms[22m[39m
       [32mΓ£ô[39m should map Mendeley document types correctly[32m 1[2mms[22m[39m
       [32mΓ£ô[39m should normalize creators properly[32m 2[2mms[22m[39m
       [32mΓ£ô[39m should extract tags from Zotero items[32m 1[2mms[22m[39m
       [32mΓ£ô[39m should extract keywords from Mendeley documents[32m 1[2mms[22m[39m
       [32mΓ£ô[39m should format dates correctly[32m 1[2mms[22m[39m
       [32mΓ£ô[39m should handle Zotero items without creators[32m 3[2mms[22m[39m
       [32mΓ£ô[39m should handle Zotero items with single author[32m 1[2mms[22m[39m
       [32mΓ£ô[39m should handle Zotero items with many authors[32m 0[2mms[22m[39m
       [32mΓ£ô[39m should handle missing DOI or URL[32m 0[2mms[22m[39m
     [32mΓ£ô[39m should process a complete Zotero import workflow[32m 0[2mms[22m[39m
     [32mΓ£ô[39m should process a complete Mendeley import workflow[32m 0[2mms[22m[39m
     [32mΓ£ô[39m should handle API errors gracefully[32m 0[2mms[22m[39m
     [32mΓ£ô[39m should maintain data integrity during import[32m 0[2mms[22m[39m
     [32mΓ£ô[39m should render the Zotero import modal correctly[32m 0[2mms[22m[39m
     [32mΓ£ô[39m should handle user API key input validation[32m 0[2mms[22m[39m
     [32mΓ£ô[39m should display library selection after successful verification[32m 0[2mms[22m[39m
     [32mΓ£ô[39m should track import progress accurately[32m 0[2mms[22m[39m
 [31mΓ¥»[39m src/__tests__/ai-tools-integration.test.tsx [2m([22m[2m14 tests[22m[2m | [22m[31m14 failed[39m[2m)[22m[33m 6543[2mms[22m[39m
[31m       [31m├ù[31m should render AI tools when Puter SDK is available and user is authenticated[39m[32m 15[2mms[22m[39m
[31m       [31m├ù[31m should prompt for authentication when user is not authenticated[39m[32m 4[2mms[22m[39m
[31m       [31m├ù[31m should call improve-text with Puter AI SDK when authenticated[39m[32m 5[2mms[22m[39m
[31m       [31m├ù[31m should call improve-writing API with Supabase auth[39m[32m 47[2mms[22m[39m
[31m       [31m├ù[31m should call summarize-text API with Supabase auth[39m[32m 6[2mms[22m[39m
[31m       [31m├ù[31m should call improve-writing API via callAIFunction with Supabase auth[39m[33m 1645[2mms[22m[39m
[31m       [31m├ù[31m should call summarize-text API via callAIFunction with Supabase auth[39m[33m 1148[2mms[22m[39m
[31m       [31m├ù[31m should call paraphrase-text API via callAIFunction with Supabase auth[39m[33m 1129[2mms[22m[39m
[31m       [31m├ù[31m should call paraphrase-text API with Puter auth token[39m[32m 126[2mms[22m[39m
[31m       [31m├ù[31m should show an error and have a disabled button if Puter token is missing[39m[32m 93[2mms[22m[39m
[31m       [31m├ù[31m should call improve-writing via supabase.functions.invoke[39m[33m 1141[2mms[22m[39m
[31m       [31m├ù[31m should call summarize-text via supabase.functions.invoke[39m[33m 1111[2mms[22m[39m
[31m       [31m├ù[31m should verify that Editor component requires Puter auth[39m[32m 62[2mms[22m[39m
[31m       [31m├ù[31m should verify that other components require Supabase auth[39m[32m 4[2mms[22m[39m
 [32mΓ£ô[39m src/__tests__/puter-ai-tools.component.test.tsx [2m([22m[2m20 tests[22m[2m)[22m[32m 27[2mms[22m[39m
[90mstderr[2m | src/__tests__/puter-ai-tools-migration.test.ts[2m > [22m[2mComponent 2 Migration - 
PuterAITools[2m > [22m[2mFacade Integration[2m > [22m[2mshould return proper AIToolResponse structure
[22m[39m[OpenRouter] API error: [33m401[39m { error: { message: [32m'User not found.'[39m, code: [33m401[39m 
} }

[90mstderr[2m | src/__tests__/puter-ai-tools-migration.test.ts[2m > [22m[2mComponent 2 Migration - 
PuterAITools[2m > [22m[2mTool Configuration[2m > [22m[2mshould handle improve-writing tool config
[22m[39m[OpenRouter] API error: [33m401[39m { error: { message: [32m'User not found.'[39m, code: [33m401[39m 
} }

[90mstderr[2m | src/__tests__/puter-ai-tools-migration.test.ts[2m > [22m[2mComponent 2 Migration - 
PuterAITools[2m > [22m[2mTool Configuration[2m > [22m[2mshould handle summarize-text tool config
[22m[39m[OpenRouter] API error: [33m401[39m { error: { message: [32m'User not found.'[39m, code: [33m401[39m 
} }

[90mstderr[2m | src/__tests__/novel-editor-ai-integration.test.ts[2m > [22m[2mNovel Editor AI Integration[2m > 
[22m[2mPuter AI Wrapper[2m > [22m[2mshould retry on timeout errors
[22m[39mPuter AI request timed out (attempt 1/3), retrying...

[90mstderr[2m | src/__tests__/puter-ai-tools-migration.test.ts[2m > [22m[2mComponent 2 Migration - 
PuterAITools[2m > [22m[2mTool Configuration[2m > [22m[2mshould handle paraphrase-text tool config
[22m[39m[OpenRouter] API error: [33m401[39m { error: { message: [32m'User not found.'[39m, code: [33m401[39m 
} }

[90mstdout[2m | src/__tests__/novel-editor-component.test.tsx[2m > [22m[2mNovel Editor Component[2m > [22m[2mLogging and Debugging[2m > [22m[2mshould log AI command execution
[22m[39mStarting introduction generation...
Calling Puter AI with prompt...

[90mstderr[2m | src/__tests__/novel-editor-component.test.tsx[2m > [22m[2mNovel Editor Component[2m > 
[22m[2mLogging and Debugging[2m > [22m[2mshould log errors with detailed messages
[22m[39mError generating introduction: Failed to generate introduction: Network error

 [32mΓ£ô[39m src/__tests__/novel-editor-component.test.tsx [2m([22m[2m24 tests[22m[2m)[22m[32m 44[2mms[22m[39m
[90mstderr[2m | src/__tests__/novel-editor-ai-integration.test.ts[2m > [22m[2mNovel Editor AI Integration[2m > 
[22m[2mPuter AI Wrapper[2m > [22m[2mshould throw error after max retries exceeded
[22m[39mPuter AI request timed out (attempt 1/2), retrying...

[90mstderr[2m | src/__tests__/puter-ai-tools-migration.test.ts[2m > [22m[2mComponent 2 Migration - 
PuterAITools[2m > [22m[2mResponse Data Extraction (Component Logic)[2m > [22m[2mshould extract improved text 
from response for improve-writing
[22m[39m[OpenRouter] API error: [33m401[39m { error: { message: [32m'User not found.'[39m, code: [33m401[39m 
} }

[90mstderr[2m | src/__tests__/puter-ai-tools-migration.test.ts[2m > [22m[2mComponent 2 Migration - 
PuterAITools[2m > [22m[2mResponse Data Extraction (Component Logic)[2m > [22m[2mshould extract summary from 
response for summarize-text
[22m[39m[OpenRouter] API error: [33m401[39m { error: { message: [32m'User not found.'[39m, code: [33m401[39m 
} }

[90mstderr[2m | src/__tests__/puter-ai-tools-migration.test.ts[2m > [22m[2mComponent 2 Migration - 
PuterAITools[2m > [22m[2mResponse Data Extraction (Component Logic)[2m > [22m[2mshould extract paraphrased text 
from response for paraphrase-text
[22m[39m[OpenRouter] API error: [33m401[39m { error: { message: [32m'User not found.'[39m, code: [33m401[39m 
} }

 [32mΓ£ô[39m src/__tests__/novel-editor-ai-integration.test.ts [2m([22m[2m21 tests[22m[2m)[22m[33m 2076[2mms[22m[39m
       [33m[2mΓ£ô[22m[39m should retry on timeout errors [33m 1014[2mms[22m[39m
       [33m[2mΓ£ô[22m[39m should throw error after max retries exceeded [33m 1021[2mms[22m[39m
[90mstderr[2m | src/__tests__/puter-ai-tools-migration.test.ts[2m > [22m[2mComponent 2 Migration - 
PuterAITools[2m > [22m[2mError Handling (Migration Pattern)[2m > [22m[2mshould provide error message in 
response on failure
[22m[39m[OpenRouter] API error: [33m401[39m { error: { message: [32m'User not found.'[39m, code: [33m401[39m 
} }

[90mstderr[2m | src/__tests__/puter-ai-tools-migration.test.ts[2m > [22m[2mComponent 2 Migration - 
PuterAITools[2m > [22m[2mMetrics and Caching[2m > [22m[2mshould track metrics for calls
[22m[39m[OpenRouter] API error: [33m401[39m { error: { message: [32m'User not found.'[39m, code: [33m401[39m 
} }

[90mstderr[2m | src/__tests__/puter-ai-tools-migration.test.ts[2m > [22m[2mComponent 2 Migration - 
PuterAITools[2m > [22m[2mMetrics and Caching[2m > [22m[2mshould cache responses with same input
[22m[39m[OpenRouter] API error: [33m401[39m { error: { message: [32m'User not found.'[39m, code: [33m401[39m 
} }

[90mstderr[2m | src/__tests__/puter-ai-tools-migration.test.ts[2m > [22m[2mComponent 2 Migration - 
PuterAITools[2m > [22m[2mBatch Operations (Bonus)[2m > [22m[2mshould support batch calls
[22m[39m[OpenRouter] API error: [33m401[39m { error: { message: [32m'User not found.'[39m, code: [33m401[39m 
} }

[90mstderr[2m | src/__tests__/puter-ai-tools-migration.test.ts[2m > [22m[2mComponent 2 Migration - 
PuterAITools[2m > [22m[2mBatch Operations (Bonus)[2m > [22m[2mshould support batch calls
[22m[39m[OpenRouter] API error: [33m401[39m { error: { message: [32m'User not found.'[39m, code: [33m401[39m 
} }

[90mstderr[2m | src/__tests__/puter-ai-tools-migration.test.ts[2m > [22m[2mComponent 2 Migration - 
PuterAITools[2m > [22m[2mBatch Operations (Bonus)[2m > [22m[2mshould support batch calls
[22m[39m[OpenRouter] API error: [33m401[39m { error: { message: [32m'User not found.'[39m, code: [33m401[39m 
} }

 [32mΓ£ô[39m src/__tests__/novel-sh-integration.test.ts [2m([22m[2m74 tests[22m[2m)[22m[32m 43[2mms[22m[39m
[90mstderr[2m | src/__tests__/puter-ai-tools-migration.test.ts[2m > [22m[2mComponent 2 Migration - 
PuterAITools[2m > [22m[2mMigration Validation[2m > [22m[2mshould support all handler scenarios from original 
component
[22m[39m[OpenRouter] API error: [33m401[39m { error: { message: [32m'User not found.'[39m, code: [33m401[39m 
} }

[90mstderr[2m | src/__tests__/puter-ai-tools-migration.test.ts[2m > [22m[2mComponent 2 Migration - 
PuterAITools[2m > [22m[2mMigration Validation[2m > [22m[2mshould support all handler scenarios from original 
component
[22m[39m[OpenRouter] API error: [33m401[39m { error: { message: [32m'User not found.'[39m, code: [33m401[39m 
} }

[90mstderr[2m | src/__tests__/puter-ai-tools-migration.test.ts[2m > [22m[2mComponent 2 Migration - 
PuterAITools[2m > [22m[2mMigration Validation[2m > [22m[2mshould support all handler scenarios from original 
component
[22m[39m[OpenRouter] API error: [33m401[39m { error: { message: [32m'User not found.'[39m, code: [33m401[39m 
} }

[90mstderr[2m | src/__tests__/puter-ai-tools-migration.test.ts[2m > [22m[2mComponent 2 Migration - 
PuterAITools[2m > [22m[2mMigration Validation[2m > [22m[2mshould handle empty/invalid input gracefully
[22m[39m[OpenRouter] API error: [33m401[39m { error: { message: [32m'User not found.'[39m, code: [33m401[39m 
} }

[90mstderr[2m | src/__tests__/puter-ai-tools-migration.test.ts[2m > [22m[2mComponent 2 Migration - 
PuterAITools[2m > [22m[2mMigration Validation[2m > [22m[2mshould maintain backward compatibility with response 
structure
[22m[39m[OpenRouter] API error: [33m401[39m { error: { message: [32m'User not found.'[39m, code: [33m401[39m 
} }

[90mstderr[2m | src/__tests__/puter-ai-tools-migration.test.ts[2m > [22m[2mComponent 2 Migration - 
PuterAITools[2m > [22m[2mConfiguration Consistency[2m > [22m[2mshould use correct timeout for all operations
[22m[39m[OpenRouter] API error: [33m401[39m { error: { message: [32m'User not found.'[39m, code: [33m401[39m 
} }

[90mstderr[2m | src/__tests__/puter-ai-tools-migration.test.ts[2m > [22m[2mComponent 2 Migration - 
PuterAITools[2m > [22m[2mConfiguration Consistency[2m > [22m[2mshould use correct timeout for all operations
[22m[39m[OpenRouter] API error: [33m401[39m { error: { message: [32m'User not found.'[39m, code: [33m401[39m 
} }

[90mstderr[2m | src/__tests__/puter-ai-tools-migration.test.ts[2m > [22m[2mComponent 2 Migration - 
PuterAITools[2m > [22m[2mConfiguration Consistency[2m > [22m[2mshould use correct timeout for all operations
[22m[39m[OpenRouter] API error: [33m401[39m { error: { message: [32m'User not found.'[39m, code: [33m401[39m 
} }

[90mstderr[2m | src/__tests__/puter-ai-tools-migration.test.ts[2m > [22m[2mComponent 2 Migration - 
PuterAITools[2m > [22m[2mConfiguration Consistency[2m > [22m[2mshould handle retries configuration
[22m[39m[OpenRouter] API error: [33m401[39m { error: { message: [32m'User not found.'[39m, code: [33m401[39m 
} }

 [32mΓ£ô[39m src/__tests__/puter-ai-tools-migration.test.ts [2m([22m[2m20 tests[22m[2m)[22m[33m 9625[2mms[22m[39m
       [33m[2mΓ£ô[22m[39m should return proper AIToolResponse structure [33m 1325[2mms[22m[39m
       [33m[2mΓ£ô[22m[39m should handle improve-writing tool config [33m 416[2mms[22m[39m
       [33m[2mΓ£ô[22m[39m should handle summarize-text tool config [33m 717[2mms[22m[39m
       [33m[2mΓ£ô[22m[39m should handle paraphrase-text tool config [33m 721[2mms[22m[39m
       [33m[2mΓ£ô[22m[39m should extract improved text from response for improve-writing [33m 718[2mms[22m[39m
       [33m[2mΓ£ô[22m[39m should provide error message in response on failure [33m 749[2mms[22m[39m
       [33m[2mΓ£ô[22m[39m should track metrics for calls [33m 700[2mms[22m[39m
       [33m[2mΓ£ô[22m[39m should support batch calls [33m 414[2mms[22m[39m
       [33m[2mΓ£ô[22m[39m should support all handler scenarios from original component [33m 1405[2mms[22m[39m
       [33m[2mΓ£ô[22m[39m should use correct timeout for all operations [33m 1145[2mms[22m[39m
[90mstderr[2m | __tests__/dashboard/widget-schemas.test.ts[2m > [22m[2mWidget Schemas - Schema Registration[2m 
> [22m[2mshould return fallback schema for unknown widget
[22m[39mNo schema found for widget: unknown-widget

 [31mΓ¥»[39m __tests__/dashboard/widget-schemas.test.ts [2m([22m[2m47 tests[22m[2m | [22m[31m1 failed[39m[2m)[22m[32m 81[2mms[22m[39m
     [32mΓ£ô[39m should have all expected schemas registered[32m 5[2mms[22m[39m
     [32mΓ£ô[39m should retrieve schema for valid widget[32m 1[2mms[22m[39m
     [32mΓ£ô[39m should return fallback schema for unknown widget[32m 3[2mms[22m[39m
     [32mΓ£ô[39m should validate valid research progress data[32m 4[2mms[22m[39m
     [32mΓ£ô[39m should validate partial research progress data with defaults[32m 1[2mms[22m[39m
     [32mΓ£ô[39m should reject invalid researchAccuracy value[32m 2[2mms[22m[39m
     [32mΓ£ô[39m should reject invalid period enum[32m 1[2mms[22m[39m
     [32mΓ£ô[39m should validate valid stats data[32m 1[2mms[22m[39m
     [32mΓ£ô[39m should validate stats with stat cards[32m 3[2mms[22m[39m
     [32mΓ£ô[39m should allow numeric or string values in stats[32m 1[2mms[22m[39m
     [32mΓ£ô[39m should validate recent papers data with complete fields[32m 1[2mms[22m[39m
     [32mΓ£ô[39m should validate papers with minimal required fields[32m 1[2mms[22m[39m
     [32mΓ£ô[39m should reject invalid paper status[32m 1[2mms[22m[39m
     [32mΓ£ô[39m should reject invalid URL format[32m 1[2mms[22m[39m
     [32mΓ£ô[39m should validate writing goals data[32m 1[2mms[22m[39m
     [32mΓ£ô[39m should validate goals with progress constraints[32m 1[2mms[22m[39m
     [32mΓ£ô[39m should reject invalid goal status[32m 1[2mms[22m[39m
     [32mΓ£ô[39m should reject progress outside 0-100 range[32m 1[2mms[22m[39m
     [32mΓ£ô[39m should validate collaboration data[32m 1[2mms[22m[39m
     [32mΓ£ô[39m should validate team members with all optional fields[32m 1[2mms[22m[39m
     [32mΓ£ô[39m should reject invalid email format[32m 1[2mms[22m[39m
     [32mΓ£ô[39m should validate calendar events[32m 1[2mms[22m[39m
     [32mΓ£ô[39m should validate event with optional time fields[32m 1[2mms[22m[39m
     [32mΓ£ô[39m should reject invalid event type[32m 1[2mms[22m[39m
     [32mΓ£ô[39m should validate trends data[32m 1[2mms[22m[39m
     [32mΓ£ô[39m should validate with trend percentage[32m 0[2mms[22m[39m
     [32mΓ£ô[39m should reject invalid timeRange[32m 1[2mms[22m[39m
     [32mΓ£ô[39m should validate notes data[32m 1[2mms[22m[39m
     [32mΓ£ô[39m should validate notes with all optional fields[32m 1[2mms[22m[39m
     [32mΓ£ô[39m should validate citations data[32m 1[2mms[22m[39m
     [32mΓ£ô[39m should validate citations with examples[32m 0[2mms[22m[39m
     [32mΓ£ô[39m should validate suggestions data[32m 1[2mms[22m[39m
     [32mΓ£ô[39m should validate suggestion relevance constraints[32m 1[2mms[22m[39m
     [32mΓ£ô[39m should reject relevance outside 0-100[32m 1[2mms[22m[39m
     [32mΓ£ô[39m should validate time tracker data[32m 1[2mms[22m[39m
     [32mΓ£ô[39m should validate categories with percentage constraints[32m 1[2mms[22m[39m
     [32mΓ£ô[39m should reject percentage outside 0-100[32m 1[2mms[22m[39m
     [32mΓ£ô[39m should validate custom widget data[32m 0[2mms[22m[39m
     [32mΓ£ô[39m should validate custom widget with all fields[32m 1[2mms[22m[39m
     [32mΓ£ô[39m should generate mock data for all registered widgets[32m 3[2mms[22m[39m
     [32mΓ£ô[39m should generate valid mock data for research-progress[32m 2[2mms[22m[39m
     [32mΓ£ô[39m should generate valid mock data for quick-stats[32m 1[2mms[22m[39m
[31m     [31m├ù[31m should generate valid mock data for recent-papers[39m[32m 21[2mms[22m[39m
     [32mΓ£ô[39m should generate valid mock data for writing-goals[32m 0[2mms[22m[39m
     [32mΓ£ô[39m should return empty object for unknown widget[32m 1[2mms[22m[39m
     [32mΓ£ô[39m should provide helpful error messages for invalid data[32m 3[2mms[22m[39m
     [32mΓ£ô[39m should describe path to invalid field[32m 1[2mms[22m[39m
 [31mΓ¥»[39m src/__tests__/whats-next-card.test.tsx [2m([22m[2m26 tests[22m[2m | [22m[31m2 failed[39m[2m)[22m[33m 723[2mms[22m[39m
       [32mΓ£ô[39m should render null when nextAction is null[32m 37[2mms[22m[39m
[31m       [31m├ù[31m should render skeleton when loading[39m[32m 77[2mms[22m[39m
       [32mΓ£ô[39m should render action card with title and detail[32m 82[2mms[22m[39m
       [32mΓ£ô[39m should apply normal urgency styling (blue)[32m 21[2mms[22m[39m
       [32mΓ£ô[39m should apply high urgency styling (amber)[32m 19[2mms[22m[39m
       [32mΓ£ô[39m should apply critical urgency styling (red)[32m 16[2mms[22m[39m
       [32mΓ£ô[39m should show URGENT badge for critical urgency[32m 14[2mms[22m[39m
       [32mΓ£ô[39m should not show URGENT badge for non-critical urgency[32m 19[2mms[22m[39m
       [32mΓ£ô[39m should render progress bar for chapter work with completion_percentage[32m 47[2mms[22m[39m
       [32mΓ£ô[39m should not render progress bar when completion_percentage is undefined[32m 11[2mms[22m[39m
       [32mΓ£ô[39m should render progress bar with 0%[32m 48[2mms[22m[39m
       [32mΓ£ô[39m should render progress bar with 100%[32m 20[2mms[22m[39m
       [32mΓ£ô[39m should use blue progress bar for normal urgency[32m 36[2mms[22m[39m
       [32mΓ£ô[39m should use amber progress bar for high urgency[32m 17[2mms[22m[39m
       [32mΓ£ô[39m should use red progress bar for critical urgency[32m 15[2mms[22m[39m
       [32mΓ£ô[39m should render Start Now button[32m 16[2mms[22m[39m
       [32mΓ£ô[39m should have correct href in button link[32m 11[2mms[22m[39m
       [32mΓ£ô[39m should render icon from action[32m 9[2mms[22m[39m
       [32mΓ£ô[39m should show alert icon with URGENT badge[32m 17[2mms[22m[39m
       [32mΓ£ô[39m should handle chapter_continuation type[32m 12[2mms[22m[39m
       [32mΓ£ô[39m should handle feedback type[32m 9[2mms[22m[39m
       [32mΓ£ô[39m should handle milestone type[32m 39[2mms[22m[39m
       [32mΓ£ô[39m should handle task type[32m 8[2mms[22m[39m
       [32mΓ£ô[39m should handle very long title[32m 11[2mms[22m[39m
[31m       [31m├ù[31m should handle very long detail text[39m[32m 36[2mms[22m[39m
       [32mΓ£ô[39m should handle completion_percentage boundaries[32m 69[2mms[22m[39m
 [31mΓ¥»[39m src/__tests__/thesis-structure-navigator.test.tsx [2m([22m[2m27 tests[22m[2m | [22m[31m20 failed[39m[2m)[22m[33m 5854[2mms[22m[39m
[31m     [31m├ù[31m successfully loads and displays the thesis structure navigator[39m[32m 298[2mms[22m[39m
     [32mΓ£ô[39m displays structure statistics correctly[32m 104[2mms[22m[39m
[31m     [31m├ù[31m allows users to input topic and field for outline generation[39m[32m 111[2mms[22m[39m
[31m     [31m├ù[31m generates structure with AI when valid inputs are provided[39m[32m 7[2mms[22m[39m
     [32mΓ£ô[39m shows proper UI when no outline is available[32m 84[2mms[22m[39m
[31m     [31m├ù[31m allows users to add new sections[39m[32m 115[2mms[22m[39m
[31m     [31m├ù[31m implements zoom functionality correctly[39m[33m 1490[2mms[22m[39m
[31m     [31m├ù[31m allows switching between different view modes[39m[32m 107[2mms[22m[39m
[31m     [31m├ù[31m handles search filtering correctly[39m[32m 1[2mms[22m[39m
[31m     [31m├ù[31m provides proper keyboard navigation support[39m[32m 129[2mms[22m[39m
[31m     [31m├ù[31m shows AI recommendations when available[39m[32m 103[2mms[22m[39m
[31m     [31m├ù[31m allows saving outline as draft[39m[33m 958[2mms[22m[39m
[31m     [31m├ù[31m allows exporting outline in different formats[39m[33m 922[2mms[22m[39m
[31m     [31m├ù[31m handles error cases gracefully[39m[32m 1[2mms[22m[39m
[31m     [31m├ù[31m validates required inputs before generation[39m[33m 1050[2mms[22m[39m
     [32mΓ£ô[39m maintains proper academic structure standards[32m 1[2mms[22m[39m
[31m     [31m├ù[31m generates proper structure suggestions[39m[32m 1[2mms[22m[39m
[31m     [31m├ù[31m creates proper cross-references between sections[39m[32m 1[2mms[22m[39m
[31m       [31m├ù[31m should work with editor components to provide navigation[39m[32m 103[2mms[22m[39m
[31m       [31m├ù[31m should integrate properly with citation management[39m[32m 91[2mms[22m[39m
       [32mΓ£ô[39m handles large structures efficiently[32m 92[2mms[22m[39m
[31m       [31m├ù[31m has proper ARIA labels for navigation[39m[32m 73[2mms[22m[39m
     [32mΓ£ô[39m correctly analyzes academic compliance[32m 1[2mms[22m[39m
     [32mΓ£ô[39m correctly evaluates document flow[32m 0[2mms[22m[39m
     [32mΓ£ô[39m generates meaningful structure suggestions[32m 3[2mms[22m[39m
[31m     [31m├ù[31m creates cross-references between related sections[39m[32m 1[2mms[22m[39m
[31m     [31m├ù[31m generates citation cross-references properly[39m[32m 1[2mms[22m[39m
 [31mΓ¥»[39m src/__tests__/ResearchGapIdentifier.integration.actual.test.tsx [2m([22m[2m10 tests[22m[2m | [22m[31m9 failed[39m[2m)[22m[33m 17088[2mms[22m[39m
     [33m[2mΓ£ô[22m[39m should render the main component with all input fields [33m 1244[2mms[22m[39m
[31m     [31m├ù[31m should allow users to fill in research parameters[39m[33m 1832[2mms[22m[39m
[31m     [31m├ù[31m should call the backend API when "Identify Research Gaps" is clicked[39m[33m 1755[2mms[22m[39m
[31m     [31m├ù[31m should display analysis results after successful API call[39m[33m 1775[2mms[22m[39m
[31m     [31m├ù[31m should handle API errors gracefully[39m[33m 1779[2mms[22m[39m
[31m     [31m├ù[31m should allow importing literature references[39m[33m 1898[2mms[22m[39m
[31m     [31m├ù[31m should navigate between analysis tabs correctly[39m[33m 1704[2mms[22m[39m
[31m     [31m├ù[31m should allow selecting and viewing detailed gap information[39m[33m 1710[2mms[22m[39m
[31m     [31m├ù[31m should handle the sample analysis feature correctly[39m[33m 1702[2mms[22m[39m
[31m     [31m├ù[31m should show progress indicator during analysis[39m[33m 1683[2mms[22m[39m
 [2m[90mΓåô[39m[22m __tests__/integration/review-submission-ai.test.ts [2m([22m[2m10 tests[22m[2m | [22m[33m10 skipped[39m[2m)[22m
[90mstdout[2m | __tests__/integration/puter-ai-example.test.ts[2m > [22m[2mPuter AI Example Tests[2m > [22m[2mPerformance Metrics[2m > [22m[2mshould track performance of multiple tool calls
[22m[39m
=== Performance Report ===
ΓöîΓöÇΓöÇΓöÇΓöÇΓöÇΓöÇΓöÇΓöÇΓöÇΓöÇΓöÇΓöÇΓöÇΓöÇΓöÇΓöÇΓöÇΓöÇΓöÇΓöÇΓöÇΓöÇΓöÇΓöÇΓöÇΓöÇΓöÇΓöÇΓöÇΓö¼ΓöÇΓöÇΓöÇΓöÇΓöÇΓöÇΓöÇΓö¼ΓöÇΓöÇΓöÇΓöÇΓöÇΓöÇΓöÇΓöÇΓöÇΓöÇΓöÇΓöÇΓöÇΓöÇΓöÇΓöÇΓöÇΓöÇΓöÇΓöÇΓö¼ΓöÇΓöÇΓöÇΓöÇΓöÇΓöÇΓöÇΓöÇΓöÇΓöÇΓöÇΓöÇΓöÇΓöÇΓöÇΓöÇΓöÇΓöÇΓöÇΓöÇΓö¼ΓöÇΓöÇΓöÇΓöÇΓöÇΓöÇΓöÇΓöÇΓöÇΓöÇΓöÇΓöÇΓöÇΓöÇΓöÇΓöÇΓöÇΓöÇΓöÇΓöÇΓö¼ΓöÇΓöÇΓöÇΓöÇΓöÇΓöÇΓöÇΓöÇΓöÇΓöÇΓöÇΓöÇΓöÇΓöÇΓöÇΓöÇΓöÇΓöÇΓöÇΓöÇΓö¼ΓöÇΓöÇΓöÇΓöÇΓöÇΓöÇΓöÇΓöÇΓöÇΓöÇΓöÇΓöÇΓöÇΓöÇΓöÇΓöÇΓöÇΓöÇΓöÇΓöÇΓö¼ΓöÇΓöÇΓöÇΓöÇΓöÇΓöÇΓöÇΓöÇΓöÇΓöÇΓöÇΓöÇΓöÇΓöÇΓöÇΓöÇΓöÇΓöÇΓöÇΓöÇΓöÉ
Γöé (index)                     Γöé count Γöé min                Γöé max                Γöé mean               Γöé median             Γöé p95                Γöé p99                Γöé
Γö£ΓöÇΓöÇΓöÇΓöÇΓöÇΓöÇΓöÇΓöÇΓöÇΓöÇΓöÇΓöÇΓöÇΓöÇΓöÇΓöÇΓöÇΓöÇΓöÇΓöÇΓöÇΓöÇΓöÇΓöÇΓöÇΓöÇΓöÇΓöÇΓöÇΓö╝ΓöÇΓöÇΓöÇΓöÇΓöÇΓöÇΓöÇΓö╝ΓöÇΓöÇΓöÇΓöÇΓöÇΓöÇΓöÇΓöÇΓöÇΓöÇΓöÇΓöÇΓöÇΓöÇΓöÇΓöÇΓöÇΓöÇΓöÇΓöÇΓö╝ΓöÇΓöÇΓöÇΓöÇΓöÇΓöÇΓöÇΓöÇΓöÇΓöÇΓöÇΓöÇΓöÇΓöÇΓöÇΓöÇΓöÇΓöÇΓöÇΓöÇΓö╝ΓöÇΓöÇΓöÇΓöÇΓöÇΓöÇΓöÇΓöÇΓöÇΓöÇΓöÇΓöÇΓöÇΓöÇΓöÇΓöÇΓöÇΓöÇΓöÇΓöÇΓö╝ΓöÇΓöÇΓöÇΓöÇΓöÇΓöÇΓöÇΓöÇΓöÇΓöÇΓöÇΓöÇΓöÇΓöÇΓöÇΓöÇΓöÇΓöÇΓöÇΓöÇΓö╝ΓöÇΓöÇΓöÇΓöÇΓöÇΓöÇΓöÇΓöÇΓöÇΓöÇΓöÇΓöÇΓöÇΓöÇΓöÇΓöÇΓöÇΓöÇΓöÇΓöÇΓö╝ΓöÇΓöÇΓöÇΓöÇΓöÇΓöÇΓöÇΓöÇΓöÇΓöÇΓöÇΓöÇΓöÇΓöÇΓöÇΓöÇΓöÇΓöÇΓöÇΓöÇΓöñ
Γöé generate-topic-ideas        Γöé [33m1[39m     Γöé [33m37.2521999999999[39m   Γöé [33m37.2521999999999[39m   Γöé [33m37.2521999999999[39m   Γöé [33m37.2521999999999[39m   Γöé [33m37.2521999999999[39m   Γöé [33m37.2521999999999[39m   Γöé
Γöé generate-research-questions Γöé [33m1[39m     Γöé [33m104.67969999999968[39m Γöé [33m104.67969999999968[39m Γöé [33m104.67969999999968[39m Γöé [33m104.67969999999968[39m Γöé [33m104.67969999999968[39m Γöé [33m104.67969999999968[39m Γöé
Γöé generate-outline            Γöé [33m1[39m     Γöé [33m45.3717000000006[39m   Γöé [33m45.3717000000006[39m   Γöé [33m45.3717000000006[39m   Γöé [33m45.3717000000006[39m   Γöé [33m45.3717000000006[39m   Γöé [33m45.3717000000006[39m   Γöé
ΓööΓöÇΓöÇΓöÇΓöÇΓöÇΓöÇΓöÇΓöÇΓöÇΓöÇΓöÇΓöÇΓöÇΓöÇΓöÇΓöÇΓöÇΓöÇΓöÇΓöÇΓöÇΓöÇΓöÇΓöÇΓöÇΓöÇΓöÇΓöÇΓöÇΓö┤ΓöÇΓöÇΓöÇΓöÇΓöÇΓöÇΓöÇΓö┤ΓöÇΓöÇΓöÇΓöÇΓöÇΓöÇΓöÇΓöÇΓöÇΓöÇΓöÇΓöÇΓöÇΓöÇΓöÇΓöÇΓöÇΓöÇΓöÇΓöÇΓö┤ΓöÇΓöÇΓöÇΓöÇΓöÇΓöÇΓöÇΓöÇΓöÇΓöÇΓöÇΓöÇΓöÇΓöÇΓöÇΓöÇΓöÇΓöÇΓöÇΓöÇΓö┤ΓöÇΓöÇΓöÇΓöÇΓöÇΓöÇΓöÇΓöÇΓöÇΓöÇΓöÇΓöÇΓöÇΓöÇΓöÇΓöÇΓöÇΓöÇΓöÇΓöÇΓö┤ΓöÇΓöÇΓöÇΓöÇΓöÇΓöÇΓöÇΓöÇΓöÇΓöÇΓöÇΓöÇΓöÇΓöÇΓöÇΓöÇΓöÇΓöÇΓöÇΓöÇΓö┤ΓöÇΓöÇΓöÇΓöÇΓöÇΓöÇΓöÇΓöÇΓöÇΓöÇΓöÇΓöÇΓöÇΓöÇΓöÇΓöÇΓöÇΓöÇΓöÇΓöÇΓö┤ΓöÇΓöÇΓöÇΓöÇΓöÇΓöÇΓöÇΓöÇΓöÇΓöÇΓöÇΓöÇΓöÇΓöÇΓöÇΓöÇΓöÇΓöÇΓöÇΓöÇΓöÿ

Not implemented: navigation to another Document
Not implemented: navigation to another Document
Not implemented: navigation to another Document
Not implemented: navigation to another Document
 [31mΓ¥»[39m __tests__/integration/ai-connectivity.test.ts [2m([22m[2m15 tests[22m[2m | [22m[31m1 failed[39m[2m)[22m[33m 657[2mms[22m[39m
       [32mΓ£ô[39m should connect to originality check AI function[32m 245[2mms[22m[39m
       [32mΓ£ô[39m should connect to presentation generation AI function[32m 9[2mms[22m[39m
       [32mΓ£ô[39m should connect to Q&A simulator AI function[32m 16[2mms[22m[39m
       [32mΓ£ô[39m should connect to paraphrasing AI function[32m 7[2mms[22m[39m
       [32mΓ£ô[39m should connect to text improvement AI function[32m 26[2mms[22m[39m
       [32mΓ£ô[39m should connect to text summarization AI function[32m 18[2mms[22m[39m
       [32mΓ£ô[39m should connect to research question generation function[32m 22[2mms[22m[39m
       [32mΓ£ô[39m should connect to hypothesis generation function[32m 15[2mms[22m[39m
       [32mΓ£ô[39m should connect to literature alignment function[32m 21[2mms[22m[39m
[31m       [31m├ù[31m should connect to arXiv search function[39m[32m 24[2mms[22m[39m
       [32mΓ£ô[39m should connect to literature synthesis function[32m 14[2mms[22m[39m
       [32mΓ£ô[39m should connect to document editor AI functions[32m 39[2mms[22m[39m
       [32mΓ£ô[39m should connect to data management plan functions[32m 0[2mms[22m[39m
       [32mΓ£ô[39m should verify analytics functions are accessible[32m 1[2mms[22m[39m
       [32mΓ£ô[39m verifies all expected AI functions are registered[32m 181[2mms[22m[39m
 [31mΓ¥»[39m __tests__/integration/puter-ai-example.test.ts [2m([22m[2m31 tests[22m[2m | [22m[31m8 failed[39m[2m)[22m[33m 1455[2mms[22m[39m
       [32mΓ£ô[39m should generate topic ideas within reasonable time[32m 23[2mms[22m[39m
       [32mΓ£ô[39m should generate multiple topic suggestions[32m 73[2mms[22m[39m
       [32mΓ£ô[39m should generate research questions from topic[32m 32[2mms[22m[39m
       [32mΓ£ô[39m should generate contextual research questions[32m 62[2mms[22m[39m
       [32mΓ£ô[39m should paraphrase text[32m 79[2mms[22m[39m
       [32mΓ£ô[39m should improve writing quality[32m 74[2mms[22m[39m
[31m       [31m├ù[31m should analyze document structure[39m[32m 16[2mms[22m[39m
       [32mΓ£ô[39m should check document for plagiarism[32m 36[2mms[22m[39m
       [32mΓ£ô[39m should generate thesis outline[32m 53[2mms[22m[39m
       [32mΓ£ô[39m should generate outline with multiple sections[32m 74[2mms[22m[39m
[31m       [31m├ù[31m should generate presentation slides[39m[32m 2[2mms[22m[39m
[31m       [31m├ù[31m should generate defense preparation questions[39m[32m 1[2mms[22m[39m
       [32mΓ£ô[39m should execute multiple tools in parallel[32m 92[2mms[22m[39m
       [32mΓ£ô[39m should handle mixed success/failure in batch[32m 96[2mms[22m[39m
       [32mΓ£ô[39m should track performance of multiple tool calls[32m 197[2mms[22m[39m
       [32mΓ£ô[39m should handle missing required fields[32m 59[2mms[22m[39m
       [32mΓ£ô[39m should handle invalid input types[32m 106[2mms[22m[39m
       [32mΓ£ô[39m should handle non-existent functions[32m 1[2mms[22m[39m
       [32mΓ£ô[39m should return valid JSON responses[32m 83[2mms[22m[39m
       [32mΓ£ô[39m should return data in expected format[32m 87[2mms[22m[39m
     [32mΓ£ô[39m should call generate-flashcards function[32m 3[2mms[22m[39m
[31m     [31m├ù[31m should return data for Flashcard Generator[39m[32m 2[2mms[22m[39m
[31m     [31m├ù[31m should return expected fields for Flashcard Generator[39m[32m 2[2mms[22m[39m
     [32mΓ£ô[39m should handle Flashcard Generator errors gracefully[32m 44[2mms[22m[39m
     [32mΓ£ô[39m should call map-variables function[32m 1[2mms[22m[39m
[31m     [31m├ù[31m should return data for Variable Mapper[39m[32m 1[2mms[22m[39m
     [32mΓ£ô[39m should handle Variable Mapper errors gracefully[32m 91[2mms[22m[39m
     [32mΓ£ô[39m should call identify-research-gaps function[32m 1[2mms[22m[39m
[31m     [31m├ù[31m should return data for Research Gap Identifier[39m[32m 1[2mms[22m[39m
[31m     [31m├ù[31m should return expected fields for Research Gap Identifier[39m[32m 1[2mms[22m[39m
     [32mΓ£ô[39m should handle Research Gap Identifier errors gracefully[32m 55[2mms[22m[39m
 [32mΓ£ô[39m src/__tests__/useWorkContextListener.test.ts [2m([22m[2m35 tests[22m[2m)[22m[32m 40[2mms[22m[39m
[90mstderr[2m | src/__tests__/outline-builder.test.tsx[2m > [22m[2mError Handling[2m > [22m[2mhandles save 
failure gracefully
[22m[39mError saving outline: { message: [32m'Save failed'[39m }

 [31mΓ¥»[39m src/__tests__/outline-builder.test.tsx [2m([22m[2m14 tests[22m[2m | [22m[31m7 failed[39m[2m)[22m[33m 14567[2mms[22m[39m
[31m     [31m├ù[31m renders the outline builder form correctly[39m[33m 667[2mms[22m[39m
[31m     [31m├ù[31m allows user to enter topic and field of study[39m[33m 446[2mms[22m[39m
[31m     [31m├ù[31m generates an outline when AI button is clicked[39m[33m 433[2mms[22m[39m
     [33m[2mΓ£ô[22m[39m adds a new section to the outline [33m 1443[2mms[22m[39m
[31m     [31m├ù[31m deletes a section[39m[33m 3250[2mms[22m[39m
     [33m[2mΓ£ô[22m[39m exports outline in different formats [33m 1307[2mms[22m[39m
     [33m[2mΓ£ô[22m[39m saves outline as draft [33m 1596[2mms[22m[39m
[31m     [31m├ù[31m validates required fields before generation[39m[33m 1523[2mms[22m[39m
     [33m[2mΓ£ô[22m[39m disables export when no sections exist [33m 518[2mms[22m[39m
[31m     [31m├ù[31m allows editing section title and description[39m[33m 956[2mms[22m[39m
     [33m[2mΓ£ô[22m[39m maintains proper hierarchical structure [33m 346[2mms[22m[39m
     [32mΓ£ô[39m validates outline structure for academic standards[32m 1[2mms[22m[39m
[31m     [31m├ù[31m handles AI generation failure gracefully[39m[33m 529[2mms[22m[39m
     [33m[2mΓ£ô[22m[39m handles save failure gracefully [33m 1548[2mms[22m[39m
 [2m[90mΓåô[39m[22m __tests__/integration/research-planning-literature-ai.test.ts [2m([22m[2m8 tests[22m[2m | [22m[33m8 skipped[39m[2m)[22m
[90mstderr[2m | src/__tests__/personalization/adaptive-interface.test.ts[2m > 
[22m[2mAdaptiveInterfaceManager[2m > [22m[2mdetectPatterns[2m > [22m[2mshould detect usage patterns from 
behavior logs
[22m[39mError detecting patterns: TypeError: __vite_ssr_import_0__.supabase.from(...).select(...).eq is not a 
function
    at AdaptiveInterfaceManager.detectPatterns 
(C:/Users/Projects/thesis-ai-fresh/src/lib/personalization/adaptive-interface.ts:75:10)
    at C:/Users/Projects/thesis-ai-fresh/src/__tests__/personalization/adaptive-interface.test.ts:73:38
    at [90mfile:///C:/Users/Projects/thesis-ai-fresh/[39mnode_modules/[4m.pnpm[24m/@vitest+runner@4.0.14/node_modu
les/[4m@vitest[24m/runner/dist/index.js:145:11
    at [90mfile:///C:/Users/Projects/thesis-ai-fresh/[39mnode_modules/[4m.pnpm[24m/@vitest+runner@4.0.14/node_modu
les/[4m@vitest[24m/runner/dist/index.js:919:26
    at [90mfile:///C:/Users/Projects/thesis-ai-fresh/[39mnode_modules/[4m.pnpm[24m/@vitest+runner@4.0.14/node_modu
les/[4m@vitest[24m/runner/dist/index.js:1244:20
    at new Promise (<anonymous>)
    at runWithTimeout [90m(file:///C:/Users/Projects/thesis-ai-fresh/[39mnode_modules/[4m.pnpm[24m/@vitest+runner@
4.0.14/node_modules/[4m@vitest[24m/runner/dist/index.js:1210:10[90m)[39m
    at [90mfile:///C:/Users/Projects/thesis-ai-fresh/[39mnode_modules/[4m.pnpm[24m/@vitest+runner@4.0.14/node_modu
les/[4m@vitest[24m/runner/dist/index.js:1654:37
    at Traces.$ [90m(file:///C:/Users/Projects/thesis-ai-fresh/[39mnode_modules/[4m.pnpm[24m/vitest@4.0.14_@opente
lemetr_24efe0c518e3f793aef2962d1469c377/node_modules/[4mvitest[24m/dist/chunks/traces.U4xDYhzZ.js:115:27[90m)[39m
    at trace [90m(file:///C:/Users/Projects/thesis-ai-fresh/[39mnode_modules/[4m.pnpm[24m/vitest@4.0.14_@opentelem
etr_24efe0c518e3f793aef2962d1469c377/node_modules/[4mvitest[24m/dist/chunks/test.DqQZzsWf.js:234:21[90m)[39m

[90mstderr[2m | src/__tests__/personalization/adaptive-interface.test.ts[2m > 
[22m[2mAdaptiveInterfaceManager[2m > [22m[2mdetectPatterns[2m > [22m[2mshould calculate frequency of patterns
[22m[39mError detecting patterns: TypeError: __vite_ssr_import_0__.supabase.from(...).select(...).eq is not a 
function
    at AdaptiveInterfaceManager.detectPatterns 
(C:/Users/Projects/thesis-ai-fresh/src/lib/personalization/adaptive-interface.ts:75:10)
    at C:/Users/Projects/thesis-ai-fresh/src/__tests__/personalization/adaptive-interface.test.ts:90:38
[90m    at processTicksAndRejections (node:internal/process/task_queues:95:5)[39m
    at [90mfile:///C:/Users/Projects/thesis-ai-fresh/[39mnode_modules/[4m.pnpm[24m/@vitest+runner@4.0.14/node_modu
les/[4m@vitest[24m/runner/dist/index.js:919:20

[90mstderr[2m | src/__tests__/personalization/adaptive-interface.test.ts[2m > 
[22m[2mAdaptiveInterfaceManager[2m > [22m[2mdetectPatterns[2m > [22m[2mshould calculate confidence scores
[22m[39mError detecting patterns: TypeError: __vite_ssr_import_0__.supabase.from(...).select(...).eq is not a 
function
    at AdaptiveInterfaceManager.detectPatterns 
(C:/Users/Projects/thesis-ai-fresh/src/lib/personalization/adaptive-interface.ts:75:10)
    at C:/Users/Projects/thesis-ai-fresh/src/__tests__/personalization/adaptive-interface.test.ts:96:38
    at [90mfile:///C:/Users/Projects/thesis-ai-fresh/[39mnode_modules/[4m.pnpm[24m/@vitest+runner@4.0.14/node_modu
les/[4m@vitest[24m/runner/dist/index.js:145:11
    at [90mfile:///C:/Users/Projects/thesis-ai-fresh/[39mnode_modules/[4m.pnpm[24m/@vitest+runner@4.0.14/node_modu
les/[4m@vitest[24m/runner/dist/index.js:919:26
    at [90mfile:///C:/Users/Projects/thesis-ai-fresh/[39mnode_modules/[4m.pnpm[24m/@vitest+runner@4.0.14/node_modu
les/[4m@vitest[24m/runner/dist/index.js:1244:20
    at new Promise (<anonymous>)
    at runWithTimeout [90m(file:///C:/Users/Projects/thesis-ai-fresh/[39mnode_modules/[4m.pnpm[24m/@vitest+runner@
4.0.14/node_modules/[4m@vitest[24m/runner/dist/index.js:1210:10[90m)[39m
    at [90mfile:///C:/Users/Projects/thesis-ai-fresh/[39mnode_modules/[4m.pnpm[24m/@vitest+runner@4.0.14/node_modu
les/[4m@vitest[24m/runner/dist/index.js:1654:37
    at Traces.$ [90m(file:///C:/Users/Projects/thesis-ai-fresh/[39mnode_modules/[4m.pnpm[24m/vitest@4.0.14_@opente
lemetr_24efe0c518e3f793aef2962d1469c377/node_modules/[4mvitest[24m/dist/chunks/traces.U4xDYhzZ.js:115:27[90m)[39m
    at trace [90m(file:///C:/Users/Projects/thesis-ai-fresh/[39mnode_modules/[4m.pnpm[24m/vitest@4.0.14_@opentelem
etr_24efe0c518e3f793aef2962d1469c377/node_modules/[4mvitest[24m/dist/chunks/test.DqQZzsWf.js:234:21[90m)[39m

[90mstderr[2m | src/__tests__/personalization/adaptive-interface.test.ts[2m > 
[22m[2mAdaptiveInterfaceManager[2m > [22m[2mgetAdaptiveInterface[2m > [22m[2mshould return adaptive interface 
configuration
[22m[39mError detecting patterns: TypeError: __vite_ssr_import_0__.supabase.from(...).select(...).eq is not a 
function
    at AdaptiveInterfaceManager.detectPatterns 
(C:/Users/Projects/thesis-ai-fresh/src/lib/personalization/adaptive-interface.ts:75:10)
    at AdaptiveInterfaceManager.getAdaptiveInterface 
(C:/Users/Projects/thesis-ai-fresh/src/lib/personalization/adaptive-interface.ts:41:35)
    at C:/Users/Projects/thesis-ai-fresh/src/__tests__/personalization/adaptive-interface.test.ts:109:36
    at [90mfile:///C:/Users/Projects/thesis-ai-fresh/[39mnode_modules/[4m.pnpm[24m/@vitest+runner@4.0.14/node_modu
les/[4m@vitest[24m/runner/dist/index.js:145:11
    at [90mfile:///C:/Users/Projects/thesis-ai-fresh/[39mnode_modules/[4m.pnpm[24m/@vitest+runner@4.0.14/node_modu
les/[4m@vitest[24m/runner/dist/index.js:919:26
    at [90mfile:///C:/Users/Projects/thesis-ai-fresh/[39mnode_modules/[4m.pnpm[24m/@vitest+runner@4.0.14/node_modu
les/[4m@vitest[24m/runner/dist/index.js:1244:20
    at new Promise (<anonymous>)
    at runWithTimeout [90m(file:///C:/Users/Projects/thesis-ai-fresh/[39mnode_modules/[4m.pnpm[24m/@vitest+runner@
4.0.14/node_modules/[4m@vitest[24m/runner/dist/index.js:1210:10[90m)[39m
    at [90mfile:///C:/Users/Projects/thesis-ai-fresh/[39mnode_modules/[4m.pnpm[24m/@vitest+runner@4.0.14/node_modu
les/[4m@vitest[24m/runner/dist/index.js:1654:37
    at Traces.$ [90m(file:///C:/Users/Projects/thesis-ai-fresh/[39mnode_modules/[4m.pnpm[24m/vitest@4.0.14_@opente
lemetr_24efe0c518e3f793aef2962d1469c377/node_modules/[4mvitest[24m/dist/chunks/traces.U4xDYhzZ.js:115:27[90m)[39m

[90mstderr[2m | src/__tests__/personalization/adaptive-interface.test.ts[2m > 
[22m[2mAdaptiveInterfaceManager[2m > [22m[2mgetAdaptiveInterface[2m > [22m[2mshould set customization level
[22m[39mError detecting patterns: TypeError: __vite_ssr_import_0__.supabase.from(...).select(...).eq is not a 
function
    at AdaptiveInterfaceManager.detectPatterns 
(C:/Users/Projects/thesis-ai-fresh/src/lib/personalization/adaptive-interface.ts:75:10)
    at AdaptiveInterfaceManager.getAdaptiveInterface 
(C:/Users/Projects/thesis-ai-fresh/src/lib/personalization/adaptive-interface.ts:41:35)
    at C:/Users/Projects/thesis-ai-fresh/src/__tests__/personalization/adaptive-interface.test.ts:117:36
    at [90mfile:///C:/Users/Projects/thesis-ai-fresh/[39mnode_modules/[4m.pnpm[24m/@vitest+runner@4.0.14/node_modu
les/[4m@vitest[24m/runner/dist/index.js:145:11
    at [90mfile:///C:/Users/Projects/thesis-ai-fresh/[39mnode_modules/[4m.pnpm[24m/@vitest+runner@4.0.14/node_modu
les/[4m@vitest[24m/runner/dist/index.js:919:26
    at [90mfile:///C:/Users/Projects/thesis-ai-fresh/[39mnode_modules/[4m.pnpm[24m/@vitest+runner@4.0.14/node_modu
les/[4m@vitest[24m/runner/dist/index.js:1244:20
    at new Promise (<anonymous>)
    at runWithTimeout [90m(file:///C:/Users/Projects/thesis-ai-fresh/[39mnode_modules/[4m.pnpm[24m/@vitest+runner@
4.0.14/node_modules/[4m@vitest[24m/runner/dist/index.js:1210:10[90m)[39m
    at [90mfile:///C:/Users/Projects/thesis-ai-fresh/[39mnode_modules/[4m.pnpm[24m/@vitest+runner@4.0.14/node_modu
les/[4m@vitest[24m/runner/dist/index.js:1654:37
    at Traces.$ [90m(file:///C:/Users/Projects/thesis-ai-fresh/[39mnode_modules/[4m.pnpm[24m/vitest@4.0.14_@opente
lemetr_24efe0c518e3f793aef2962d1469c377/node_modules/[4mvitest[24m/dist/chunks/traces.U4xDYhzZ.js:115:27[90m)[39m

[90mstderr[2m | src/__tests__/personalization/adaptive-interface.test.ts[2m > 
[22m[2mAdaptiveInterfaceManager[2m > [22m[2mgetAdaptiveInterface[2m > [22m[2mshould provide suggested actions
[22m[39mError detecting patterns: TypeError: __vite_ssr_import_0__.supabase.from(...).select(...).eq is not a 
function
    at AdaptiveInterfaceManager.detectPatterns 
(C:/Users/Projects/thesis-ai-fresh/src/lib/personalization/adaptive-interface.ts:75:10)
    at AdaptiveInterfaceManager.getAdaptiveInterface 
(C:/Users/Projects/thesis-ai-fresh/src/lib/personalization/adaptive-interface.ts:41:35)
    at C:/Users/Projects/thesis-ai-fresh/src/__tests__/personalization/adaptive-interface.test.ts:124:36
    at [90mfile:///C:/Users/Projects/thesis-ai-fresh/[39mnode_modules/[4m.pnpm[24m/@vitest+runner@4.0.14/node_modu
les/[4m@vitest[24m/runner/dist/index.js:145:11
    at [90mfile:///C:/Users/Projects/thesis-ai-fresh/[39mnode_modules/[4m.pnpm[24m/@vitest+runner@4.0.14/node_modu
les/[4m@vitest[24m/runner/dist/index.js:919:26
    at [90mfile:///C:/Users/Projects/thesis-ai-fresh/[39mnode_modules/[4m.pnpm[24m/@vitest+runner@4.0.14/node_modu
les/[4m@vitest[24m/runner/dist/index.js:1244:20
    at new Promise (<anonymous>)
    at runWithTimeout [90m(file:///C:/Users/Projects/thesis-ai-fresh/[39mnode_modules/[4m.pnpm[24m/@vitest+runner@
4.0.14/node_modules/[4m@vitest[24m/runner/dist/index.js:1210:10[90m)[39m
    at [90mfile:///C:/Users/Projects/thesis-ai-fresh/[39mnode_modules/[4m.pnpm[24m/@vitest+runner@4.0.14/node_modu
les/[4m@vitest[24m/runner/dist/index.js:1654:37
    at Traces.$ [90m(file:///C:/Users/Projects/thesis-ai-fresh/[39mnode_modules/[4m.pnpm[24m/vitest@4.0.14_@opente
lemetr_24efe0c518e3f793aef2962d1469c377/node_modules/[4mvitest[24m/dist/chunks/traces.U4xDYhzZ.js:115:27[90m)[39m

[90mstderr[2m | src/__tests__/personalization/adaptive-interface.test.ts[2m > 
[22m[2mAdaptiveInterfaceManager[2m > [22m[2mcalculateCustomizationLevel[2m > [22m[2mshould return low 
customization for new users
[22m[39mError detecting patterns: TypeError: __vite_ssr_import_0__.supabase.from(...).select(...).eq is not a 
function
    at AdaptiveInterfaceManager.detectPatterns 
(C:/Users/Projects/thesis-ai-fresh/src/lib/personalization/adaptive-interface.ts:75:10)
    at AdaptiveInterfaceManager.getAdaptiveInterface 
(C:/Users/Projects/thesis-ai-fresh/src/lib/personalization/adaptive-interface.ts:41:35)
    at C:/Users/Projects/thesis-ai-fresh/src/__tests__/personalization/adaptive-interface.test.ts:132:36
    at [90mfile:///C:/Users/Projects/thesis-ai-fresh/[39mnode_modules/[4m.pnpm[24m/@vitest+runner@4.0.14/node_modu
les/[4m@vitest[24m/runner/dist/index.js:145:11
    at [90mfile:///C:/Users/Projects/thesis-ai-fresh/[39mnode_modules/[4m.pnpm[24m/@vitest+runner@4.0.14/node_modu
les/[4m@vitest[24m/runner/dist/index.js:919:26
    at [90mfile:///C:/Users/Projects/thesis-ai-fresh/[39mnode_modules/[4m.pnpm[24m/@vitest+runner@4.0.14/node_modu
les/[4m@vitest[24m/runner/dist/index.js:1244:20
    at new Promise (<anonymous>)
    at runWithTimeout [90m(file:///C:/Users/Projects/thesis-ai-fresh/[39mnode_modules/[4m.pnpm[24m/@vitest+runner@
4.0.14/node_modules/[4m@vitest[24m/runner/dist/index.js:1210:10[90m)[39m
    at [90mfile:///C:/Users/Projects/thesis-ai-fresh/[39mnode_modules/[4m.pnpm[24m/@vitest+runner@4.0.14/node_modu
les/[4m@vitest[24m/runner/dist/index.js:1654:37
    at Traces.$ [90m(file:///C:/Users/Projects/thesis-ai-fresh/[39mnode_modules/[4m.pnpm[24m/vitest@4.0.14_@opente
lemetr_24efe0c518e3f793aef2962d1469c377/node_modules/[4mvitest[24m/dist/chunks/traces.U4xDYhzZ.js:115:27[90m)[39m

[90mstderr[2m | src/__tests__/personalization/adaptive-interface.test.ts[2m > 
[22m[2mAdaptiveInterfaceManager[2m > [22m[2mcalculateCustomizationLevel[2m > [22m[2mshould increase with more 
diverse usage
[22m[39mError detecting patterns: TypeError: __vite_ssr_import_0__.supabase.from(...).select(...).eq is not a 
function
    at AdaptiveInterfaceManager.detectPatterns 
(C:/Users/Projects/thesis-ai-fresh/src/lib/personalization/adaptive-interface.ts:75:10)
    at AdaptiveInterfaceManager.getAdaptiveInterface 
(C:/Users/Projects/thesis-ai-fresh/src/lib/personalization/adaptive-interface.ts:41:35)
    at C:/Users/Projects/thesis-ai-fresh/src/__tests__/personalization/adaptive-interface.test.ts:151:36
[90m    at processTicksAndRejections (node:internal/process/task_queues:95:5)[39m
    at [90mfile:///C:/Users/Projects/thesis-ai-fresh/[39mnode_modules/[4m.pnpm[24m/@vitest+runner@4.0.14/node_modu
les/[4m@vitest[24m/runner/dist/index.js:919:20

[90mstderr[2m | src/__tests__/personalization/adaptive-interface.test.ts[2m > 
[22m[2mAdaptiveInterfaceManager[2m > [22m[2msuggestActions[2m > [22m[2mshould suggest features based on 
patterns
[22m[39mError detecting patterns: TypeError: __vite_ssr_import_0__.supabase.from(...).select(...).eq is not a 
function
    at AdaptiveInterfaceManager.detectPatterns 
(C:/Users/Projects/thesis-ai-fresh/src/lib/personalization/adaptive-interface.ts:75:10)
    at AdaptiveInterfaceManager.getAdaptiveInterface 
(C:/Users/Projects/thesis-ai-fresh/src/lib/personalization/adaptive-interface.ts:41:35)
    at C:/Users/Projects/thesis-ai-fresh/src/__tests__/personalization/adaptive-interface.test.ts:159:36
    at [90mfile:///C:/Users/Projects/thesis-ai-fresh/[39mnode_modules/[4m.pnpm[24m/@vitest+runner@4.0.14/node_modu
les/[4m@vitest[24m/runner/dist/index.js:145:11
    at [90mfile:///C:/Users/Projects/thesis-ai-fresh/[39mnode_modules/[4m.pnpm[24m/@vitest+runner@4.0.14/node_modu
les/[4m@vitest[24m/runner/dist/index.js:919:26
    at [90mfile:///C:/Users/Projects/thesis-ai-fresh/[39mnode_modules/[4m.pnpm[24m/@vitest+runner@4.0.14/node_modu
les/[4m@vitest[24m/runner/dist/index.js:1244:20
    at new Promise (<anonymous>)
    at runWithTimeout [90m(file:///C:/Users/Projects/thesis-ai-fresh/[39mnode_modules/[4m.pnpm[24m/@vitest+runner@
4.0.14/node_modules/[4m@vitest[24m/runner/dist/index.js:1210:10[90m)[39m
    at [90mfile:///C:/Users/Projects/thesis-ai-fresh/[39mnode_modules/[4m.pnpm[24m/@vitest+runner@4.0.14/node_modu
les/[4m@vitest[24m/runner/dist/index.js:1654:37
    at Traces.$ [90m(file:///C:/Users/Projects/thesis-ai-fresh/[39mnode_modules/[4m.pnpm[24m/vitest@4.0.14_@opente
lemetr_24efe0c518e3f793aef2962d1469c377/node_modules/[4mvitest[24m/dist/chunks/traces.U4xDYhzZ.js:115:27[90m)[39m

[90mstderr[2m | src/__tests__/personalization/adaptive-interface.test.ts[2m > 
[22m[2mAdaptiveInterfaceManager[2m > [22m[2msuggestActions[2m > [22m[2mshould prioritize suggestions
[22m[39mError detecting patterns: TypeError: __vite_ssr_import_0__.supabase.from(...).select(...).eq is not a 
function
    at AdaptiveInterfaceManager.detectPatterns 
(C:/Users/Projects/thesis-ai-fresh/src/lib/personalization/adaptive-interface.ts:75:10)
    at AdaptiveInterfaceManager.getAdaptiveInterface 
(C:/Users/Projects/thesis-ai-fresh/src/lib/personalization/adaptive-interface.ts:41:35)
    at C:/Users/Projects/thesis-ai-fresh/src/__tests__/personalization/adaptive-interface.test.ts:165:36
    at [90mfile:///C:/Users/Projects/thesis-ai-fresh/[39mnode_modules/[4m.pnpm[24m/@vitest+runner@4.0.14/node_modu
les/[4m@vitest[24m/runner/dist/index.js:145:11
    at [90mfile:///C:/Users/Projects/thesis-ai-fresh/[39mnode_modules/[4m.pnpm[24m/@vitest+runner@4.0.14/node_modu
les/[4m@vitest[24m/runner/dist/index.js:919:26
    at [90mfile:///C:/Users/Projects/thesis-ai-fresh/[39mnode_modules/[4m.pnpm[24m/@vitest+runner@4.0.14/node_modu
les/[4m@vitest[24m/runner/dist/index.js:1244:20
    at new Promise (<anonymous>)
    at runWithTimeout [90m(file:///C:/Users/Projects/thesis-ai-fresh/[39mnode_modules/[4m.pnpm[24m/@vitest+runner@
4.0.14/node_modules/[4m@vitest[24m/runner/dist/index.js:1210:10[90m)[39m
    at [90mfile:///C:/Users/Projects/thesis-ai-fresh/[39mnode_modules/[4m.pnpm[24m/@vitest+runner@4.0.14/node_modu
les/[4m@vitest[24m/runner/dist/index.js:1654:37
    at Traces.$ [90m(file:///C:/Users/Projects/thesis-ai-fresh/[39mnode_modules/[4m.pnpm[24m/vitest@4.0.14_@opente
lemetr_24efe0c518e3f793aef2962d1469c377/node_modules/[4mvitest[24m/dist/chunks/traces.U4xDYhzZ.js:115:27[90m)[39m

[90mstderr[2m | src/__tests__/personalization/adaptive-interface.test.ts[2m > 
[22m[2mAdaptiveInterfaceManager[2m > [22m[2msuggestActions[2m > [22m[2mshould suggest relevant features
[22m[39mError detecting patterns: TypeError: __vite_ssr_import_0__.supabase.from(...).select(...).eq is not a 
function
    at AdaptiveInterfaceManager.detectPatterns 
(C:/Users/Projects/thesis-ai-fresh/src/lib/personalization/adaptive-interface.ts:75:10)
    at AdaptiveInterfaceManager.getAdaptiveInterface 
(C:/Users/Projects/thesis-ai-fresh/src/lib/personalization/adaptive-interface.ts:41:35)
    at C:/Users/Projects/thesis-ai-fresh/src/__tests__/personalization/adaptive-interface.test.ts:178:36
    at [90mfile:///C:/Users/Projects/thesis-ai-fresh/[39mnode_modules/[4m.pnpm[24m/@vitest+runner@4.0.14/node_modu
les/[4m@vitest[24m/runner/dist/index.js:145:11
    at [90mfile:///C:/Users/Projects/thesis-ai-fresh/[39mnode_modules/[4m.pnpm[24m/@vitest+runner@4.0.14/node_modu
les/[4m@vitest[24m/runner/dist/index.js:919:26
    at [90mfile:///C:/Users/Projects/thesis-ai-fresh/[39mnode_modules/[4m.pnpm[24m/@vitest+runner@4.0.14/node_modu
les/[4m@vitest[24m/runner/dist/index.js:1244:20
    at new Promise (<anonymous>)
    at runWithTimeout [90m(file:///C:/Users/Projects/thesis-ai-fresh/[39mnode_modules/[4m.pnpm[24m/@vitest+runner@
4.0.14/node_modules/[4m@vitest[24m/runner/dist/index.js:1210:10[90m)[39m
    at [90mfile:///C:/Users/Projects/thesis-ai-fresh/[39mnode_modules/[4m.pnpm[24m/@vitest+runner@4.0.14/node_modu
les/[4m@vitest[24m/runner/dist/index.js:1654:37
    at Traces.$ [90m(file:///C:/Users/Projects/thesis-ai-fresh/[39mnode_modules/[4m.pnpm[24m/vitest@4.0.14_@opente
lemetr_24efe0c518e3f793aef2962d1469c377/node_modules/[4mvitest[24m/dist/chunks/traces.U4xDYhzZ.js:115:27[90m)[39m

[90mstderr[2m | src/__tests__/personalization/adaptive-interface.test.ts[2m > 
[22m[2mAdaptiveInterfaceManager[2m > [22m[2mFeature Discovery[2m > [22m[2mshould suggest undiscovered features
[22m[39mError detecting patterns: TypeError: __vite_ssr_import_0__.supabase.from(...).select(...).eq is not a 
function
    at AdaptiveInterfaceManager.detectPatterns 
(C:/Users/Projects/thesis-ai-fresh/src/lib/personalization/adaptive-interface.ts:75:10)
    at AdaptiveInterfaceManager.getAdaptiveInterface 
(C:/Users/Projects/thesis-ai-fresh/src/lib/personalization/adaptive-interface.ts:41:35)
    at C:/Users/Projects/thesis-ai-fresh/src/__tests__/personalization/adaptive-interface.test.ts:196:36
    at [90mfile:///C:/Users/Projects/thesis-ai-fresh/[39mnode_modules/[4m.pnpm[24m/@vitest+runner@4.0.14/node_modu
les/[4m@vitest[24m/runner/dist/index.js:145:11
    at [90mfile:///C:/Users/Projects/thesis-ai-fresh/[39mnode_modules/[4m.pnpm[24m/@vitest+runner@4.0.14/node_modu
les/[4m@vitest[24m/runner/dist/index.js:919:26
    at [90mfile:///C:/Users/Projects/thesis-ai-fresh/[39mnode_modules/[4m.pnpm[24m/@vitest+runner@4.0.14/node_modu
les/[4m@vitest[24m/runner/dist/index.js:1244:20
    at new Promise (<anonymous>)
    at runWithTimeout [90m(file:///C:/Users/Projects/thesis-ai-fresh/[39mnode_modules/[4m.pnpm[24m/@vitest+runner@
4.0.14/node_modules/[4m@vitest[24m/runner/dist/index.js:1210:10[90m)[39m
    at [90mfile:///C:/Users/Projects/thesis-ai-fresh/[39mnode_modules/[4m.pnpm[24m/@vitest+runner@4.0.14/node_modu
les/[4m@vitest[24m/runner/dist/index.js:1654:37
    at Traces.$ [90m(file:///C:/Users/Projects/thesis-ai-fresh/[39mnode_modules/[4m.pnpm[24m/vitest@4.0.14_@opente
lemetr_24efe0c518e3f793aef2962d1469c377/node_modules/[4mvitest[24m/dist/chunks/traces.U4xDYhzZ.js:115:27[90m)[39m

[90mstderr[2m | src/__tests__/personalization/adaptive-interface.test.ts[2m > 
[22m[2mAdaptiveInterfaceManager[2m > [22m[2mCustomization Levels[2m > [22m[2mshould start with 
beginner-friendly defaults
[22m[39mError detecting patterns: TypeError: __vite_ssr_import_0__.supabase.from(...).select(...).eq is not a 
function
    at AdaptiveInterfaceManager.detectPatterns 
(C:/Users/Projects/thesis-ai-fresh/src/lib/personalization/adaptive-interface.ts:75:10)
    at AdaptiveInterfaceManager.getAdaptiveInterface 
(C:/Users/Projects/thesis-ai-fresh/src/lib/personalization/adaptive-interface.ts:41:35)
    at C:/Users/Projects/thesis-ai-fresh/src/__tests__/personalization/adaptive-interface.test.ts:260:36
    at [90mfile:///C:/Users/Projects/thesis-ai-fresh/[39mnode_modules/[4m.pnpm[24m/@vitest+runner@4.0.14/node_modu
les/[4m@vitest[24m/runner/dist/index.js:145:11
    at [90mfile:///C:/Users/Projects/thesis-ai-fresh/[39mnode_modules/[4m.pnpm[24m/@vitest+runner@4.0.14/node_modu
les/[4m@vitest[24m/runner/dist/index.js:919:26
    at [90mfile:///C:/Users/Projects/thesis-ai-fresh/[39mnode_modules/[4m.pnpm[24m/@vitest+runner@4.0.14/node_modu
les/[4m@vitest[24m/runner/dist/index.js:1244:20
    at new Promise (<anonymous>)
    at runWithTimeout [90m(file:///C:/Users/Projects/thesis-ai-fresh/[39mnode_modules/[4m.pnpm[24m/@vitest+runner@
4.0.14/node_modules/[4m@vitest[24m/runner/dist/index.js:1210:10[90m)[39m
    at [90mfile:///C:/Users/Projects/thesis-ai-fresh/[39mnode_modules/[4m.pnpm[24m/@vitest+runner@4.0.14/node_modu
les/[4m@vitest[24m/runner/dist/index.js:1654:37
    at Traces.$ [90m(file:///C:/Users/Projects/thesis-ai-fresh/[39mnode_modules/[4m.pnpm[24m/vitest@4.0.14_@opente
lemetr_24efe0c518e3f793aef2962d1469c377/node_modules/[4mvitest[24m/dist/chunks/traces.U4xDYhzZ.js:115:27[90m)[39m

[90mstderr[2m | src/__tests__/personalization/adaptive-interface.test.ts[2m > 
[22m[2mAdaptiveInterfaceManager[2m > [22m[2mCustomization Levels[2m > [22m[2mshould hide advanced features 
for beginners
[22m[39mError detecting patterns: TypeError: __vite_ssr_import_0__.supabase.from(...).select(...).eq is not a 
function
    at AdaptiveInterfaceManager.detectPatterns 
(C:/Users/Projects/thesis-ai-fresh/src/lib/personalization/adaptive-interface.ts:75:10)
    at AdaptiveInterfaceManager.getAdaptiveInterface 
(C:/Users/Projects/thesis-ai-fresh/src/lib/personalization/adaptive-interface.ts:41:35)
    at C:/Users/Projects/thesis-ai-fresh/src/__tests__/personalization/adaptive-interface.test.ts:266:36
    at [90mfile:///C:/Users/Projects/thesis-ai-fresh/[39mnode_modules/[4m.pnpm[24m/@vitest+runner@4.0.14/node_modu
les/[4m@vitest[24m/runner/dist/index.js:145:11
    at [90mfile:///C:/Users/Projects/thesis-ai-fresh/[39mnode_modules/[4m.pnpm[24m/@vitest+runner@4.0.14/node_modu
les/[4m@vitest[24m/runner/dist/index.js:919:26
    at [90mfile:///C:/Users/Projects/thesis-ai-fresh/[39mnode_modules/[4m.pnpm[24m/@vitest+runner@4.0.14/node_modu
les/[4m@vitest[24m/runner/dist/index.js:1244:20
    at new Promise (<anonymous>)
    at runWithTimeout [90m(file:///C:/Users/Projects/thesis-ai-fresh/[39mnode_modules/[4m.pnpm[24m/@vitest+runner@
4.0.14/node_modules/[4m@vitest[24m/runner/dist/index.js:1210:10[90m)[39m
    at [90mfile:///C:/Users/Projects/thesis-ai-fresh/[39mnode_modules/[4m.pnpm[24m/@vitest+runner@4.0.14/node_modu
les/[4m@vitest[24m/runner/dist/index.js:1654:37
    at Traces.$ [90m(file:///C:/Users/Projects/thesis-ai-fresh/[39mnode_modules/[4m.pnpm[24m/vitest@4.0.14_@opente
lemetr_24efe0c518e3f793aef2962d1469c377/node_modules/[4mvitest[24m/dist/chunks/traces.U4xDYhzZ.js:115:27[90m)[39m

[90mstderr[2m | src/__tests__/personalization/adaptive-interface.test.ts[2m > 
[22m[2mAdaptiveInterfaceManager[2m > [22m[2mCustomization Levels[2m > [22m[2mshould show advanced features 
for advanced users
[22m[39mError detecting patterns: TypeError: __vite_ssr_import_0__.supabase.from(...).select(...).eq is not a 
function
    at AdaptiveInterfaceManager.detectPatterns 
(C:/Users/Projects/thesis-ai-fresh/src/lib/personalization/adaptive-interface.ts:75:10)
    at AdaptiveInterfaceManager.getAdaptiveInterface 
(C:/Users/Projects/thesis-ai-fresh/src/lib/personalization/adaptive-interface.ts:41:35)
    at C:/Users/Projects/thesis-ai-fresh/src/__tests__/personalization/adaptive-interface.test.ts:285:36
[90m    at processTicksAndRejections (node:internal/process/task_queues:95:5)[39m
    at [90mfile:///C:/Users/Projects/thesis-ai-fresh/[39mnode_modules/[4m.pnpm[24m/@vitest+runner@4.0.14/node_modu
les/[4m@vitest[24m/runner/dist/index.js:919:20

 [32mΓ£ô[39m src/__tests__/personalization/adaptive-interface.test.ts [2m([22m[2m23 tests[22m[2m)[22m[32m 64[2mms[22m[39m
 [31mΓ¥»[39m src/__tests__/ResearchGapIdentifier.integration.test.tsx [2m([22m[2m7 tests[22m[2m | [22m[31m7 failed[39m[2m)[22m[32m 21[2mms[22m[39m
[31m     [31m├ù[31m renders the main components correctly[39m[32m 9[2mms[22m[39m
[31m     [31m├ù[31m allows user to input research parameters[39m[32m 1[2mms[22m[39m
[31m     [31m├ù[31m shows sample analysis when "Add Sample Analysis" button is clicked[39m[32m 1[2mms[22m[39m
[31m     [31m├ù[31m handles literature import functionality[39m[32m 1[2mms[22m[39m
[31m     [31m├ù[31m allows user to navigate through analysis tabs[39m[32m 1[2mms[22m[39m
[31m     [31m├ù[31m allows gap selection and detail view[39m[32m 1[2mms[22m[39m
[31m     [31m├ù[31m handles export functionality[39m[32m 1[2mms[22m[39m
[90mstderr[2m | src/__tests__/paraphrasing-tool.integration.test.tsx[2m > [22m[2mParaphrasingTool Integration 
Test[2m > [22m[2mrenders the component correctly
[22m[39mIn HTML, <button> cannot be a child of <select>.
This will cause a hydration error.

  <ParaphrasingTool>
    <div className="max-w-5xl ...">
      <Card>
        <div ref={null} className="rounded-xl...">
          <CardHeader>
          <CardContent className="space-y-4">
            <div ref={null} className="p-6 pt-0 s...">
              <div className="bg-muted p...">
                <div>
                <Mock value="standard" onValueChange={function bound dispatchSetState} disabled={false}>
>                 <select data-testid="mock-select" value="standard" onChange={function onChange}>
                    <Mock>
>                     <button data-testid="mock-select-trigger">
                    ...
                ...
              ...

<select> cannot contain a nested <button>.
See this log for the ancestor stack trace.
In HTML, <span> cannot be a child of <option>.
This will cause a hydration error.

  <ParaphrasingTool>
    <div className="max-w-5xl ...">
      <Card>
        <div ref={null} className="rounded-xl...">
          <CardHeader>
          <CardContent className="space-y-4">
            <div ref={null} className="p-6 pt-0 s...">
              <div className="bg-muted p...">
                <div>
                <Mock value="standard" onValueChange={function bound dispatchSetState} disabled={false}>
                  <select data-testid="mock-select" value="standard" onChange={function onChange}>
                    <Mock>
                    <Mock>
                      <div data-testid="mock-selec...">
                        <Mock value="standard">
>                         <option value="standard">
>                           <span>
                        ...
                ...
              ...

<option> cannot contain a nested <span>.
See this log for the ancestor stack trace.
In HTML, <div> cannot be a child of <select>.
This will cause a hydration error.

  <ParaphrasingTool>
    <div className="max-w-5xl ...">
      <Card>
        <div ref={null} className="rounded-xl...">
          <CardHeader>
          <CardContent className="space-y-4">
            <div ref={null} className="p-6 pt-0 s...">
              <div className="bg-muted p...">
                <div>
                <Mock value="standard" onValueChange={function bound dispatchSetState} disabled={false}>
>                 <select data-testid="mock-select" value="standard" onChange={function onChange}>
                    <Mock>
                    <Mock>
>                     <div data-testid="mock-select-content">
                ...
              ...

<select> cannot contain a nested <div>.
See this log for the ancestor stack trace.

 [31mΓ¥»[39m src/__tests__/paraphrasing-tool.integration.test.tsx [2m([22m[2m8 tests[22m[2m | [22m[31m8 failed[39m[2m)[22m[33m 909[2mms[22m[39m
[31m     [31m├ù[31m renders the component correctly[39m[32m 164[2mms[22m[39m
[31m     [31m├ù[31m allows user to input text[39m[32m 38[2mms[22m[39m
[31m     [31m├ù[31m shows a toast error if paraphrasing is attempted with no text[39m[33m 548[2mms[22m[39m
[31m     [31m├ù[31m successfully paraphrases text and displays the result[39m[32m 42[2mms[22m[39m
[31m     [31m├ù[31m handles AI service error during paraphrasing[39m[32m 34[2mms[22m[39m
[31m     [31m├ù[31m handles empty object error from AI service[39m[32m 27[2mms[22m[39m
[31m     [31m├ù[31m constructs the correct prompt for "formal" mode[39m[32m 25[2mms[22m[39m
[31m     [31m├ù[31m copies output text to clipboard[39m[32m 27[2mms[22m[39m
 [2m[90mΓåô[39m[22m __tests__/integration/writing-tools-ai.test.ts [2m([22m[2m6 tests[22m[2m | [22m[33m6 skipped[39m[2m)[22m
[90mstderr[2m | src/__tests__/personalization/user-preferences.test.ts[2m > [22m[2mUserPreferencesManager[2m > 
[22m[2mgetUserPreferences[2m > [22m[2mshould fetch user preferences from database
[22m[39mError fetching user preferences: TypeError: __vite_ssr_import_0__.supabase.from(...).select(...).eq is not 
a function
    at UserPreferencesManager.getUserPreferences 
(C:/Users/Projects/thesis-ai-fresh/src/lib/personalization/user-preferences.ts:30:10)
    at C:/Users/Projects/thesis-ai-fresh/src/__tests__/personalization/user-preferences.test.ts:40:35
    at [90mfile:///C:/Users/Projects/thesis-ai-fresh/[39mnode_modules/[4m.pnpm[24m/@vitest+runner@4.0.14/node_modu
les/[4m@vitest[24m/runner/dist/index.js:145:11
    at [90mfile:///C:/Users/Projects/thesis-ai-fresh/[39mnode_modules/[4m.pnpm[24m/@vitest+runner@4.0.14/node_modu
les/[4m@vitest[24m/runner/dist/index.js:919:26
    at [90mfile:///C:/Users/Projects/thesis-ai-fresh/[39mnode_modules/[4m.pnpm[24m/@vitest+runner@4.0.14/node_modu
les/[4m@vitest[24m/runner/dist/index.js:1244:20
    at new Promise (<anonymous>)
    at runWithTimeout [90m(file:///C:/Users/Projects/thesis-ai-fresh/[39mnode_modules/[4m.pnpm[24m/@vitest+runner@
4.0.14/node_modules/[4m@vitest[24m/runner/dist/index.js:1210:10[90m)[39m
    at [90mfile:///C:/Users/Projects/thesis-ai-fresh/[39mnode_modules/[4m.pnpm[24m/@vitest+runner@4.0.14/node_modu
les/[4m@vitest[24m/runner/dist/index.js:1654:37
    at Traces.$ [90m(file:///C:/Users/Projects/thesis-ai-fresh/[39mnode_modules/[4m.pnpm[24m/vitest@4.0.14_@opente
lemetr_24efe0c518e3f793aef2962d1469c377/node_modules/[4mvitest[24m/dist/chunks/traces.U4xDYhzZ.js:115:27[90m)[39m
    at trace [90m(file:///C:/Users/Projects/thesis-ai-fresh/[39mnode_modules/[4m.pnpm[24m/vitest@4.0.14_@opentelem
etr_24efe0c518e3f793aef2962d1469c377/node_modules/[4mvitest[24m/dist/chunks/test.DqQZzsWf.js:234:21[90m)[39m

[90mstderr[2m | src/__tests__/personalization/user-preferences.test.ts[2m > [22m[2mUserPreferencesManager[2m > 
[22m[2mgetUserPreferences[2m > [22m[2mshould return cached preferences if available
[22m[39mError fetching user preferences: TypeError: __vite_ssr_import_0__.supabase.from(...).select(...).eq is not 
a function
    at UserPreferencesManager.getUserPreferences 
(C:/Users/Projects/thesis-ai-fresh/src/lib/personalization/user-preferences.ts:30:10)
    at C:/Users/Projects/thesis-ai-fresh/src/__tests__/personalization/user-preferences.test.ts:49:21
    at [90mfile:///C:/Users/Projects/thesis-ai-fresh/[39mnode_modules/[4m.pnpm[24m/@vitest+runner@4.0.14/node_modu
les/[4m@vitest[24m/runner/dist/index.js:145:11
    at [90mfile:///C:/Users/Projects/thesis-ai-fresh/[39mnode_modules/[4m.pnpm[24m/@vitest+runner@4.0.14/node_modu
les/[4m@vitest[24m/runner/dist/index.js:919:26
    at [90mfile:///C:/Users/Projects/thesis-ai-fresh/[39mnode_modules/[4m.pnpm[24m/@vitest+runner@4.0.14/node_modu
les/[4m@vitest[24m/runner/dist/index.js:1244:20
    at new Promise (<anonymous>)
    at runWithTimeout [90m(file:///C:/Users/Projects/thesis-ai-fresh/[39mnode_modules/[4m.pnpm[24m/@vitest+runner@
4.0.14/node_modules/[4m@vitest[24m/runner/dist/index.js:1210:10[90m)[39m
    at [90mfile:///C:/Users/Projects/thesis-ai-fresh/[39mnode_modules/[4m.pnpm[24m/@vitest+runner@4.0.14/node_modu
les/[4m@vitest[24m/runner/dist/index.js:1654:37
    at Traces.$ [90m(file:///C:/Users/Projects/thesis-ai-fresh/[39mnode_modules/[4m.pnpm[24m/vitest@4.0.14_@opente
lemetr_24efe0c518e3f793aef2962d1469c377/node_modules/[4mvitest[24m/dist/chunks/traces.U4xDYhzZ.js:115:27[90m)[39m
    at trace [90m(file:///C:/Users/Projects/thesis-ai-fresh/[39mnode_modules/[4m.pnpm[24m/vitest@4.0.14_@opentelem
etr_24efe0c518e3f793aef2962d1469c377/node_modules/[4mvitest[24m/dist/chunks/test.DqQZzsWf.js:234:21[90m)[39m

[90mstderr[2m | src/__tests__/personalization/user-preferences.test.ts[2m > [22m[2mUserPreferencesManager[2m > 
[22m[2mgetUserPreferences[2m > [22m[2mshould return cached preferences if available
[22m[39mError fetching user preferences: TypeError: __vite_ssr_import_0__.supabase.from(...).select(...).eq is not 
a function
    at UserPreferencesManager.getUserPreferences 
(C:/Users/Projects/thesis-ai-fresh/src/lib/personalization/user-preferences.ts:30:10)
    at C:/Users/Projects/thesis-ai-fresh/src/__tests__/personalization/user-preferences.test.ts:52:35
[90m    at processTicksAndRejections (node:internal/process/task_queues:95:5)[39m
    at [90mfile:///C:/Users/Projects/thesis-ai-fresh/[39mnode_modules/[4m.pnpm[24m/@vitest+runner@4.0.14/node_modu
les/[4m@vitest[24m/runner/dist/index.js:919:20

[90mstderr[2m | src/__tests__/personalization/user-preferences.test.ts[2m > [22m[2mUserPreferencesManager[2m > 
[22m[2mgetUserPreferences[2m > [22m[2mshould return default preferences on error
[22m[39mError fetching user preferences: TypeError: __vite_ssr_import_0__.supabase.from(...).select(...).eq is not 
a function
    at UserPreferencesManager.getUserPreferences 
(C:/Users/Projects/thesis-ai-fresh/src/lib/personalization/user-preferences.ts:30:10)
    at C:/Users/Projects/thesis-ai-fresh/src/__tests__/personalization/user-preferences.test.ts:57:35
    at [90mfile:///C:/Users/Projects/thesis-ai-fresh/[39mnode_modules/[4m.pnpm[24m/@vitest+runner@4.0.14/node_modu
les/[4m@vitest[24m/runner/dist/index.js:145:11
    at [90mfile:///C:/Users/Projects/thesis-ai-fresh/[39mnode_modules/[4m.pnpm[24m/@vitest+runner@4.0.14/node_modu
les/[4m@vitest[24m/runner/dist/index.js:919:26
    at [90mfile:///C:/Users/Projects/thesis-ai-fresh/[39mnode_modules/[4m.pnpm[24m/@vitest+runner@4.0.14/node_modu
les/[4m@vitest[24m/runner/dist/index.js:1244:20
    at new Promise (<anonymous>)
    at runWithTimeout [90m(file:///C:/Users/Projects/thesis-ai-fresh/[39mnode_modules/[4m.pnpm[24m/@vitest+runner@
4.0.14/node_modules/[4m@vitest[24m/runner/dist/index.js:1210:10[90m)[39m
    at [90mfile:///C:/Users/Projects/thesis-ai-fresh/[39mnode_modules/[4m.pnpm[24m/@vitest+runner@4.0.14/node_modu
les/[4m@vitest[24m/runner/dist/index.js:1654:37
    at Traces.$ [90m(file:///C:/Users/Projects/thesis-ai-fresh/[39mnode_modules/[4m.pnpm[24m/vitest@4.0.14_@opente
lemetr_24efe0c518e3f793aef2962d1469c377/node_modules/[4mvitest[24m/dist/chunks/traces.U4xDYhzZ.js:115:27[90m)[39m
    at trace [90m(file:///C:/Users/Projects/thesis-ai-fresh/[39mnode_modules/[4m.pnpm[24m/vitest@4.0.14_@opentelem
etr_24efe0c518e3f793aef2962d1469c377/node_modules/[4mvitest[24m/dist/chunks/test.DqQZzsWf.js:234:21[90m)[39m

[90mstderr[2m | src/__tests__/personalization/user-preferences.test.ts[2m > [22m[2mUserPreferencesManager[2m > 
[22m[2mupdatePreferences[2m > [22m[2mshould merge new preferences with existing ones
[22m[39mError fetching user preferences: TypeError: __vite_ssr_import_0__.supabase.from(...).select(...).eq is not 
a function
    at UserPreferencesManager.getUserPreferences 
(C:/Users/Projects/thesis-ai-fresh/src/lib/personalization/user-preferences.ts:30:10)
    at UserPreferencesManager.updatePreferences 
(C:/Users/Projects/thesis-ai-fresh/src/lib/personalization/user-preferences.ts:49:35)
    at C:/Users/Projects/thesis-ai-fresh/src/__tests__/personalization/user-preferences.test.ts:71:36
    at [90mfile:///C:/Users/Projects/thesis-ai-fresh/[39mnode_modules/[4m.pnpm[24m/@vitest+runner@4.0.14/node_modu
les/[4m@vitest[24m/runner/dist/index.js:145:11
    at [90mfile:///C:/Users/Projects/thesis-ai-fresh/[39mnode_modules/[4m.pnpm[24m/@vitest+runner@4.0.14/node_modu
les/[4m@vitest[24m/runner/dist/index.js:919:26
    at [90mfile:///C:/Users/Projects/thesis-ai-fresh/[39mnode_modules/[4m.pnpm[24m/@vitest+runner@4.0.14/node_modu
les/[4m@vitest[24m/runner/dist/index.js:1244:20
    at new Promise (<anonymous>)
    at runWithTimeout [90m(file:///C:/Users/Projects/thesis-ai-fresh/[39mnode_modules/[4m.pnpm[24m/@vitest+runner@
4.0.14/node_modules/[4m@vitest[24m/runner/dist/index.js:1210:10[90m)[39m
    at [90mfile:///C:/Users/Projects/thesis-ai-fresh/[39mnode_modules/[4m.pnpm[24m/@vitest+runner@4.0.14/node_modu
les/[4m@vitest[24m/runner/dist/index.js:1654:37
    at Traces.$ [90m(file:///C:/Users/Projects/thesis-ai-fresh/[39mnode_modules/[4m.pnpm[24m/vitest@4.0.14_@opente
lemetr_24efe0c518e3f793aef2962d1469c377/node_modules/[4mvitest[24m/dist/chunks/traces.U4xDYhzZ.js:115:27[90m)[39m

[90mstderr[2m | src/__tests__/personalization/user-preferences.test.ts[2m > [22m[2mUserPreferencesManager[2m > 
[22m[2mupdatePreferences[2m > [22m[2mshould update the version number
[22m[39mError fetching user preferences: TypeError: __vite_ssr_import_0__.supabase.from(...).select(...).eq is not 
a function
    at UserPreferencesManager.getUserPreferences 
(C:/Users/Projects/thesis-ai-fresh/src/lib/personalization/user-preferences.ts:30:10)
    at UserPreferencesManager.updatePreferences 
(C:/Users/Projects/thesis-ai-fresh/src/lib/personalization/user-preferences.ts:49:35)
    at C:/Users/Projects/thesis-ai-fresh/src/__tests__/personalization/user-preferences.test.ts:80:36
    at [90mfile:///C:/Users/Projects/thesis-ai-fresh/[39mnode_modules/[4m.pnpm[24m/@vitest+runner@4.0.14/node_modu
les/[4m@vitest[24m/runner/dist/index.js:145:11
    at [90mfile:///C:/Users/Projects/thesis-ai-fresh/[39mnode_modules/[4m.pnpm[24m/@vitest+runner@4.0.14/node_modu
les/[4m@vitest[24m/runner/dist/index.js:919:26
    at [90mfile:///C:/Users/Projects/thesis-ai-fresh/[39mnode_modules/[4m.pnpm[24m/@vitest+runner@4.0.14/node_modu
les/[4m@vitest[24m/runner/dist/index.js:1244:20
    at new Promise (<anonymous>)
    at runWithTimeout [90m(file:///C:/Users/Projects/thesis-ai-fresh/[39mnode_modules/[4m.pnpm[24m/@vitest+runner@
4.0.14/node_modules/[4m@vitest[24m/runner/dist/index.js:1210:10[90m)[39m
    at [90mfile:///C:/Users/Projects/thesis-ai-fresh/[39mnode_modules/[4m.pnpm[24m/@vitest+runner@4.0.14/node_modu
les/[4m@vitest[24m/runner/dist/index.js:1654:37
    at Traces.$ [90m(file:///C:/Users/Projects/thesis-ai-fresh/[39mnode_modules/[4m.pnpm[24m/vitest@4.0.14_@opente
lemetr_24efe0c518e3f793aef2962d1469c377/node_modules/[4mvitest[24m/dist/chunks/traces.U4xDYhzZ.js:115:27[90m)[39m

[90mstderr[2m | src/__tests__/personalization/user-preferences.test.ts[2m > [22m[2mUserPreferencesManager[2m > 
[22m[2mupdatePreferences[2m > [22m[2mshould update the timestamp
[22m[39mError fetching user preferences: TypeError: __vite_ssr_import_0__.supabase.from(...).select(...).eq is not 
a function
    at UserPreferencesManager.getUserPreferences 
(C:/Users/Projects/thesis-ai-fresh/src/lib/personalization/user-preferences.ts:30:10)
    at UserPreferencesManager.updatePreferences 
(C:/Users/Projects/thesis-ai-fresh/src/lib/personalization/user-preferences.ts:49:35)
    at C:/Users/Projects/thesis-ai-fresh/src/__tests__/personalization/user-preferences.test.ts:89:36
    at [90mfile:///C:/Users/Projects/thesis-ai-fresh/[39mnode_modules/[4m.pnpm[24m/@vitest+runner@4.0.14/node_modu
les/[4m@vitest[24m/runner/dist/index.js:145:11
    at [90mfile:///C:/Users/Projects/thesis-ai-fresh/[39mnode_modules/[4m.pnpm[24m/@vitest+runner@4.0.14/node_modu
les/[4m@vitest[24m/runner/dist/index.js:919:26
    at [90mfile:///C:/Users/Projects/thesis-ai-fresh/[39mnode_modules/[4m.pnpm[24m/@vitest+runner@4.0.14/node_modu
les/[4m@vitest[24m/runner/dist/index.js:1244:20
    at new Promise (<anonymous>)
    at runWithTimeout [90m(file:///C:/Users/Projects/thesis-ai-fresh/[39mnode_modules/[4m.pnpm[24m/@vitest+runner@
4.0.14/node_modules/[4m@vitest[24m/runner/dist/index.js:1210:10[90m)[39m
    at [90mfile:///C:/Users/Projects/thesis-ai-fresh/[39mnode_modules/[4m.pnpm[24m/@vitest+runner@4.0.14/node_modu
les/[4m@vitest[24m/runner/dist/index.js:1654:37
    at Traces.$ [90m(file:///C:/Users/Projects/thesis-ai-fresh/[39mnode_modules/[4m.pnpm[24m/vitest@4.0.14_@opente
lemetr_24efe0c518e3f793aef2962d1469c377/node_modules/[4mvitest[24m/dist/chunks/traces.U4xDYhzZ.js:115:27[90m)[39m

[90mstderr[2m | src/__tests__/personalization/user-preferences.test.ts[2m > [22m[2mUserPreferencesManager[2m > 
[22m[2mupdateThemePreferences[2m > [22m[2mshould update only theme settings
[22m[39mError fetching user preferences: TypeError: __vite_ssr_import_0__.supabase.from(...).select(...).eq is not 
a function
    at UserPreferencesManager.getUserPreferences 
(C:/Users/Projects/thesis-ai-fresh/src/lib/personalization/user-preferences.ts:30:10)
    at UserPreferencesManager.updateThemePreferences 
(C:/Users/Projects/thesis-ai-fresh/src/lib/personalization/user-preferences.ts:86:30)
    at C:/Users/Projects/thesis-ai-fresh/src/__tests__/personalization/user-preferences.test.ts:101:36
    at [90mfile:///C:/Users/Projects/thesis-ai-fresh/[39mnode_modules/[4m.pnpm[24m/@vitest+runner@4.0.14/node_modu
les/[4m@vitest[24m/runner/dist/index.js:145:11
    at [90mfile:///C:/Users/Projects/thesis-ai-fresh/[39mnode_modules/[4m.pnpm[24m/@vitest+runner@4.0.14/node_modu
les/[4m@vitest[24m/runner/dist/index.js:919:26
    at [90mfile:///C:/Users/Projects/thesis-ai-fresh/[39mnode_modules/[4m.pnpm[24m/@vitest+runner@4.0.14/node_modu
les/[4m@vitest[24m/runner/dist/index.js:1244:20
    at new Promise (<anonymous>)
    at runWithTimeout [90m(file:///C:/Users/Projects/thesis-ai-fresh/[39mnode_modules/[4m.pnpm[24m/@vitest+runner@
4.0.14/node_modules/[4m@vitest[24m/runner/dist/index.js:1210:10[90m)[39m
    at [90mfile:///C:/Users/Projects/thesis-ai-fresh/[39mnode_modules/[4m.pnpm[24m/@vitest+runner@4.0.14/node_modu
les/[4m@vitest[24m/runner/dist/index.js:1654:37
    at Traces.$ [90m(file:///C:/Users/Projects/thesis-ai-fresh/[39mnode_modules/[4m.pnpm[24m/vitest@4.0.14_@opente
lemetr_24efe0c518e3f793aef2962d1469c377/node_modules/[4mvitest[24m/dist/chunks/traces.U4xDYhzZ.js:115:27[90m)[39m

[90mstderr[2m | src/__tests__/personalization/user-preferences.test.ts[2m > [22m[2mUserPreferencesManager[2m > 
[22m[2mupdateThemePreferences[2m > [22m[2mshould update only theme settings
[22m[39mError fetching user preferences: TypeError: __vite_ssr_import_0__.supabase.from(...).select(...).eq is not 
a function
    at UserPreferencesManager.getUserPreferences 
(C:/Users/Projects/thesis-ai-fresh/src/lib/personalization/user-preferences.ts:30:10)
    at UserPreferencesManager.updatePreferences 
(C:/Users/Projects/thesis-ai-fresh/src/lib/personalization/user-preferences.ts:49:35)
    at UserPreferencesManager.updateThemePreferences 
(C:/Users/Projects/thesis-ai-fresh/src/lib/personalization/user-preferences.ts:87:17)
[90m    at processTicksAndRejections (node:internal/process/task_queues:95:5)[39m
    at C:/Users/Projects/thesis-ai-fresh/src/__tests__/personalization/user-preferences.test.ts:101:22
    at [90mfile:///C:/Users/Projects/thesis-ai-fresh/[39mnode_modules/[4m.pnpm[24m/@vitest+runner@4.0.14/node_modu
les/[4m@vitest[24m/runner/dist/index.js:919:20

[90mstderr[2m | src/__tests__/personalization/user-preferences.test.ts[2m > [22m[2mUserPreferencesManager[2m > 
[22m[2mupdateNotificationPreferences[2m > [22m[2mshould update only notification settings
[22m[39mError fetching user preferences: TypeError: __vite_ssr_import_0__.supabase.from(...).select(...).eq is not 
a function
    at UserPreferencesManager.getUserPreferences 
(C:/Users/Projects/thesis-ai-fresh/src/lib/personalization/user-preferences.ts:30:10)
    at UserPreferencesManager.updateNotificationPreferences 
(C:/Users/Projects/thesis-ai-fresh/src/lib/personalization/user-preferences.ts:93:30)
    at C:/Users/Projects/thesis-ai-fresh/src/__tests__/personalization/user-preferences.test.ts:112:36
    at [90mfile:///C:/Users/Projects/thesis-ai-fresh/[39mnode_modules/[4m.pnpm[24m/@vitest+runner@4.0.14/node_modu
les/[4m@vitest[24m/runner/dist/index.js:145:11
    at [90mfile:///C:/Users/Projects/thesis-ai-fresh/[39mnode_modules/[4m.pnpm[24m/@vitest+runner@4.0.14/node_modu
les/[4m@vitest[24m/runner/dist/index.js:919:26
    at [90mfile:///C:/Users/Projects/thesis-ai-fresh/[39mnode_modules/[4m.pnpm[24m/@vitest+runner@4.0.14/node_modu
les/[4m@vitest[24m/runner/dist/index.js:1244:20
    at new Promise (<anonymous>)
    at runWithTimeout [90m(file:///C:/Users/Projects/thesis-ai-fresh/[39mnode_modules/[4m.pnpm[24m/@vitest+runner@
4.0.14/node_modules/[4m@vitest[24m/runner/dist/index.js:1210:10[90m)[39m
    at [90mfile:///C:/Users/Projects/thesis-ai-fresh/[39mnode_modules/[4m.pnpm[24m/@vitest+runner@4.0.14/node_modu
les/[4m@vitest[24m/runner/dist/index.js:1654:37
    at Traces.$ [90m(file:///C:/Users/Projects/thesis-ai-fresh/[39mnode_modules/[4m.pnpm[24m/vitest@4.0.14_@opente
lemetr_24efe0c518e3f793aef2962d1469c377/node_modules/[4mvitest[24m/dist/chunks/traces.U4xDYhzZ.js:115:27[90m)[39m

[90mstderr[2m | src/__tests__/personalization/user-preferences.test.ts[2m > [22m[2mUserPreferencesManager[2m > 
[22m[2mupdateNotificationPreferences[2m > [22m[2mshould update only notification settings
[22m[39mError fetching user preferences: TypeError: __vite_ssr_import_0__.supabase.from(...).select(...).eq is not 
a function
    at UserPreferencesManager.getUserPreferences 
(C:/Users/Projects/thesis-ai-fresh/src/lib/personalization/user-preferences.ts:30:10)
    at UserPreferencesManager.updatePreferences 
(C:/Users/Projects/thesis-ai-fresh/src/lib/personalization/user-preferences.ts:49:35)
    at UserPreferencesManager.updateNotificationPreferences 
(C:/Users/Projects/thesis-ai-fresh/src/lib/personalization/user-preferences.ts:94:17)
[90m    at processTicksAndRejections (node:internal/process/task_queues:95:5)[39m
    at C:/Users/Projects/thesis-ai-fresh/src/__tests__/personalization/user-preferences.test.ts:112:22
    at [90mfile:///C:/Users/Projects/thesis-ai-fresh/[39mnode_modules/[4m.pnpm[24m/@vitest+runner@4.0.14/node_modu
les/[4m@vitest[24m/runner/dist/index.js:919:20

[90mstderr[2m | src/__tests__/personalization/user-preferences.test.ts[2m > [22m[2mUserPreferencesManager[2m > 
[22m[2mupdateAccessibilityPreferences[2m > [22m[2mshould update only accessibility settings
[22m[39mError fetching user preferences: TypeError: __vite_ssr_import_0__.supabase.from(...).select(...).eq is not 
a function
    at UserPreferencesManager.getUserPreferences 
(C:/Users/Projects/thesis-ai-fresh/src/lib/personalization/user-preferences.ts:30:10)
    at UserPreferencesManager.updateAccessibilityPreferences 
(C:/Users/Projects/thesis-ai-fresh/src/lib/personalization/user-preferences.ts:100:30)
    at C:/Users/Projects/thesis-ai-fresh/src/__tests__/personalization/user-preferences.test.ts:123:36
    at [90mfile:///C:/Users/Projects/thesis-ai-fresh/[39mnode_modules/[4m.pnpm[24m/@vitest+runner@4.0.14/node_modu
les/[4m@vitest[24m/runner/dist/index.js:145:11
    at [90mfile:///C:/Users/Projects/thesis-ai-fresh/[39mnode_modules/[4m.pnpm[24m/@vitest+runner@4.0.14/node_modu
les/[4m@vitest[24m/runner/dist/index.js:919:26
    at [90mfile:///C:/Users/Projects/thesis-ai-fresh/[39mnode_modules/[4m.pnpm[24m/@vitest+runner@4.0.14/node_modu
les/[4m@vitest[24m/runner/dist/index.js:1244:20
    at new Promise (<anonymous>)
    at runWithTimeout [90m(file:///C:/Users/Projects/thesis-ai-fresh/[39mnode_modules/[4m.pnpm[24m/@vitest+runner@
4.0.14/node_modules/[4m@vitest[24m/runner/dist/index.js:1210:10[90m)[39m
    at [90mfile:///C:/Users/Projects/thesis-ai-fresh/[39mnode_modules/[4m.pnpm[24m/@vitest+runner@4.0.14/node_modu
les/[4m@vitest[24m/runner/dist/index.js:1654:37
    at Traces.$ [90m(file:///C:/Users/Projects/thesis-ai-fresh/[39mnode_modules/[4m.pnpm[24m/vitest@4.0.14_@opente
lemetr_24efe0c518e3f793aef2962d1469c377/node_modules/[4mvitest[24m/dist/chunks/traces.U4xDYhzZ.js:115:27[90m)[39m

[90mstderr[2m | src/__tests__/personalization/user-preferences.test.ts[2m > [22m[2mUserPreferencesManager[2m > 
[22m[2mupdateAccessibilityPreferences[2m > [22m[2mshould update only accessibility settings
[22m[39mError fetching user preferences: TypeError: __vite_ssr_import_0__.supabase.from(...).select(...).eq is not 
a function
    at UserPreferencesManager.getUserPreferences 
(C:/Users/Projects/thesis-ai-fresh/src/lib/personalization/user-preferences.ts:30:10)
    at UserPreferencesManager.updatePreferences 
(C:/Users/Projects/thesis-ai-fresh/src/lib/personalization/user-preferences.ts:49:35)
    at UserPreferencesManager.updateAccessibilityPreferences 
(C:/Users/Projects/thesis-ai-fresh/src/lib/personalization/user-preferences.ts:101:17)
[90m    at processTicksAndRejections (node:internal/process/task_queues:95:5)[39m
    at C:/Users/Projects/thesis-ai-fresh/src/__tests__/personalization/user-preferences.test.ts:123:22
    at [90mfile:///C:/Users/Projects/thesis-ai-fresh/[39mnode_modules/[4m.pnpm[24m/@vitest+runner@4.0.14/node_modu
les/[4m@vitest[24m/runner/dist/index.js:919:20

[90mstderr[2m | src/__tests__/personalization/user-preferences.test.ts[2m > [22m[2mUserPreferencesManager[2m > 
[22m[2mupdateDashboardPreferences[2m > [22m[2mshould update only dashboard settings
[22m[39mError fetching user preferences: TypeError: __vite_ssr_import_0__.supabase.from(...).select(...).eq is not 
a function
    at UserPreferencesManager.getUserPreferences 
(C:/Users/Projects/thesis-ai-fresh/src/lib/personalization/user-preferences.ts:30:10)
    at UserPreferencesManager.updateDashboardPreferences 
(C:/Users/Projects/thesis-ai-fresh/src/lib/personalization/user-preferences.ts:107:30)
    at C:/Users/Projects/thesis-ai-fresh/src/__tests__/personalization/user-preferences.test.ts:134:36
    at [90mfile:///C:/Users/Projects/thesis-ai-fresh/[39mnode_modules/[4m.pnpm[24m/@vitest+runner@4.0.14/node_modu
les/[4m@vitest[24m/runner/dist/index.js:145:11
    at [90mfile:///C:/Users/Projects/thesis-ai-fresh/[39mnode_modules/[4m.pnpm[24m/@vitest+runner@4.0.14/node_modu
les/[4m@vitest[24m/runner/dist/index.js:919:26
    at [90mfile:///C:/Users/Projects/thesis-ai-fresh/[39mnode_modules/[4m.pnpm[24m/@vitest+runner@4.0.14/node_modu
les/[4m@vitest[24m/runner/dist/index.js:1244:20
    at new Promise (<anonymous>)
    at runWithTimeout [90m(file:///C:/Users/Projects/thesis-ai-fresh/[39mnode_modules/[4m.pnpm[24m/@vitest+runner@
4.0.14/node_modules/[4m@vitest[24m/runner/dist/index.js:1210:10[90m)[39m
    at [90mfile:///C:/Users/Projects/thesis-ai-fresh/[39mnode_modules/[4m.pnpm[24m/@vitest+runner@4.0.14/node_modu
les/[4m@vitest[24m/runner/dist/index.js:1654:37
    at Traces.$ [90m(file:///C:/Users/Projects/thesis-ai-fresh/[39mnode_modules/[4m.pnpm[24m/vitest@4.0.14_@opente
lemetr_24efe0c518e3f793aef2962d1469c377/node_modules/[4mvitest[24m/dist/chunks/traces.U4xDYhzZ.js:115:27[90m)[39m

[90mstderr[2m | src/__tests__/personalization/user-preferences.test.ts[2m > [22m[2mUserPreferencesManager[2m > 
[22m[2mupdateDashboardPreferences[2m > [22m[2mshould update only dashboard settings
[22m[39mError fetching user preferences: TypeError: __vite_ssr_import_0__.supabase.from(...).select(...).eq is not 
a function
    at UserPreferencesManager.getUserPreferences 
(C:/Users/Projects/thesis-ai-fresh/src/lib/personalization/user-preferences.ts:30:10)
    at UserPreferencesManager.updatePreferences 
(C:/Users/Projects/thesis-ai-fresh/src/lib/personalization/user-preferences.ts:49:35)
    at UserPreferencesManager.updateDashboardPreferences 
(C:/Users/Projects/thesis-ai-fresh/src/lib/personalization/user-preferences.ts:108:17)
[90m    at processTicksAndRejections (node:internal/process/task_queues:95:5)[39m
    at C:/Users/Projects/thesis-ai-fresh/src/__tests__/personalization/user-preferences.test.ts:134:22
    at [90mfile:///C:/Users/Projects/thesis-ai-fresh/[39mnode_modules/[4m.pnpm[24m/@vitest+runner@4.0.14/node_modu
les/[4m@vitest[24m/runner/dist/index.js:919:20

[90mstderr[2m | src/__tests__/personalization/user-preferences.test.ts[2m > [22m[2mUserPreferencesManager[2m > 
[22m[2mresetPreferences[2m > [22m[2mshould reset preferences to defaults
[22m[39mError fetching user preferences: TypeError: __vite_ssr_import_0__.supabase.from(...).select(...).eq is not 
a function
    at UserPreferencesManager.getUserPreferences 
(C:/Users/Projects/thesis-ai-fresh/src/lib/personalization/user-preferences.ts:30:10)
    at UserPreferencesManager.updatePreferences 
(C:/Users/Projects/thesis-ai-fresh/src/lib/personalization/user-preferences.ts:49:35)
    at UserPreferencesManager.resetPreferences 
(C:/Users/Projects/thesis-ai-fresh/src/lib/personalization/user-preferences.ts:119:17)
    at C:/Users/Projects/thesis-ai-fresh/src/__tests__/personalization/user-preferences.test.ts:143:38
    at [90mfile:///C:/Users/Projects/thesis-ai-fresh/[39mnode_modules/[4m.pnpm[24m/@vitest+runner@4.0.14/node_modu
les/[4m@vitest[24m/runner/dist/index.js:145:11
    at [90mfile:///C:/Users/Projects/thesis-ai-fresh/[39mnode_modules/[4m.pnpm[24m/@vitest+runner@4.0.14/node_modu
les/[4m@vitest[24m/runner/dist/index.js:919:26
    at [90mfile:///C:/Users/Projects/thesis-ai-fresh/[39mnode_modules/[4m.pnpm[24m/@vitest+runner@4.0.14/node_modu
les/[4m@vitest[24m/runner/dist/index.js:1244:20
    at new Promise (<anonymous>)
    at runWithTimeout [90m(file:///C:/Users/Projects/thesis-ai-fresh/[39mnode_modules/[4m.pnpm[24m/@vitest+runner@
4.0.14/node_modules/[4m@vitest[24m/runner/dist/index.js:1210:10[90m)[39m
    at [90mfile:///C:/Users/Projects/thesis-ai-fresh/[39mnode_modules/[4m.pnpm[24m/@vitest+runner@4.0.14/node_modu
les/[4m@vitest[24m/runner/dist/index.js:1654:37

[90mstderr[2m | src/__tests__/personalization/user-preferences.test.ts[2m > [22m[2mUserPreferencesManager[2m > 
[22m[2mresetPreferences[2m > [22m[2mshould clear the cache
[22m[39mError fetching user preferences: TypeError: __vite_ssr_import_0__.supabase.from(...).select(...).eq is not 
a function
    at UserPreferencesManager.getUserPreferences 
(C:/Users/Projects/thesis-ai-fresh/src/lib/personalization/user-preferences.ts:30:10)
    at C:/Users/Projects/thesis-ai-fresh/src/__tests__/personalization/user-preferences.test.ts:153:21
    at [90mfile:///C:/Users/Projects/thesis-ai-fresh/[39mnode_modules/[4m.pnpm[24m/@vitest+runner@4.0.14/node_modu
les/[4m@vitest[24m/runner/dist/index.js:145:11
    at [90mfile:///C:/Users/Projects/thesis-ai-fresh/[39mnode_modules/[4m.pnpm[24m/@vitest+runner@4.0.14/node_modu
les/[4m@vitest[24m/runner/dist/index.js:919:26
    at [90mfile:///C:/Users/Projects/thesis-ai-fresh/[39mnode_modules/[4m.pnpm[24m/@vitest+runner@4.0.14/node_modu
les/[4m@vitest[24m/runner/dist/index.js:1244:20
    at new Promise (<anonymous>)
    at runWithTimeout [90m(file:///C:/Users/Projects/thesis-ai-fresh/[39mnode_modules/[4m.pnpm[24m/@vitest+runner@
4.0.14/node_modules/[4m@vitest[24m/runner/dist/index.js:1210:10[90m)[39m
    at [90mfile:///C:/Users/Projects/thesis-ai-fresh/[39mnode_modules/[4m.pnpm[24m/@vitest+runner@4.0.14/node_modu
les/[4m@vitest[24m/runner/dist/index.js:1654:37
    at Traces.$ [90m(file:///C:/Users/Projects/thesis-ai-fresh/[39mnode_modules/[4m.pnpm[24m/vitest@4.0.14_@opente
lemetr_24efe0c518e3f793aef2962d1469c377/node_modules/[4mvitest[24m/dist/chunks/traces.U4xDYhzZ.js:115:27[90m)[39m
    at trace [90m(file:///C:/Users/Projects/thesis-ai-fresh/[39mnode_modules/[4m.pnpm[24m/vitest@4.0.14_@opentelem
etr_24efe0c518e3f793aef2962d1469c377/node_modules/[4mvitest[24m/dist/chunks/test.DqQZzsWf.js:234:21[90m)[39m

[90mstderr[2m | src/__tests__/personalization/user-preferences.test.ts[2m > [22m[2mUserPreferencesManager[2m > 
[22m[2mresetPreferences[2m > [22m[2mshould clear the cache
[22m[39mError fetching user preferences: TypeError: __vite_ssr_import_0__.supabase.from(...).select(...).eq is not 
a function
    at UserPreferencesManager.getUserPreferences 
(C:/Users/Projects/thesis-ai-fresh/src/lib/personalization/user-preferences.ts:30:10)
    at UserPreferencesManager.updatePreferences 
(C:/Users/Projects/thesis-ai-fresh/src/lib/personalization/user-preferences.ts:49:35)
    at UserPreferencesManager.resetPreferences 
(C:/Users/Projects/thesis-ai-fresh/src/lib/personalization/user-preferences.ts:119:17)
    at C:/Users/Projects/thesis-ai-fresh/src/__tests__/personalization/user-preferences.test.ts:156:21
[90m    at processTicksAndRejections (node:internal/process/task_queues:95:5)[39m
    at [90mfile:///C:/Users/Projects/thesis-ai-fresh/[39mnode_modules/[4m.pnpm[24m/@vitest+runner@4.0.14/node_modu
les/[4m@vitest[24m/runner/dist/index.js:919:20

[90mstderr[2m | src/__tests__/personalization/user-preferences.test.ts[2m > [22m[2mUserPreferencesManager[2m > 
[22m[2mresetPreferences[2m > [22m[2mshould set version to 1
[22m[39mError fetching user preferences: TypeError: __vite_ssr_import_0__.supabase.from(...).select(...).eq is not 
a function
    at UserPreferencesManager.getUserPreferences 
(C:/Users/Projects/thesis-ai-fresh/src/lib/personalization/user-preferences.ts:30:10)
    at UserPreferencesManager.updatePreferences 
(C:/Users/Projects/thesis-ai-fresh/src/lib/personalization/user-preferences.ts:49:35)
    at UserPreferencesManager.resetPreferences 
(C:/Users/Projects/thesis-ai-fresh/src/lib/personalization/user-preferences.ts:119:17)
    at C:/Users/Projects/thesis-ai-fresh/src/__tests__/personalization/user-preferences.test.ts:164:36
    at [90mfile:///C:/Users/Projects/thesis-ai-fresh/[39mnode_modules/[4m.pnpm[24m/@vitest+runner@4.0.14/node_modu
les/[4m@vitest[24m/runner/dist/index.js:145:11
    at [90mfile:///C:/Users/Projects/thesis-ai-fresh/[39mnode_modules/[4m.pnpm[24m/@vitest+runner@4.0.14/node_modu
les/[4m@vitest[24m/runner/dist/index.js:919:26
    at [90mfile:///C:/Users/Projects/thesis-ai-fresh/[39mnode_modules/[4m.pnpm[24m/@vitest+runner@4.0.14/node_modu
les/[4m@vitest[24m/runner/dist/index.js:1244:20
    at new Promise (<anonymous>)
    at runWithTimeout [90m(file:///C:/Users/Projects/thesis-ai-fresh/[39mnode_modules/[4m.pnpm[24m/@vitest+runner@
4.0.14/node_modules/[4m@vitest[24m/runner/dist/index.js:1210:10[90m)[39m
    at [90mfile:///C:/Users/Projects/thesis-ai-fresh/[39mnode_modules/[4m.pnpm[24m/@vitest+runner@4.0.14/node_modu
les/[4m@vitest[24m/runner/dist/index.js:1654:37

[90mstderr[2m | src/__tests__/personalization/user-preferences.test.ts[2m > [22m[2mUserPreferencesManager[2m > 
[22m[2mclearCache[2m > [22m[2mshould clear cache for specific user
[22m[39mError fetching user preferences: TypeError: __vite_ssr_import_0__.supabase.from(...).select(...).eq is not 
a function
    at UserPreferencesManager.getUserPreferences 
(C:/Users/Projects/thesis-ai-fresh/src/lib/personalization/user-preferences.ts:30:10)
    at C:/Users/Projects/thesis-ai-fresh/src/__tests__/personalization/user-preferences.test.ts:173:21
    at [90mfile:///C:/Users/Projects/thesis-ai-fresh/[39mnode_modules/[4m.pnpm[24m/@vitest+runner@4.0.14/node_modu
les/[4m@vitest[24m/runner/dist/index.js:145:11
    at [90mfile:///C:/Users/Projects/thesis-ai-fresh/[39mnode_modules/[4m.pnpm[24m/@vitest+runner@4.0.14/node_modu
les/[4m@vitest[24m/runner/dist/index.js:919:26
    at [90mfile:///C:/Users/Projects/thesis-ai-fresh/[39mnode_modules/[4m.pnpm[24m/@vitest+runner@4.0.14/node_modu
les/[4m@vitest[24m/runner/dist/index.js:1244:20
    at new Promise (<anonymous>)
    at runWithTimeout [90m(file:///C:/Users/Projects/thesis-ai-fresh/[39mnode_modules/[4m.pnpm[24m/@vitest+runner@
4.0.14/node_modules/[4m@vitest[24m/runner/dist/index.js:1210:10[90m)[39m
    at [90mfile:///C:/Users/Projects/thesis-ai-fresh/[39mnode_modules/[4m.pnpm[24m/@vitest+runner@4.0.14/node_modu
les/[4m@vitest[24m/runner/dist/index.js:1654:37
    at Traces.$ [90m(file:///C:/Users/Projects/thesis-ai-fresh/[39mnode_modules/[4m.pnpm[24m/vitest@4.0.14_@opente
lemetr_24efe0c518e3f793aef2962d1469c377/node_modules/[4mvitest[24m/dist/chunks/traces.U4xDYhzZ.js:115:27[90m)[39m
    at trace [90m(file:///C:/Users/Projects/thesis-ai-fresh/[39mnode_modules/[4m.pnpm[24m/vitest@4.0.14_@opentelem
etr_24efe0c518e3f793aef2962d1469c377/node_modules/[4mvitest[24m/dist/chunks/test.DqQZzsWf.js:234:21[90m)[39m

[90mstderr[2m | src/__tests__/personalization/user-preferences.test.ts[2m > [22m[2mUserPreferencesManager[2m > 
[22m[2mclearCache[2m > [22m[2mshould clear all cache when no user specified
[22m[39mError fetching user preferences: TypeError: __vite_ssr_import_0__.supabase.from(...).select(...).eq is not 
a function
    at UserPreferencesManager.getUserPreferences 
(C:/Users/Projects/thesis-ai-fresh/src/lib/personalization/user-preferences.ts:30:10)
    at C:/Users/Projects/thesis-ai-fresh/src/__tests__/personalization/user-preferences.test.ts:183:21
    at [90mfile:///C:/Users/Projects/thesis-ai-fresh/[39mnode_modules/[4m.pnpm[24m/@vitest+runner@4.0.14/node_modu
les/[4m@vitest[24m/runner/dist/index.js:145:11
    at [90mfile:///C:/Users/Projects/thesis-ai-fresh/[39mnode_modules/[4m.pnpm[24m/@vitest+runner@4.0.14/node_modu
les/[4m@vitest[24m/runner/dist/index.js:919:26
    at [90mfile:///C:/Users/Projects/thesis-ai-fresh/[39mnode_modules/[4m.pnpm[24m/@vitest+runner@4.0.14/node_modu
les/[4m@vitest[24m/runner/dist/index.js:1244:20
    at new Promise (<anonymous>)
    at runWithTimeout [90m(file:///C:/Users/Projects/thesis-ai-fresh/[39mnode_modules/[4m.pnpm[24m/@vitest+runner@
4.0.14/node_modules/[4m@vitest[24m/runner/dist/index.js:1210:10[90m)[39m
    at [90mfile:///C:/Users/Projects/thesis-ai-fresh/[39mnode_modules/[4m.pnpm[24m/@vitest+runner@4.0.14/node_modu
les/[4m@vitest[24m/runner/dist/index.js:1654:37
    at Traces.$ [90m(file:///C:/Users/Projects/thesis-ai-fresh/[39mnode_modules/[4m.pnpm[24m/vitest@4.0.14_@opente
lemetr_24efe0c518e3f793aef2962d1469c377/node_modules/[4mvitest[24m/dist/chunks/traces.U4xDYhzZ.js:115:27[90m)[39m
    at trace [90m(file:///C:/Users/Projects/thesis-ai-fresh/[39mnode_modules/[4m.pnpm[24m/vitest@4.0.14_@opentelem
etr_24efe0c518e3f793aef2962d1469c377/node_modules/[4mvitest[24m/dist/chunks/test.DqQZzsWf.js:234:21[90m)[39m

[90mstderr[2m | src/__tests__/personalization/user-preferences.test.ts[2m > [22m[2mUserPreferencesManager[2m > 
[22m[2mDefault Preferences[2m > [22m[2mshould return default layout preferences
[22m[39mError fetching user preferences: TypeError: __vite_ssr_import_0__.supabase.from(...).select(...).eq is not 
a function
    at UserPreferencesManager.getUserPreferences 
(C:/Users/Projects/thesis-ai-fresh/src/lib/personalization/user-preferences.ts:30:10)
    at C:/Users/Projects/thesis-ai-fresh/src/__tests__/personalization/user-preferences.test.ts:194:35
    at [90mfile:///C:/Users/Projects/thesis-ai-fresh/[39mnode_modules/[4m.pnpm[24m/@vitest+runner@4.0.14/node_modu
les/[4m@vitest[24m/runner/dist/index.js:145:11
    at [90mfile:///C:/Users/Projects/thesis-ai-fresh/[39mnode_modules/[4m.pnpm[24m/@vitest+runner@4.0.14/node_modu
les/[4m@vitest[24m/runner/dist/index.js:919:26
    at [90mfile:///C:/Users/Projects/thesis-ai-fresh/[39mnode_modules/[4m.pnpm[24m/@vitest+runner@4.0.14/node_modu
les/[4m@vitest[24m/runner/dist/index.js:1244:20
    at new Promise (<anonymous>)
    at runWithTimeout [90m(file:///C:/Users/Projects/thesis-ai-fresh/[39mnode_modules/[4m.pnpm[24m/@vitest+runner@
4.0.14/node_modules/[4m@vitest[24m/runner/dist/index.js:1210:10[90m)[39m
    at [90mfile:///C:/Users/Projects/thesis-ai-fresh/[39mnode_modules/[4m.pnpm[24m/@vitest+runner@4.0.14/node_modu
les/[4m@vitest[24m/runner/dist/index.js:1654:37
    at Traces.$ [90m(file:///C:/Users/Projects/thesis-ai-fresh/[39mnode_modules/[4m.pnpm[24m/vitest@4.0.14_@opente
lemetr_24efe0c518e3f793aef2962d1469c377/node_modules/[4mvitest[24m/dist/chunks/traces.U4xDYhzZ.js:115:27[90m)[39m
    at trace [90m(file:///C:/Users/Projects/thesis-ai-fresh/[39mnode_modules/[4m.pnpm[24m/vitest@4.0.14_@opentelem
etr_24efe0c518e3f793aef2962d1469c377/node_modules/[4mvitest[24m/dist/chunks/test.DqQZzsWf.js:234:21[90m)[39m

[90mstderr[2m | src/__tests__/personalization/user-preferences.test.ts[2m > [22m[2mUserPreferencesManager[2m > 
[22m[2mDefault Preferences[2m > [22m[2mshould return default theme preferences
[22m[39mError fetching user preferences: TypeError: __vite_ssr_import_0__.supabase.from(...).select(...).eq is not 
a function
    at UserPreferencesManager.getUserPreferences 
(C:/Users/Projects/thesis-ai-fresh/src/lib/personalization/user-preferences.ts:30:10)
    at C:/Users/Projects/thesis-ai-fresh/src/__tests__/personalization/user-preferences.test.ts:202:35
    at [90mfile:///C:/Users/Projects/thesis-ai-fresh/[39mnode_modules/[4m.pnpm[24m/@vitest+runner@4.0.14/node_modu
les/[4m@vitest[24m/runner/dist/index.js:145:11
    at [90mfile:///C:/Users/Projects/thesis-ai-fresh/[39mnode_modules/[4m.pnpm[24m/@vitest+runner@4.0.14/node_modu
les/[4m@vitest[24m/runner/dist/index.js:919:26
    at [90mfile:///C:/Users/Projects/thesis-ai-fresh/[39mnode_modules/[4m.pnpm[24m/@vitest+runner@4.0.14/node_modu
les/[4m@vitest[24m/runner/dist/index.js:1244:20
    at new Promise (<anonymous>)
    at runWithTimeout [90m(file:///C:/Users/Projects/thesis-ai-fresh/[39mnode_modules/[4m.pnpm[24m/@vitest+runner@
4.0.14/node_modules/[4m@vitest[24m/runner/dist/index.js:1210:10[90m)[39m
    at [90mfile:///C:/Users/Projects/thesis-ai-fresh/[39mnode_modules/[4m.pnpm[24m/@vitest+runner@4.0.14/node_modu
les/[4m@vitest[24m/runner/dist/index.js:1654:37
    at Traces.$ [90m(file:///C:/Users/Projects/thesis-ai-fresh/[39mnode_modules/[4m.pnpm[24m/vitest@4.0.14_@opente
lemetr_24efe0c518e3f793aef2962d1469c377/node_modules/[4mvitest[24m/dist/chunks/traces.U4xDYhzZ.js:115:27[90m)[39m
    at trace [90m(file:///C:/Users/Projects/thesis-ai-fresh/[39mnode_modules/[4m.pnpm[24m/vitest@4.0.14_@opentelem
etr_24efe0c518e3f793aef2962d1469c377/node_modules/[4mvitest[24m/dist/chunks/test.DqQZzsWf.js:234:21[90m)[39m

[90mstderr[2m | src/__tests__/personalization/user-preferences.test.ts[2m > [22m[2mUserPreferencesManager[2m > 
[22m[2mDefault Preferences[2m > [22m[2mshould return default notification preferences
[22m[39mError fetching user preferences: TypeError: __vite_ssr_import_0__.supabase.from(...).select(...).eq is not 
a function
    at UserPreferencesManager.getUserPreferences 
(C:/Users/Projects/thesis-ai-fresh/src/lib/personalization/user-preferences.ts:30:10)
    at C:/Users/Projects/thesis-ai-fresh/src/__tests__/personalization/user-preferences.test.ts:210:35
    at [90mfile:///C:/Users/Projects/thesis-ai-fresh/[39mnode_modules/[4m.pnpm[24m/@vitest+runner@4.0.14/node_modu
les/[4m@vitest[24m/runner/dist/index.js:145:11
    at [90mfile:///C:/Users/Projects/thesis-ai-fresh/[39mnode_modules/[4m.pnpm[24m/@vitest+runner@4.0.14/node_modu
les/[4m@vitest[24m/runner/dist/index.js:919:26
    at [90mfile:///C:/Users/Projects/thesis-ai-fresh/[39mnode_modules/[4m.pnpm[24m/@vitest+runner@4.0.14/node_modu
les/[4m@vitest[24m/runner/dist/index.js:1244:20
    at new Promise (<anonymous>)
    at runWithTimeout [90m(file:///C:/Users/Projects/thesis-ai-fresh/[39mnode_modules/[4m.pnpm[24m/@vitest+runner@
4.0.14/node_modules/[4m@vitest[24m/runner/dist/index.js:1210:10[90m)[39m
    at [90mfile:///C:/Users/Projects/thesis-ai-fresh/[39mnode_modules/[4m.pnpm[24m/@vitest+runner@4.0.14/node_modu
les/[4m@vitest[24m/runner/dist/index.js:1654:37
    at Traces.$ [90m(file:///C:/Users/Projects/thesis-ai-fresh/[39mnode_modules/[4m.pnpm[24m/vitest@4.0.14_@opente
lemetr_24efe0c518e3f793aef2962d1469c377/node_modules/[4mvitest[24m/dist/chunks/traces.U4xDYhzZ.js:115:27[90m)[39m
    at trace [90m(file:///C:/Users/Projects/thesis-ai-fresh/[39mnode_modules/[4m.pnpm[24m/vitest@4.0.14_@opentelem
etr_24efe0c518e3f793aef2962d1469c377/node_modules/[4mvitest[24m/dist/chunks/test.DqQZzsWf.js:234:21[90m)[39m

[90mstderr[2m | src/__tests__/personalization/user-preferences.test.ts[2m > [22m[2mUserPreferencesManager[2m > 
[22m[2mDefault Preferences[2m > [22m[2mshould return default accessibility preferences
[22m[39mError fetching user preferences: TypeError: __vite_ssr_import_0__.supabase.from(...).select(...).eq is not 
a function
    at UserPreferencesManager.getUserPreferences 
(C:/Users/Projects/thesis-ai-fresh/src/lib/personalization/user-preferences.ts:30:10)
    at C:/Users/Projects/thesis-ai-fresh/src/__tests__/personalization/user-preferences.test.ts:218:35
    at [90mfile:///C:/Users/Projects/thesis-ai-fresh/[39mnode_modules/[4m.pnpm[24m/@vitest+runner@4.0.14/node_modu
les/[4m@vitest[24m/runner/dist/index.js:145:11
    at [90mfile:///C:/Users/Projects/thesis-ai-fresh/[39mnode_modules/[4m.pnpm[24m/@vitest+runner@4.0.14/node_modu
les/[4m@vitest[24m/runner/dist/index.js:919:26
    at [90mfile:///C:/Users/Projects/thesis-ai-fresh/[39mnode_modules/[4m.pnpm[24m/@vitest+runner@4.0.14/node_modu
les/[4m@vitest[24m/runner/dist/index.js:1244:20
    at new Promise (<anonymous>)
    at runWithTimeout [90m(file:///C:/Users/Projects/thesis-ai-fresh/[39mnode_modules/[4m.pnpm[24m/@vitest+runner@
4.0.14/node_modules/[4m@vitest[24m/runner/dist/index.js:1210:10[90m)[39m
    at [90mfile:///C:/Users/Projects/thesis-ai-fresh/[39mnode_modules/[4m.pnpm[24m/@vitest+runner@4.0.14/node_modu
les/[4m@vitest[24m/runner/dist/index.js:1654:37
    at Traces.$ [90m(file:///C:/Users/Projects/thesis-ai-fresh/[39mnode_modules/[4m.pnpm[24m/vitest@4.0.14_@opente
lemetr_24efe0c518e3f793aef2962d1469c377/node_modules/[4mvitest[24m/dist/chunks/traces.U4xDYhzZ.js:115:27[90m)[39m
    at trace [90m(file:///C:/Users/Projects/thesis-ai-fresh/[39mnode_modules/[4m.pnpm[24m/vitest@4.0.14_@opentelem
etr_24efe0c518e3f793aef2962d1469c377/node_modules/[4mvitest[24m/dist/chunks/test.DqQZzsWf.js:234:21[90m)[39m

[90mstderr[2m | src/__tests__/personalization/user-preferences.test.ts[2m > [22m[2mUserPreferencesManager[2m > 
[22m[2mCache TTL[2m > [22m[2mshould respect cache duration
[22m[39mError fetching user preferences: TypeError: __vite_ssr_import_0__.supabase.from(...).select(...).eq is not 
a function
    at UserPreferencesManager.getUserPreferences 
(C:/Users/Projects/thesis-ai-fresh/src/lib/personalization/user-preferences.ts:30:10)
    at C:/Users/Projects/thesis-ai-fresh/src/__tests__/personalization/user-preferences.test.ts:229:36
    at [90mfile:///C:/Users/Projects/thesis-ai-fresh/[39mnode_modules/[4m.pnpm[24m/@vitest+runner@4.0.14/node_modu
les/[4m@vitest[24m/runner/dist/index.js:145:11
    at [90mfile:///C:/Users/Projects/thesis-ai-fresh/[39mnode_modules/[4m.pnpm[24m/@vitest+runner@4.0.14/node_modu
les/[4m@vitest[24m/runner/dist/index.js:919:26
    at [90mfile:///C:/Users/Projects/thesis-ai-fresh/[39mnode_modules/[4m.pnpm[24m/@vitest+runner@4.0.14/node_modu
les/[4m@vitest[24m/runner/dist/index.js:1244:20
    at new Promise (<anonymous>)
    at runWithTimeout [90m(file:///C:/Users/Projects/thesis-ai-fresh/[39mnode_modules/[4m.pnpm[24m/@vitest+runner@
4.0.14/node_modules/[4m@vitest[24m/runner/dist/index.js:1210:10[90m)[39m
    at [90mfile:///C:/Users/Projects/thesis-ai-fresh/[39mnode_modules/[4m.pnpm[24m/@vitest+runner@4.0.14/node_modu
les/[4m@vitest[24m/runner/dist/index.js:1654:37
    at Traces.$ [90m(file:///C:/Users/Projects/thesis-ai-fresh/[39mnode_modules/[4m.pnpm[24m/vitest@4.0.14_@opente
lemetr_24efe0c518e3f793aef2962d1469c377/node_modules/[4mvitest[24m/dist/chunks/traces.U4xDYhzZ.js:115:27[90m)[39m
    at trace [90m(file:///C:/Users/Projects/thesis-ai-fresh/[39mnode_modules/[4m.pnpm[24m/vitest@4.0.14_@opentelem
etr_24efe0c518e3f793aef2962d1469c377/node_modules/[4mvitest[24m/dist/chunks/test.DqQZzsWf.js:234:21[90m)[39m

[90mstderr[2m | src/__tests__/personalization/user-preferences.test.ts[2m > [22m[2mUserPreferencesManager[2m > 
[22m[2mCache TTL[2m > [22m[2mshould respect cache duration
[22m[39mError fetching user preferences: TypeError: __vite_ssr_import_0__.supabase.from(...).select(...).eq is not 
a function
    at UserPreferencesManager.getUserPreferences 
(C:/Users/Projects/thesis-ai-fresh/src/lib/personalization/user-preferences.ts:30:10)
    at C:/Users/Projects/thesis-ai-fresh/src/__tests__/personalization/user-preferences.test.ts:232:36
[90m    at processTicksAndRejections (node:internal/process/task_queues:95:5)[39m
    at [90mfile:///C:/Users/Projects/thesis-ai-fresh/[39mnode_modules/[4m.pnpm[24m/@vitest+runner@4.0.14/node_modu
les/[4m@vitest[24m/runner/dist/index.js:919:20

 [31mΓ¥»[39m src/__tests__/personalization/user-preferences.test.ts [2m([22m[2m20 tests[22m[2m | [22m[31m5 failed[39m[2m)[22m[32m 102[2mms[22m[39m
       [32mΓ£ô[39m should fetch user preferences from database[32m 26[2mms[22m[39m
       [32mΓ£ô[39m should return cached preferences if available[32m 5[2mms[22m[39m
       [32mΓ£ô[39m should return default preferences on error[32m 3[2mms[22m[39m
       [32mΓ£ô[39m should merge new preferences with existing ones[32m 3[2mms[22m[39m
[31m       [31m├ù[31m should update the version number[39m[32m 6[2mms[22m[39m
[31m       [31m├ù[31m should update the timestamp[39m[32m 5[2mms[22m[39m
       [32mΓ£ô[39m should update only theme settings[32m 5[2mms[22m[39m
       [32mΓ£ô[39m should update only notification settings[32m 4[2mms[22m[39m
[31m       [31m├ù[31m should update only accessibility settings[39m[32m 4[2mms[22m[39m
[31m       [31m├ù[31m should update only dashboard settings[39m[32m 4[2mms[22m[39m
       [32mΓ£ô[39m should reset preferences to defaults[32m 2[2mms[22m[39m
       [32mΓ£ô[39m should clear the cache[32m 3[2mms[22m[39m
[31m       [31m├ù[31m should set version to 1[39m[32m 6[2mms[22m[39m
       [32mΓ£ô[39m should clear cache for specific user[32m 2[2mms[22m[39m
       [32mΓ£ô[39m should clear all cache when no user specified[32m 6[2mms[22m[39m
       [32mΓ£ô[39m should return default layout preferences[32m 2[2mms[22m[39m
       [32mΓ£ô[39m should return default theme preferences[32m 2[2mms[22m[39m
       [32mΓ£ô[39m should return default notification preferences[32m 3[2mms[22m[39m
       [32mΓ£ô[39m should return default accessibility preferences[32m 2[2mms[22m[39m
       [32mΓ£ô[39m should respect cache duration[32m 3[2mms[22m[39m
[90mstdout[2m | __tests__/integration/paraphrasing-ai-integration.test.ts[2m > [22m[2mActual AI Integration Test - Paraphrasing Tool[2m > [22m[2mSample Data and Expected Outcomes[2m > [22m[2mdemonstrates sample input and expected AI response
[22m[39mSample input for AI: The integration of technology in education has transformed how students learn and teachers instruct.
Expected type of output (paraphrased version with same meaning): Educational technology incorporation has revolutionized the methods by which students acquire knowledge and educators deliver instruction.

 [32mΓ£ô[39m __tests__/integration/paraphrasing-ai-integration.test.ts [2m([22m[2m3 tests[22m[2m | [22m[33m2 skipped[39m[2m)[22m[32m 19[2mms[22m[39m
[90mstderr[2m | src/__tests__/personalization/dashboard-customization.test.ts[2m > 
[22m[2mDashboardCustomizationManager[2m > [22m[2maddWidget[2m > [22m[2mshould error on invalid widget ID
[22m[39mError adding widget: Error: Widget invalid-widget not found
    at DashboardCustomizationManager.addWidget 
(C:/Users/Projects/thesis-ai-fresh/src/lib/personalization/dashboard-customization.ts:107:15)
[90m    at processTicksAndRejections (node:internal/process/task_queues:95:5)[39m
    at C:/Users/Projects/thesis-ai-fresh/src/__tests__/personalization/dashboard-customization.test.ts:75:9
    at [90mfile:///C:/Users/Projects/thesis-ai-fresh/[39mnode_modules/[4m.pnpm[24m/@vitest+runner@4.0.14/node_modu
les/[4m@vitest[24m/runner/dist/index.js:919:20

[90mstderr[2m | src/__tests__/personalization/dashboard-customization.test.ts[2m > 
[22m[2mDashboardCustomizationManager[2m > [22m[2mimportDashboardConfig[2m > [22m[2mshould error on invalid 
JSON
[22m[39mError importing dashboard config: SyntaxError: Unexpected token 'i', "invalid json" is not valid JSON
    at JSON.parse (<anonymous>)
    at DashboardCustomizationManager.importDashboardConfig 
(C:/Users/Projects/thesis-ai-fresh/src/lib/personalization/dashboard-customization.ts:298:27)
    at C:/Users/Projects/thesis-ai-fresh/src/__tests__/personalization/dashboard-customization.test.ts:189:23
    at [90mfile:///C:/Users/Projects/thesis-ai-fresh/[39mnode_modules/[4m.pnpm[24m/@vitest+runner@4.0.14/node_modu
les/[4m@vitest[24m/runner/dist/index.js:145:11
    at [90mfile:///C:/Users/Projects/thesis-ai-fresh/[39mnode_modules/[4m.pnpm[24m/@vitest+runner@4.0.14/node_modu
les/[4m@vitest[24m/runner/dist/index.js:919:26
    at [90mfile:///C:/Users/Projects/thesis-ai-fresh/[39mnode_modules/[4m.pnpm[24m/@vitest+runner@4.0.14/node_modu
les/[4m@vitest[24m/runner/dist/index.js:1244:20
    at new Promise (<anonymous>)
    at runWithTimeout [90m(file:///C:/Users/Projects/thesis-ai-fresh/[39mnode_modules/[4m.pnpm[24m/@vitest+runner@
4.0.14/node_modules/[4m@vitest[24m/runner/dist/index.js:1210:10[90m)[39m
    at [90mfile:///C:/Users/Projects/thesis-ai-fresh/[39mnode_modules/[4m.pnpm[24m/@vitest+runner@4.0.14/node_modu
les/[4m@vitest[24m/runner/dist/index.js:1654:37
    at Traces.$ [90m(file:///C:/Users/Projects/thesis-ai-fresh/[39mnode_modules/[4m.pnpm[24m/vitest@4.0.14_@opente
lemetr_24efe0c518e3f793aef2962d1469c377/node_modules/[4mvitest[24m/dist/chunks/traces.U4xDYhzZ.js:115:27[90m)[39m

 [31mΓ¥»[39m src/__tests__/personalization/dashboard-customization.test.ts [2m([22m[2m22 tests[22m[2m | [22m[31m1 failed[39m[2m)[22m[32m 45[2mms[22m[39m
       [32mΓ£ô[39m should get dashboard configuration for user[32m 4[2mms[22m[39m
       [32mΓ£ô[39m should return default dashboard on error[32m 1[2mms[22m[39m
       [32mΓ£ô[39m should return list of available widgets[32m 1[2mms[22m[39m
       [32mΓ£ô[39m should have proper widget structure[32m 1[2mms[22m[39m
       [32mΓ£ô[39m should add widget to dashboard[32m 1[2mms[22m[39m
       [32mΓ£ô[39m should error on invalid widget ID[32m 14[2mms[22m[39m
       [32mΓ£ô[39m should remove widget from dashboard[32m 1[2mms[22m[39m
       [32mΓ£ô[39m should reorder widgets[32m 1[2mms[22m[39m
[31m       [31m├ù[31m should update widget settings[39m[32m 5[2mms[22m[39m
       [32mΓ£ô[39m should resize widget[32m 1[2mms[22m[39m
       [32mΓ£ô[39m should toggle widget visibility[32m 1[2mms[22m[39m
       [32mΓ£ô[39m should enable disabled widget[32m 0[2mms[22m[39m
       [32mΓ£ô[39m should save dashboard layout[32m 1[2mms[22m[39m
       [32mΓ£ô[39m should load dashboard layout[32m 1[2mms[22m[39m
       [32mΓ£ô[39m should reset dashboard to defaults[32m 1[2mms[22m[39m
       [32mΓ£ô[39m should export dashboard configuration as JSON[32m 1[2mms[22m[39m
       [32mΓ£ô[39m should import dashboard configuration from JSON[32m 0[2mms[22m[39m
       [32mΓ£ô[39m should error on invalid JSON[32m 3[2mms[22m[39m
       [32mΓ£ô[39m should have default widgets[32m 1[2mms[22m[39m
       [32mΓ£ô[39m should have grid layout by default[32m 0[2mms[22m[39m
       [32mΓ£ô[39m should maintain widget positions[32m 0[2mms[22m[39m
       [32mΓ£ô[39m should handle widget size changes[32m 0[2mms[22m[39m
[90mstderr[2m | src/__tests__/personalization/smart-notifications.test.ts[2m > 
[22m[2mSmartNotificationManager[2m > [22m[2mcreateNotification[2m > [22m[2mshould create notification with 
calculated priority
[22m[39mError fetching user preferences: TypeError: Cannot read properties of null (reading 'from')
    at UserPreferencesManager.getUserPreferences 
(C:/Users/Projects/thesis-ai-fresh/src/lib/personalization/user-preferences.ts:28:10)
    at SmartNotificationManager.createNotification 
(C:/Users/Projects/thesis-ai-fresh/src/lib/personalization/smart-notifications.ts:25:56)
    at C:/Users/Projects/thesis-ai-fresh/src/__tests__/personalization/smart-notifications.test.ts:150:35
    at [90mfile:///C:/Users/Projects/thesis-ai-fresh/[39mnode_modules/[4m.pnpm[24m/@vitest+runner@4.0.14/node_modu
les/[4m@vitest[24m/runner/dist/index.js:145:11
    at [90mfile:///C:/Users/Projects/thesis-ai-fresh/[39mnode_modules/[4m.pnpm[24m/@vitest+runner@4.0.14/node_modu
les/[4m@vitest[24m/runner/dist/index.js:919:26
    at [90mfile:///C:/Users/Projects/thesis-ai-fresh/[39mnode_modules/[4m.pnpm[24m/@vitest+runner@4.0.14/node_modu
les/[4m@vitest[24m/runner/dist/index.js:1244:20
    at new Promise (<anonymous>)
    at runWithTimeout [90m(file:///C:/Users/Projects/thesis-ai-fresh/[39mnode_modules/[4m.pnpm[24m/@vitest+runner@
4.0.14/node_modules/[4m@vitest[24m/runner/dist/index.js:1210:10[90m)[39m
    at [90mfile:///C:/Users/Projects/thesis-ai-fresh/[39mnode_modules/[4m.pnpm[24m/@vitest+runner@4.0.14/node_modu
les/[4m@vitest[24m/runner/dist/index.js:1654:37
    at Traces.$ [90m(file:///C:/Users/Projects/thesis-ai-fresh/[39mnode_modules/[4m.pnpm[24m/vitest@4.0.14_@opente
lemetr_24efe0c518e3f793aef2962d1469c377/node_modules/[4mvitest[24m/dist/chunks/traces.U4xDYhzZ.js:115:27[90m)[39m

[90mstderr[2m | src/__tests__/personalization/smart-notifications.test.ts[2m > 
[22m[2mSmartNotificationManager[2m > [22m[2mcreateNotification[2m > [22m[2mshould create notification with 
calculated priority
[22m[39mError creating notification: TypeError: Cannot read properties of undefined (reading 'type')
    at SmartNotificationManager._calculatePriority 
(C:/Users/Projects/thesis-ai-fresh/src/lib/personalization/smart-notifications.ts:82:38)
    at SmartNotificationManager.createNotification 
(C:/Users/Projects/thesis-ai-fresh/src/lib/personalization/smart-notifications.ts:26:34)
[90m    at processTicksAndRejections (node:internal/process/task_queues:95:5)[39m
    at C:/Users/Projects/thesis-ai-fresh/src/__tests__/personalization/smart-notifications.test.ts:150:21
    at [90mfile:///C:/Users/Projects/thesis-ai-fresh/[39mnode_modules/[4m.pnpm[24m/@vitest+runner@4.0.14/node_modu
les/[4m@vitest[24m/runner/dist/index.js:919:20

[90mstderr[2m | src/__tests__/personalization/smart-notifications.test.ts[2m > 
[22m[2mSmartNotificationManager[2m > [22m[2mcreateNotification[2m > [22m[2mshould include appropriate 
delivery channels
[22m[39mError fetching user preferences: TypeError: Cannot read properties of null (reading 'from')
    at UserPreferencesManager.getUserPreferences 
(C:/Users/Projects/thesis-ai-fresh/src/lib/personalization/user-preferences.ts:28:10)
    at SmartNotificationManager.createNotification 
(C:/Users/Projects/thesis-ai-fresh/src/lib/personalization/smart-notifications.ts:25:56)
    at C:/Users/Projects/thesis-ai-fresh/src/__tests__/personalization/smart-notifications.test.ts:170:35
    at [90mfile:///C:/Users/Projects/thesis-ai-fresh/[39mnode_modules/[4m.pnpm[24m/@vitest+runner@4.0.14/node_modu
les/[4m@vitest[24m/runner/dist/index.js:145:11
    at [90mfile:///C:/Users/Projects/thesis-ai-fresh/[39mnode_modules/[4m.pnpm[24m/@vitest+runner@4.0.14/node_modu
les/[4m@vitest[24m/runner/dist/index.js:919:26
    at [90mfile:///C:/Users/Projects/thesis-ai-fresh/[39mnode_modules/[4m.pnpm[24m/@vitest+runner@4.0.14/node_modu
les/[4m@vitest[24m/runner/dist/index.js:1244:20
    at new Promise (<anonymous>)
    at runWithTimeout [90m(file:///C:/Users/Projects/thesis-ai-fresh/[39mnode_modules/[4m.pnpm[24m/@vitest+runner@
4.0.14/node_modules/[4m@vitest[24m/runner/dist/index.js:1210:10[90m)[39m
    at [90mfile:///C:/Users/Projects/thesis-ai-fresh/[39mnode_modules/[4m.pnpm[24m/@vitest+runner@4.0.14/node_modu
les/[4m@vitest[24m/runner/dist/index.js:1654:37
    at Traces.$ [90m(file:///C:/Users/Projects/thesis-ai-fresh/[39mnode_modules/[4m.pnpm[24m/vitest@4.0.14_@opente
lemetr_24efe0c518e3f793aef2962d1469c377/node_modules/[4mvitest[24m/dist/chunks/traces.U4xDYhzZ.js:115:27[90m)[39m

[90mstderr[2m | src/__tests__/personalization/smart-notifications.test.ts[2m > 
[22m[2mSmartNotificationManager[2m > [22m[2mcreateNotification[2m > [22m[2mshould include appropriate 
delivery channels
[22m[39mError creating notification: TypeError: Cannot read properties of undefined (reading 'type')
    at SmartNotificationManager._calculatePriority 
(C:/Users/Projects/thesis-ai-fresh/src/lib/personalization/smart-notifications.ts:82:38)
    at SmartNotificationManager.createNotification 
(C:/Users/Projects/thesis-ai-fresh/src/lib/personalization/smart-notifications.ts:26:34)
[90m    at processTicksAndRejections (node:internal/process/task_queues:95:5)[39m
    at C:/Users/Projects/thesis-ai-fresh/src/__tests__/personalization/smart-notifications.test.ts:170:21
    at [90mfile:///C:/Users/Projects/thesis-ai-fresh/[39mnode_modules/[4m.pnpm[24m/@vitest+runner@4.0.14/node_modu
les/[4m@vitest[24m/runner/dist/index.js:919:20

[90mstderr[2m | src/__tests__/personalization/smart-notifications.test.ts[2m > 
[22m[2mSmartNotificationManager[2m > [22m[2mcreateNotification[2m > [22m[2mshould set optimal delivery time
[22m[39mError fetching user preferences: TypeError: Cannot read properties of null (reading 'from')
    at UserPreferencesManager.getUserPreferences 
(C:/Users/Projects/thesis-ai-fresh/src/lib/personalization/user-preferences.ts:28:10)
    at SmartNotificationManager.createNotification 
(C:/Users/Projects/thesis-ai-fresh/src/lib/personalization/smart-notifications.ts:25:56)
    at C:/Users/Projects/thesis-ai-fresh/src/__tests__/personalization/smart-notifications.test.ts:180:35
    at [90mfile:///C:/Users/Projects/thesis-ai-fresh/[39mnode_modules/[4m.pnpm[24m/@vitest+runner@4.0.14/node_modu
les/[4m@vitest[24m/runner/dist/index.js:145:11
    at [90mfile:///C:/Users/Projects/thesis-ai-fresh/[39mnode_modules/[4m.pnpm[24m/@vitest+runner@4.0.14/node_modu
les/[4m@vitest[24m/runner/dist/index.js:919:26
    at [90mfile:///C:/Users/Projects/thesis-ai-fresh/[39mnode_modules/[4m.pnpm[24m/@vitest+runner@4.0.14/node_modu
les/[4m@vitest[24m/runner/dist/index.js:1244:20
    at new Promise (<anonymous>)
    at runWithTimeout [90m(file:///C:/Users/Projects/thesis-ai-fresh/[39mnode_modules/[4m.pnpm[24m/@vitest+runner@
4.0.14/node_modules/[4m@vitest[24m/runner/dist/index.js:1210:10[90m)[39m
    at [90mfile:///C:/Users/Projects/thesis-ai-fresh/[39mnode_modules/[4m.pnpm[24m/@vitest+runner@4.0.14/node_modu
les/[4m@vitest[24m/runner/dist/index.js:1654:37
    at Traces.$ [90m(file:///C:/Users/Projects/thesis-ai-fresh/[39mnode_modules/[4m.pnpm[24m/vitest@4.0.14_@opente
lemetr_24efe0c518e3f793aef2962d1469c377/node_modules/[4mvitest[24m/dist/chunks/traces.U4xDYhzZ.js:115:27[90m)[39m

[90mstderr[2m | src/__tests__/personalization/smart-notifications.test.ts[2m > 
[22m[2mSmartNotificationManager[2m > [22m[2mcreateNotification[2m > [22m[2mshould set optimal delivery time
[22m[39mError creating notification: TypeError: Cannot read properties of undefined (reading 'type')
    at SmartNotificationManager._calculatePriority 
(C:/Users/Projects/thesis-ai-fresh/src/lib/personalization/smart-notifications.ts:82:38)
    at SmartNotificationManager.createNotification 
(C:/Users/Projects/thesis-ai-fresh/src/lib/personalization/smart-notifications.ts:26:34)
[90m    at processTicksAndRejections (node:internal/process/task_queues:95:5)[39m
    at C:/Users/Projects/thesis-ai-fresh/src/__tests__/personalization/smart-notifications.test.ts:180:21
    at [90mfile:///C:/Users/Projects/thesis-ai-fresh/[39mnode_modules/[4m.pnpm[24m/@vitest+runner@4.0.14/node_modu
les/[4m@vitest[24m/runner/dist/index.js:919:20

[90mstderr[2m | src/__tests__/personalization/smart-notifications.test.ts[2m > 
[22m[2mSmartNotificationManager[2m > [22m[2mNotification Batching[2m > [22m[2mshould batch notifications if 
enabled
[22m[39mError fetching user preferences: TypeError: Cannot read properties of null (reading 'from')
    at UserPreferencesManager.getUserPreferences 
(C:/Users/Projects/thesis-ai-fresh/src/lib/personalization/user-preferences.ts:28:10)
    at SmartNotificationManager.createNotification 
(C:/Users/Projects/thesis-ai-fresh/src/lib/personalization/smart-notifications.ts:25:56)
    at C:/Users/Projects/thesis-ai-fresh/src/__tests__/personalization/smart-notifications.test.ts:201:21
    at [90mfile:///C:/Users/Projects/thesis-ai-fresh/[39mnode_modules/[4m.pnpm[24m/@vitest+runner@4.0.14/node_modu
les/[4m@vitest[24m/runner/dist/index.js:145:11
    at [90mfile:///C:/Users/Projects/thesis-ai-fresh/[39mnode_modules/[4m.pnpm[24m/@vitest+runner@4.0.14/node_modu
les/[4m@vitest[24m/runner/dist/index.js:919:26
    at [90mfile:///C:/Users/Projects/thesis-ai-fresh/[39mnode_modules/[4m.pnpm[24m/@vitest+runner@4.0.14/node_modu
les/[4m@vitest[24m/runner/dist/index.js:1244:20
    at new Promise (<anonymous>)
    at runWithTimeout [90m(file:///C:/Users/Projects/thesis-ai-fresh/[39mnode_modules/[4m.pnpm[24m/@vitest+runner@
4.0.14/node_modules/[4m@vitest[24m/runner/dist/index.js:1210:10[90m)[39m
    at [90mfile:///C:/Users/Projects/thesis-ai-fresh/[39mnode_modules/[4m.pnpm[24m/@vitest+runner@4.0.14/node_modu
les/[4m@vitest[24m/runner/dist/index.js:1654:37
    at Traces.$ [90m(file:///C:/Users/Projects/thesis-ai-fresh/[39mnode_modules/[4m.pnpm[24m/vitest@4.0.14_@opente
lemetr_24efe0c518e3f793aef2962d1469c377/node_modules/[4mvitest[24m/dist/chunks/traces.U4xDYhzZ.js:115:27[90m)[39m

[90mstderr[2m | src/__tests__/personalization/smart-notifications.test.ts[2m > 
[22m[2mSmartNotificationManager[2m > [22m[2mNotification Batching[2m > [22m[2mshould batch notifications if 
enabled
[22m[39mError creating notification: TypeError: Cannot read properties of undefined (reading 'type')
    at SmartNotificationManager._calculatePriority 
(C:/Users/Projects/thesis-ai-fresh/src/lib/personalization/smart-notifications.ts:82:38)
    at SmartNotificationManager.createNotification 
(C:/Users/Projects/thesis-ai-fresh/src/lib/personalization/smart-notifications.ts:26:34)
[90m    at processTicksAndRejections (node:internal/process/task_queues:95:5)[39m
    at C:/Users/Projects/thesis-ai-fresh/src/__tests__/personalization/smart-notifications.test.ts:201:7
    at [90mfile:///C:/Users/Projects/thesis-ai-fresh/[39mnode_modules/[4m.pnpm[24m/@vitest+runner@4.0.14/node_modu
les/[4m@vitest[24m/runner/dist/index.js:919:20

[90mstderr[2m | src/__tests__/personalization/smart-notifications.test.ts[2m > 
[22m[2mSmartNotificationManager[2m > [22m[2mNotification Batching[2m > [22m[2mshould not batch if disabled
[22m[39mError fetching user preferences: TypeError: Cannot read properties of null (reading 'from')
    at UserPreferencesManager.getUserPreferences 
(C:/Users/Projects/thesis-ai-fresh/src/lib/personalization/user-preferences.ts:28:10)
    at SmartNotificationManager.createNotification 
(C:/Users/Projects/thesis-ai-fresh/src/lib/personalization/smart-notifications.ts:25:56)
    at C:/Users/Projects/thesis-ai-fresh/src/__tests__/personalization/smart-notifications.test.ts:227:21
    at [90mfile:///C:/Users/Projects/thesis-ai-fresh/[39mnode_modules/[4m.pnpm[24m/@vitest+runner@4.0.14/node_modu
les/[4m@vitest[24m/runner/dist/index.js:145:11
    at [90mfile:///C:/Users/Projects/thesis-ai-fresh/[39mnode_modules/[4m.pnpm[24m/@vitest+runner@4.0.14/node_modu
les/[4m@vitest[24m/runner/dist/index.js:919:26
    at [90mfile:///C:/Users/Projects/thesis-ai-fresh/[39mnode_modules/[4m.pnpm[24m/@vitest+runner@4.0.14/node_modu
les/[4m@vitest[24m/runner/dist/index.js:1244:20
    at new Promise (<anonymous>)
    at runWithTimeout [90m(file:///C:/Users/Projects/thesis-ai-fresh/[39mnode_modules/[4m.pnpm[24m/@vitest+runner@
4.0.14/node_modules/[4m@vitest[24m/runner/dist/index.js:1210:10[90m)[39m
    at [90mfile:///C:/Users/Projects/thesis-ai-fresh/[39mnode_modules/[4m.pnpm[24m/@vitest+runner@4.0.14/node_modu
les/[4m@vitest[24m/runner/dist/index.js:1654:37
    at Traces.$ [90m(file:///C:/Users/Projects/thesis-ai-fresh/[39mnode_modules/[4m.pnpm[24m/vitest@4.0.14_@opente
lemetr_24efe0c518e3f793aef2962d1469c377/node_modules/[4mvitest[24m/dist/chunks/traces.U4xDYhzZ.js:115:27[90m)[39m

[90mstderr[2m | src/__tests__/personalization/smart-notifications.test.ts[2m > 
[22m[2mSmartNotificationManager[2m > [22m[2mNotification Batching[2m > [22m[2mshould not batch if disabled
[22m[39mError creating notification: TypeError: Cannot read properties of undefined (reading 'type')
    at SmartNotificationManager._calculatePriority 
(C:/Users/Projects/thesis-ai-fresh/src/lib/personalization/smart-notifications.ts:82:38)
    at SmartNotificationManager.createNotification 
(C:/Users/Projects/thesis-ai-fresh/src/lib/personalization/smart-notifications.ts:26:34)
[90m    at processTicksAndRejections (node:internal/process/task_queues:95:5)[39m
    at C:/Users/Projects/thesis-ai-fresh/src/__tests__/personalization/smart-notifications.test.ts:227:7
    at [90mfile:///C:/Users/Projects/thesis-ai-fresh/[39mnode_modules/[4m.pnpm[24m/@vitest+runner@4.0.14/node_modu
les/[4m@vitest[24m/runner/dist/index.js:919:20

 [31mΓ¥»[39m src/__tests__/personalization/smart-notifications.test.ts [2m([22m[2m13 tests[22m[2m | [22m[31m13 failed[39m[2m)[22m[32m 50[2mms[22m[39m
[31m       [31m├ù[31m should calculate priority based on notification type[39m[32m 10[2mms[22m[39m
[31m       [31m├ù[31m should weight alert notifications higher[39m[32m 2[2mms[22m[39m
[31m       [31m├ù[31m should consider user preferences in priority calculation[39m[32m 1[2mms[22m[39m
[31m       [31m├ù[31m should return current time if quiet hours inactive[39m[32m 1[2mms[22m[39m
[31m       [31m├ù[31m should delay notification if in quiet hours[39m[32m 1[2mms[22m[39m
[31m       [31m├ù[31m should select appropriate delivery channels[39m[32m 1[2mms[22m[39m
[31m       [31m├ù[31m should only use enabled channels[39m[32m 1[2mms[22m[39m
[31m       [31m├ù[31m should return empty array if notifications disabled[39m[32m 1[2mms[22m[39m
[31m       [31m├ù[31m should create notification with calculated priority[39m[32m 14[2mms[22m[39m
[31m       [31m├ù[31m should include appropriate delivery channels[39m[32m 3[2mms[22m[39m
[31m       [31m├ù[31m should set optimal delivery time[39m[32m 3[2mms[22m[39m
[31m       [31m├ù[31m should batch notifications if enabled[39m[32m 3[2mms[22m[39m
[31m       [31m├ù[31m should not batch if disabled[39m[32m 3[2mms[22m[39m
Not implemented: Window's confirm() method
 [31mΓ¥»[39m __tests__/components/dashboard-customizer.test.tsx [2m([22m[2m18 tests[22m[2m | [22m[31m5 failed[39m[2m)[22m[33m 3066[2mms[22m[39m
[31m       [31m├ù[31m should render customizer with toolbar[39m[32m 264[2mms[22m[39m
       [32mΓ£ô[39m should display widget count in info bar[32m 64[2mms[22m[39m
       [32mΓ£ô[39m should show empty state when no widgets[32m 15[2mms[22m[39m
       [33m[2mΓ£ô[22m[39m should toggle preview mode [33m 677[2mms[22m[39m
[31m       [31m├ù[31m should disable interactions in preview mode[39m[32m 282[2mms[22m[39m
       [32mΓ£ô[39m should have undo button[32m 179[2mms[22m[39m
       [32mΓ£ô[39m should have redo button[32m 163[2mms[22m[39m
[31m       [31m├ù[31m should undo add widget action[39m[32m 6[2mms[22m[39m
       [32mΓ£ô[39m should redo undone action[32m 2[2mms[22m[39m
[31m       [31m├ù[31m should remove widget when X button clicked[39m[33m 322[2mms[22m[39m
       [32mΓ£ô[39m should have save button[32m 172[2mms[22m[39m
       [32mΓ£ô[39m should have reset button[32m 138[2mms[22m[39m
[31m       [31m├ù[31m should reset layout to default[39m[32m 244[2mms[22m[39m
       [32mΓ£ô[39m should render on mobile viewport[32m 30[2mms[22m[39m
       [32mΓ£ô[39m should render on tablet viewport[32m 37[2mms[22m[39m
       [32mΓ£ô[39m should render on desktop viewport[32m 33[2mms[22m[39m
       [32mΓ£ô[39m should have proper ARIA labels[32m 197[2mms[22m[39m
       [32mΓ£ô[39m should be keyboard navigable[32m 234[2mms[22m[39m
[90mstderr[2m | src/__tests__/personalization/cross-device-sync.test.ts[2m > [22m[2mCrossDeviceSyncManager[2m > 
[22m[2mgetUserDevices[2m > [22m[2mshould fetch all devices for a user
[22m[39mError fetching user devices: TypeError: __vite_ssr_import_0__.supabase.from(...).select(...).eq is not a 
function
    at CrossDeviceSyncManager.getUserDevices 
(C:/Users/Projects/thesis-ai-fresh/src/lib/personalization/cross-device-sync.ts:50:10)
    at C:/Users/Projects/thesis-ai-fresh/src/__tests__/personalization/cross-device-sync.test.ts:71:37
    at [90mfile:///C:/Users/Projects/thesis-ai-fresh/[39mnode_modules/[4m.pnpm[24m/@vitest+runner@4.0.14/node_modu
les/[4m@vitest[24m/runner/dist/index.js:145:11
    at [90mfile:///C:/Users/Projects/thesis-ai-fresh/[39mnode_modules/[4m.pnpm[24m/@vitest+runner@4.0.14/node_modu
les/[4m@vitest[24m/runner/dist/index.js:919:26
    at [90mfile:///C:/Users/Projects/thesis-ai-fresh/[39mnode_modules/[4m.pnpm[24m/@vitest+runner@4.0.14/node_modu
les/[4m@vitest[24m/runner/dist/index.js:1244:20
    at new Promise (<anonymous>)
    at runWithTimeout [90m(file:///C:/Users/Projects/thesis-ai-fresh/[39mnode_modules/[4m.pnpm[24m/@vitest+runner@
4.0.14/node_modules/[4m@vitest[24m/runner/dist/index.js:1210:10[90m)[39m
    at [90mfile:///C:/Users/Projects/thesis-ai-fresh/[39mnode_modules/[4m.pnpm[24m/@vitest+runner@4.0.14/node_modu
les/[4m@vitest[24m/runner/dist/index.js:1654:37
    at Traces.$ [90m(file:///C:/Users/Projects/thesis-ai-fresh/[39mnode_modules/[4m.pnpm[24m/vitest@4.0.14_@opente
lemetr_24efe0c518e3f793aef2962d1469c377/node_modules/[4mvitest[24m/dist/chunks/traces.U4xDYhzZ.js:115:27[90m)[39m
    at trace [90m(file:///C:/Users/Projects/thesis-ai-fresh/[39mnode_modules/[4m.pnpm[24m/vitest@4.0.14_@opentelem
etr_24efe0c518e3f793aef2962d1469c377/node_modules/[4mvitest[24m/dist/chunks/test.DqQZzsWf.js:234:21[90m)[39m

[90mstderr[2m | src/__tests__/personalization/cross-device-sync.test.ts[2m > [22m[2mCrossDeviceSyncManager[2m > 
[22m[2mgetUserDevices[2m > [22m[2mshould return empty array on error
[22m[39mError fetching user devices: TypeError: __vite_ssr_import_0__.supabase.from(...).select(...).eq is not a 
function
    at CrossDeviceSyncManager.getUserDevices 
(C:/Users/Projects/thesis-ai-fresh/src/lib/personalization/cross-device-sync.ts:50:10)
    at C:/Users/Projects/thesis-ai-fresh/src/__tests__/personalization/cross-device-sync.test.ts:77:37
    at [90mfile:///C:/Users/Projects/thesis-ai-fresh/[39mnode_modules/[4m.pnpm[24m/@vitest+runner@4.0.14/node_modu
les/[4m@vitest[24m/runner/dist/index.js:145:11
    at [90mfile:///C:/Users/Projects/thesis-ai-fresh/[39mnode_modules/[4m.pnpm[24m/@vitest+runner@4.0.14/node_modu
les/[4m@vitest[24m/runner/dist/index.js:919:26
    at [90mfile:///C:/Users/Projects/thesis-ai-fresh/[39mnode_modules/[4m.pnpm[24m/@vitest+runner@4.0.14/node_modu
les/[4m@vitest[24m/runner/dist/index.js:1244:20
    at new Promise (<anonymous>)
    at runWithTimeout [90m(file:///C:/Users/Projects/thesis-ai-fresh/[39mnode_modules/[4m.pnpm[24m/@vitest+runner@
4.0.14/node_modules/[4m@vitest[24m/runner/dist/index.js:1210:10[90m)[39m
    at [90mfile:///C:/Users/Projects/thesis-ai-fresh/[39mnode_modules/[4m.pnpm[24m/@vitest+runner@4.0.14/node_modu
les/[4m@vitest[24m/runner/dist/index.js:1654:37
    at Traces.$ [90m(file:///C:/Users/Projects/thesis-ai-fresh/[39mnode_modules/[4m.pnpm[24m/vitest@4.0.14_@opente
lemetr_24efe0c518e3f793aef2962d1469c377/node_modules/[4mvitest[24m/dist/chunks/traces.U4xDYhzZ.js:115:27[90m)[39m
    at trace [90m(file:///C:/Users/Projects/thesis-ai-fresh/[39mnode_modules/[4m.pnpm[24m/vitest@4.0.14_@opentelem
etr_24efe0c518e3f793aef2962d1469c377/node_modules/[4mvitest[24m/dist/chunks/test.DqQZzsWf.js:234:21[90m)[39m

[90mstderr[2m | src/__tests__/personalization/cross-device-sync.test.ts[2m > [22m[2mCrossDeviceSyncManager[2m > 
[22m[2msyncPreferences[2m > [22m[2mshould sync preferences across devices
[22m[39mError syncing preferences: TypeError: __vite_ssr_import_0__.supabase.from(...).select(...).eq is not a 
function
    at CrossDeviceSyncManager._performSync 
(C:/Users/Projects/thesis-ai-fresh/src/lib/personalization/cross-device-sync.ts:113:10)
    at CrossDeviceSyncManager.syncPreferences 
(C:/Users/Projects/thesis-ai-fresh/src/lib/personalization/cross-device-sync.ts:95:30)
    at C:/Users/Projects/thesis-ai-fresh/src/__tests__/personalization/cross-device-sync.test.ts:117:36
    at [90mfile:///C:/Users/Projects/thesis-ai-fresh/[39mnode_modules/[4m.pnpm[24m/@vitest+runner@4.0.14/node_modu
les/[4m@vitest[24m/runner/dist/index.js:145:11
    at [90mfile:///C:/Users/Projects/thesis-ai-fresh/[39mnode_modules/[4m.pnpm[24m/@vitest+runner@4.0.14/node_modu
les/[4m@vitest[24m/runner/dist/index.js:919:26
    at [90mfile:///C:/Users/Projects/thesis-ai-fresh/[39mnode_modules/[4m.pnpm[24m/@vitest+runner@4.0.14/node_modu
les/[4m@vitest[24m/runner/dist/index.js:1244:20
    at new Promise (<anonymous>)
    at runWithTimeout [90m(file:///C:/Users/Projects/thesis-ai-fresh/[39mnode_modules/[4m.pnpm[24m/@vitest+runner@
4.0.14/node_modules/[4m@vitest[24m/runner/dist/index.js:1210:10[90m)[39m
    at [90mfile:///C:/Users/Projects/thesis-ai-fresh/[39mnode_modules/[4m.pnpm[24m/@vitest+runner@4.0.14/node_modu
les/[4m@vitest[24m/runner/dist/index.js:1654:37
    at Traces.$ [90m(file:///C:/Users/Projects/thesis-ai-fresh/[39mnode_modules/[4m.pnpm[24m/vitest@4.0.14_@opente
lemetr_24efe0c518e3f793aef2962d1469c377/node_modules/[4mvitest[24m/dist/chunks/traces.U4xDYhzZ.js:115:27[90m)[39m

[90mstderr[2m | src/__tests__/personalization/cross-device-sync.test.ts[2m > [22m[2mCrossDeviceSyncManager[2m > 
[22m[2msyncPreferences[2m > [22m[2mshould detect and return conflicts
[22m[39mError syncing preferences: TypeError: __vite_ssr_import_0__.supabase.from(...).select(...).eq is not a 
function
    at CrossDeviceSyncManager._performSync 
(C:/Users/Projects/thesis-ai-fresh/src/lib/personalization/cross-device-sync.ts:113:10)
    at CrossDeviceSyncManager.syncPreferences 
(C:/Users/Projects/thesis-ai-fresh/src/lib/personalization/cross-device-sync.ts:95:30)
    at C:/Users/Projects/thesis-ai-fresh/src/__tests__/personalization/cross-device-sync.test.ts:125:36
    at [90mfile:///C:/Users/Projects/thesis-ai-fresh/[39mnode_modules/[4m.pnpm[24m/@vitest+runner@4.0.14/node_modu
les/[4m@vitest[24m/runner/dist/index.js:145:11
    at [90mfile:///C:/Users/Projects/thesis-ai-fresh/[39mnode_modules/[4m.pnpm[24m/@vitest+runner@4.0.14/node_modu
les/[4m@vitest[24m/runner/dist/index.js:919:26
    at [90mfile:///C:/Users/Projects/thesis-ai-fresh/[39mnode_modules/[4m.pnpm[24m/@vitest+runner@4.0.14/node_modu
les/[4m@vitest[24m/runner/dist/index.js:1244:20
    at new Promise (<anonymous>)
    at runWithTimeout [90m(file:///C:/Users/Projects/thesis-ai-fresh/[39mnode_modules/[4m.pnpm[24m/@vitest+runner@
4.0.14/node_modules/[4m@vitest[24m/runner/dist/index.js:1210:10[90m)[39m
    at [90mfile:///C:/Users/Projects/thesis-ai-fresh/[39mnode_modules/[4m.pnpm[24m/@vitest+runner@4.0.14/node_modu
les/[4m@vitest[24m/runner/dist/index.js:1654:37
    at Traces.$ [90m(file:///C:/Users/Projects/thesis-ai-fresh/[39mnode_modules/[4m.pnpm[24m/vitest@4.0.14_@opente
lemetr_24efe0c518e3f793aef2962d1469c377/node_modules/[4mvitest[24m/dist/chunks/traces.U4xDYhzZ.js:115:27[90m)[39m

[90mstderr[2m | src/__tests__/personalization/cross-device-sync.test.ts[2m > [22m[2mCrossDeviceSyncManager[2m > 
[22m[2mgetSyncState[2m > [22m[2mshould return sync state for user
[22m[39mError getting sync state: TypeError: __vite_ssr_import_0__.supabase.from(...).select(...).eq is not a 
function
    at CrossDeviceSyncManager.getSyncState 
(C:/Users/Projects/thesis-ai-fresh/src/lib/personalization/cross-device-sync.ts:260:10)
    at C:/Users/Projects/thesis-ai-fresh/src/__tests__/personalization/cross-device-sync.test.ts:133:35
    at [90mfile:///C:/Users/Projects/thesis-ai-fresh/[39mnode_modules/[4m.pnpm[24m/@vitest+runner@4.0.14/node_modu
les/[4m@vitest[24m/runner/dist/index.js:145:11
    at [90mfile:///C:/Users/Projects/thesis-ai-fresh/[39mnode_modules/[4m.pnpm[24m/@vitest+runner@4.0.14/node_modu
les/[4m@vitest[24m/runner/dist/index.js:919:26
    at [90mfile:///C:/Users/Projects/thesis-ai-fresh/[39mnode_modules/[4m.pnpm[24m/@vitest+runner@4.0.14/node_modu
les/[4m@vitest[24m/runner/dist/index.js:1244:20
    at new Promise (<anonymous>)
    at runWithTimeout [90m(file:///C:/Users/Projects/thesis-ai-fresh/[39mnode_modules/[4m.pnpm[24m/@vitest+runner@
4.0.14/node_modules/[4m@vitest[24m/runner/dist/index.js:1210:10[90m)[39m
    at [90mfile:///C:/Users/Projects/thesis-ai-fresh/[39mnode_modules/[4m.pnpm[24m/@vitest+runner@4.0.14/node_modu
les/[4m@vitest[24m/runner/dist/index.js:1654:37
    at Traces.$ [90m(file:///C:/Users/Projects/thesis-ai-fresh/[39mnode_modules/[4m.pnpm[24m/vitest@4.0.14_@opente
lemetr_24efe0c518e3f793aef2962d1469c377/node_modules/[4mvitest[24m/dist/chunks/traces.U4xDYhzZ.js:115:27[90m)[39m
    at trace [90m(file:///C:/Users/Projects/thesis-ai-fresh/[39mnode_modules/[4m.pnpm[24m/vitest@4.0.14_@opentelem
etr_24efe0c518e3f793aef2962d1469c377/node_modules/[4mvitest[24m/dist/chunks/test.DqQZzsWf.js:234:21[90m)[39m

[90mstderr[2m | src/__tests__/personalization/cross-device-sync.test.ts[2m > [22m[2mCrossDeviceSyncManager[2m > 
[22m[2mgetSyncState[2m > [22m[2mshould track pending changes
[22m[39mError getting sync state: TypeError: __vite_ssr_import_0__.supabase.from(...).select(...).eq is not a 
function
    at CrossDeviceSyncManager.getSyncState 
(C:/Users/Projects/thesis-ai-fresh/src/lib/personalization/cross-device-sync.ts:260:10)
    at C:/Users/Projects/thesis-ai-fresh/src/__tests__/personalization/cross-device-sync.test.ts:143:35
    at [90mfile:///C:/Users/Projects/thesis-ai-fresh/[39mnode_modules/[4m.pnpm[24m/@vitest+runner@4.0.14/node_modu
les/[4m@vitest[24m/runner/dist/index.js:145:11
    at [90mfile:///C:/Users/Projects/thesis-ai-fresh/[39mnode_modules/[4m.pnpm[24m/@vitest+runner@4.0.14/node_modu
les/[4m@vitest[24m/runner/dist/index.js:919:26
    at [90mfile:///C:/Users/Projects/thesis-ai-fresh/[39mnode_modules/[4m.pnpm[24m/@vitest+runner@4.0.14/node_modu
les/[4m@vitest[24m/runner/dist/index.js:1244:20
    at new Promise (<anonymous>)
    at runWithTimeout [90m(file:///C:/Users/Projects/thesis-ai-fresh/[39mnode_modules/[4m.pnpm[24m/@vitest+runner@
4.0.14/node_modules/[4m@vitest[24m/runner/dist/index.js:1210:10[90m)[39m
    at [90mfile:///C:/Users/Projects/thesis-ai-fresh/[39mnode_modules/[4m.pnpm[24m/@vitest+runner@4.0.14/node_modu
les/[4m@vitest[24m/runner/dist/index.js:1654:37
    at Traces.$ [90m(file:///C:/Users/Projects/thesis-ai-fresh/[39mnode_modules/[4m.pnpm[24m/vitest@4.0.14_@opente
lemetr_24efe0c518e3f793aef2962d1469c377/node_modules/[4mvitest[24m/dist/chunks/traces.U4xDYhzZ.js:115:27[90m)[39m
    at trace [90m(file:///C:/Users/Projects/thesis-ai-fresh/[39mnode_modules/[4m.pnpm[24m/vitest@4.0.14_@opentelem
etr_24efe0c518e3f793aef2962d1469c377/node_modules/[4mvitest[24m/dist/chunks/test.DqQZzsWf.js:234:21[90m)[39m

[90mstderr[2m | src/__tests__/personalization/cross-device-sync.test.ts[2m > [22m[2mCrossDeviceSyncManager[2m > 
[22m[2mgetSyncState[2m > [22m[2mshould track conflicts
[22m[39mError getting sync state: TypeError: __vite_ssr_import_0__.supabase.from(...).select(...).eq is not a 
function
    at CrossDeviceSyncManager.getSyncState 
(C:/Users/Projects/thesis-ai-fresh/src/lib/personalization/cross-device-sync.ts:260:10)
    at C:/Users/Projects/thesis-ai-fresh/src/__tests__/personalization/cross-device-sync.test.ts:149:35
    at [90mfile:///C:/Users/Projects/thesis-ai-fresh/[39mnode_modules/[4m.pnpm[24m/@vitest+runner@4.0.14/node_modu
les/[4m@vitest[24m/runner/dist/index.js:145:11
    at [90mfile:///C:/Users/Projects/thesis-ai-fresh/[39mnode_modules/[4m.pnpm[24m/@vitest+runner@4.0.14/node_modu
les/[4m@vitest[24m/runner/dist/index.js:919:26
    at [90mfile:///C:/Users/Projects/thesis-ai-fresh/[39mnode_modules/[4m.pnpm[24m/@vitest+runner@4.0.14/node_modu
les/[4m@vitest[24m/runner/dist/index.js:1244:20
    at new Promise (<anonymous>)
    at runWithTimeout [90m(file:///C:/Users/Projects/thesis-ai-fresh/[39mnode_modules/[4m.pnpm[24m/@vitest+runner@
4.0.14/node_modules/[4m@vitest[24m/runner/dist/index.js:1210:10[90m)[39m
    at [90mfile:///C:/Users/Projects/thesis-ai-fresh/[39mnode_modules/[4m.pnpm[24m/@vitest+runner@4.0.14/node_modu
les/[4m@vitest[24m/runner/dist/index.js:1654:37
    at Traces.$ [90m(file:///C:/Users/Projects/thesis-ai-fresh/[39mnode_modules/[4m.pnpm[24m/vitest@4.0.14_@opente
lemetr_24efe0c518e3f793aef2962d1469c377/node_modules/[4mvitest[24m/dist/chunks/traces.U4xDYhzZ.js:115:27[90m)[39m
    at trace [90m(file:///C:/Users/Projects/thesis-ai-fresh/[39mnode_modules/[4m.pnpm[24m/vitest@4.0.14_@opentelem
etr_24efe0c518e3f793aef2962d1469c377/node_modules/[4mvitest[24m/dist/chunks/test.DqQZzsWf.js:234:21[90m)[39m

[90mstderr[2m | src/__tests__/personalization/cross-device-sync.test.ts[2m > [22m[2mCrossDeviceSyncManager[2m > 
[22m[2mConflict Detection[2m > [22m[2mshould detect conflicts between devices updating same resource
[22m[39mError syncing preferences: TypeError: __vite_ssr_import_0__.supabase.from(...).select(...).eq is not a 
function
    at CrossDeviceSyncManager._performSync 
(C:/Users/Projects/thesis-ai-fresh/src/lib/personalization/cross-device-sync.ts:113:10)
    at CrossDeviceSyncManager.syncPreferences 
(C:/Users/Projects/thesis-ai-fresh/src/lib/personalization/cross-device-sync.ts:95:30)
    at C:/Users/Projects/thesis-ai-fresh/src/__tests__/personalization/cross-device-sync.test.ts:193:36
[90m    at processTicksAndRejections (node:internal/process/task_queues:95:5)[39m
    at [90mfile:///C:/Users/Projects/thesis-ai-fresh/[39mnode_modules/[4m.pnpm[24m/@vitest+runner@4.0.14/node_modu
les/[4m@vitest[24m/runner/dist/index.js:919:20

[90mstderr[2m | src/__tests__/personalization/cross-device-sync.test.ts[2m > [22m[2mCrossDeviceSyncManager[2m > 
[22m[2mConflict Detection[2m > [22m[2mshould not detect conflicts for different resources
[22m[39mError syncing preferences: TypeError: __vite_ssr_import_0__.supabase.from(...).select(...).eq is not a 
function
    at CrossDeviceSyncManager._performSync 
(C:/Users/Projects/thesis-ai-fresh/src/lib/personalization/cross-device-sync.ts:113:10)
    at CrossDeviceSyncManager.syncPreferences 
(C:/Users/Projects/thesis-ai-fresh/src/lib/personalization/cross-device-sync.ts:95:30)
    at C:/Users/Projects/thesis-ai-fresh/src/__tests__/personalization/cross-device-sync.test.ts:218:36
[90m    at processTicksAndRejections (node:internal/process/task_queues:95:5)[39m
    at [90mfile:///C:/Users/Projects/thesis-ai-fresh/[39mnode_modules/[4m.pnpm[24m/@vitest+runner@4.0.14/node_modu
les/[4m@vitest[24m/runner/dist/index.js:919:20

[90mstderr[2m | src/__tests__/personalization/cross-device-sync.test.ts[2m > [22m[2mCrossDeviceSyncManager[2m > 
[22m[2mConflict Resolution[2m > [22m[2mshould resolve conflicts using timestamp priority
[22m[39mError syncing preferences: TypeError: __vite_ssr_import_0__.supabase.from(...).select(...).eq is not a 
function
    at CrossDeviceSyncManager._performSync 
(C:/Users/Projects/thesis-ai-fresh/src/lib/personalization/cross-device-sync.ts:113:10)
    at CrossDeviceSyncManager.syncPreferences 
(C:/Users/Projects/thesis-ai-fresh/src/lib/personalization/cross-device-sync.ts:95:30)
    at C:/Users/Projects/thesis-ai-fresh/src/__tests__/personalization/cross-device-sync.test.ts:227:36
    at [90mfile:///C:/Users/Projects/thesis-ai-fresh/[39mnode_modules/[4m.pnpm[24m/@vitest+runner@4.0.14/node_modu
les/[4m@vitest[24m/runner/dist/index.js:145:11
    at [90mfile:///C:/Users/Projects/thesis-ai-fresh/[39mnode_modules/[4m.pnpm[24m/@vitest+runner@4.0.14/node_modu
les/[4m@vitest[24m/runner/dist/index.js:919:26
    at [90mfile:///C:/Users/Projects/thesis-ai-fresh/[39mnode_modules/[4m.pnpm[24m/@vitest+runner@4.0.14/node_modu
les/[4m@vitest[24m/runner/dist/index.js:1244:20
    at new Promise (<anonymous>)
    at runWithTimeout [90m(file:///C:/Users/Projects/thesis-ai-fresh/[39mnode_modules/[4m.pnpm[24m/@vitest+runner@
4.0.14/node_modules/[4m@vitest[24m/runner/dist/index.js:1210:10[90m)[39m
    at [90mfile:///C:/Users/Projects/thesis-ai-fresh/[39mnode_modules/[4m.pnpm[24m/@vitest+runner@4.0.14/node_modu
les/[4m@vitest[24m/runner/dist/index.js:1654:37
    at Traces.$ [90m(file:///C:/Users/Projects/thesis-ai-fresh/[39mnode_modules/[4m.pnpm[24m/vitest@4.0.14_@opente
lemetr_24efe0c518e3f793aef2962d1469c377/node_modules/[4mvitest[24m/dist/chunks/traces.U4xDYhzZ.js:115:27[90m)[39m

[90mstderr[2m | src/__tests__/personalization/cross-device-sync.test.ts[2m > [22m[2mCrossDeviceSyncManager[2m > 
[22m[2mConflict Resolution[2m > [22m[2mshould preserve both device states on merge
[22m[39mError syncing preferences: TypeError: __vite_ssr_import_0__.supabase.from(...).select(...).eq is not a 
function
    at CrossDeviceSyncManager._performSync 
(C:/Users/Projects/thesis-ai-fresh/src/lib/personalization/cross-device-sync.ts:113:10)
    at CrossDeviceSyncManager.syncPreferences 
(C:/Users/Projects/thesis-ai-fresh/src/lib/personalization/cross-device-sync.ts:95:30)
    at C:/Users/Projects/thesis-ai-fresh/src/__tests__/personalization/cross-device-sync.test.ts:234:36
    at [90mfile:///C:/Users/Projects/thesis-ai-fresh/[39mnode_modules/[4m.pnpm[24m/@vitest+runner@4.0.14/node_modu
les/[4m@vitest[24m/runner/dist/index.js:145:11
    at [90mfile:///C:/Users/Projects/thesis-ai-fresh/[39mnode_modules/[4m.pnpm[24m/@vitest+runner@4.0.14/node_modu
les/[4m@vitest[24m/runner/dist/index.js:919:26
    at [90mfile:///C:/Users/Projects/thesis-ai-fresh/[39mnode_modules/[4m.pnpm[24m/@vitest+runner@4.0.14/node_modu
les/[4m@vitest[24m/runner/dist/index.js:1244:20
    at new Promise (<anonymous>)
    at runWithTimeout [90m(file:///C:/Users/Projects/thesis-ai-fresh/[39mnode_modules/[4m.pnpm[24m/@vitest+runner@
4.0.14/node_modules/[4m@vitest[24m/runner/dist/index.js:1210:10[90m)[39m
    at [90mfile:///C:/Users/Projects/thesis-ai-fresh/[39mnode_modules/[4m.pnpm[24m/@vitest+runner@4.0.14/node_modu
les/[4m@vitest[24m/runner/dist/index.js:1654:37
    at Traces.$ [90m(file:///C:/Users/Projects/thesis-ai-fresh/[39mnode_modules/[4m.pnpm[24m/vitest@4.0.14_@opente
lemetr_24efe0c518e3f793aef2962d1469c377/node_modules/[4mvitest[24m/dist/chunks/traces.U4xDYhzZ.js:115:27[90m)[39m

[90mstderr[2m | src/__tests__/personalization/cross-device-sync.test.ts[2m > [22m[2mCrossDeviceSyncManager[2m > 
[22m[2mSync Workflow[2m > [22m[2mshould complete full sync workflow
[22m[39mError syncing preferences: TypeError: __vite_ssr_import_0__.supabase.from(...).select(...).eq is not a 
function
    at CrossDeviceSyncManager._performSync 
(C:/Users/Projects/thesis-ai-fresh/src/lib/personalization/cross-device-sync.ts:113:10)
    at CrossDeviceSyncManager.syncPreferences 
(C:/Users/Projects/thesis-ai-fresh/src/lib/personalization/cross-device-sync.ts:95:30)
    at C:/Users/Projects/thesis-ai-fresh/src/__tests__/personalization/cross-device-sync.test.ts:261:40
[90m    at processTicksAndRejections (node:internal/process/task_queues:95:5)[39m
    at [90mfile:///C:/Users/Projects/thesis-ai-fresh/[39mnode_modules/[4m.pnpm[24m/@vitest+runner@4.0.14/node_modu
les/[4m@vitest[24m/runner/dist/index.js:919:20

[90mstderr[2m | src/__tests__/personalization/cross-device-sync.test.ts[2m > [22m[2mCrossDeviceSyncManager[2m > 
[22m[2mSync Workflow[2m > [22m[2mshould prevent concurrent syncs
[22m[39mError syncing preferences: TypeError: __vite_ssr_import_0__.supabase.from(...).select(...).eq is not a 
function
    at CrossDeviceSyncManager._performSync 
(C:/Users/Projects/thesis-ai-fresh/src/lib/personalization/cross-device-sync.ts:113:10)
    at CrossDeviceSyncManager.syncPreferences 
(C:/Users/Projects/thesis-ai-fresh/src/lib/personalization/cross-device-sync.ts:95:30)
    at C:/Users/Projects/thesis-ai-fresh/src/__tests__/personalization/cross-device-sync.test.ts:268:29
    at [90mfile:///C:/Users/Projects/thesis-ai-fresh/[39mnode_modules/[4m.pnpm[24m/@vitest+runner@4.0.14/node_modu
les/[4m@vitest[24m/runner/dist/index.js:145:11
    at [90mfile:///C:/Users/Projects/thesis-ai-fresh/[39mnode_modules/[4m.pnpm[24m/@vitest+runner@4.0.14/node_modu
les/[4m@vitest[24m/runner/dist/index.js:919:26
    at [90mfile:///C:/Users/Projects/thesis-ai-fresh/[39mnode_modules/[4m.pnpm[24m/@vitest+runner@4.0.14/node_modu
les/[4m@vitest[24m/runner/dist/index.js:1244:20
    at new Promise (<anonymous>)
    at runWithTimeout [90m(file:///C:/Users/Projects/thesis-ai-fresh/[39mnode_modules/[4m.pnpm[24m/@vitest+runner@
4.0.14/node_modules/[4m@vitest[24m/runner/dist/index.js:1210:10[90m)[39m
    at [90mfile:///C:/Users/Projects/thesis-ai-fresh/[39mnode_modules/[4m.pnpm[24m/@vitest+runner@4.0.14/node_modu
les/[4m@vitest[24m/runner/dist/index.js:1654:37
    at Traces.$ [90m(file:///C:/Users/Projects/thesis-ai-fresh/[39mnode_modules/[4m.pnpm[24m/vitest@4.0.14_@opente
lemetr_24efe0c518e3f793aef2962d1469c377/node_modules/[4mvitest[24m/dist/chunks/traces.U4xDYhzZ.js:115:27[90m)[39m

[90mstderr[2m | src/__tests__/personalization/cross-device-sync.test.ts[2m > [22m[2mCrossDeviceSyncManager[2m > 
[22m[2mSync Workflow[2m > [22m[2mshould prevent concurrent syncs
[22m[39mError syncing preferences: TypeError: __vite_ssr_import_0__.supabase.from(...).select(...).eq is not a 
function
    at CrossDeviceSyncManager._performSync 
(C:/Users/Projects/thesis-ai-fresh/src/lib/personalization/cross-device-sync.ts:113:10)
    at CrossDeviceSyncManager.syncPreferences 
(C:/Users/Projects/thesis-ai-fresh/src/lib/personalization/cross-device-sync.ts:95:30)
[90m    at processTicksAndRejections (node:internal/process/task_queues:95:5)[39m
    at async Promise.all (index 1)
    at C:/Users/Projects/thesis-ai-fresh/src/__tests__/personalization/cross-device-sync.test.ts:271:34
    at [90mfile:///C:/Users/Projects/thesis-ai-fresh/[39mnode_modules/[4m.pnpm[24m/@vitest+runner@4.0.14/node_modu
les/[4m@vitest[24m/runner/dist/index.js:919:20

 [31mΓ¥»[39m src/__tests__/personalization/cross-device-sync.test.ts [2m([22m[2m19 tests[22m[2m | [22m[31m2 failed[39m[2m)[22m[32m 66[2mms[22m[39m
       [32mΓ£ô[39m should register a new device[32m 5[2mms[22m[39m
[31m       [31m├ù[31m should have lastSyncAt timestamp[39m[32m 10[2mms[22m[39m
       [32mΓ£ô[39m should fetch all devices for a user[32m 11[2mms[22m[39m
       [32mΓ£ô[39m should return empty array on error[32m 3[2mms[22m[39m
[31m       [31m├ù[31m should track a preference change[39m[32m 2[2mms[22m[39m
       [32mΓ£ô[39m should mark changes as unsynced initially[32m 1[2mms[22m[39m
       [32mΓ£ô[39m should sync preferences across devices[32m 2[2mms[22m[39m
       [32mΓ£ô[39m should detect and return conflicts[32m 2[2mms[22m[39m
       [32mΓ£ô[39m should return sync state for user[32m 3[2mms[22m[39m
       [32mΓ£ô[39m should track pending changes[32m 2[2mms[22m[39m
       [32mΓ£ô[39m should track conflicts[32m 2[2mms[22m[39m
       [32mΓ£ô[39m should mark device as active[32m 1[2mms[22m[39m
       [32mΓ£ô[39m should update lastSyncAt timestamp[32m 1[2mms[22m[39m
       [32mΓ£ô[39m should detect conflicts between devices updating same resource[32m 3[2mms[22m[39m
       [32mΓ£ô[39m should not detect conflicts for different resources[32m 2[2mms[22m[39m
       [32mΓ£ô[39m should resolve conflicts using timestamp priority[32m 2[2mms[22m[39m
       [32mΓ£ô[39m should preserve both device states on merge[32m 2[2mms[22m[39m
       [32mΓ£ô[39m should complete full sync workflow[32m 2[2mms[22m[39m
       [32mΓ£ô[39m should prevent concurrent syncs[32m 4[2mms[22m[39m
[90mstderr[2m | src/lib/personalization/__tests__/dashboard-state.test.ts[2m > [22m[2museDashboardStore[2m > 
[22m[2mWidget Data Loading[2m > [22m[2mshould load single widget data
[22m[39mError loading widget test-widget: TypeError: Failed to parse URL from /api/dashboard/widgets/test-widget
[90m    at node:internal/deps/undici/undici:13510:13[39m
[90m    at processTicksAndRejections (node:internal/process/task_queues:95:5)[39m
    at C:/Users/Projects/thesis-ai-fresh/src/lib/personalization/dashboard-state.ts:516:26
    at Object.loadWidgetData (C:/Users/Projects/thesis-ai-fresh/src/lib/personalization/dashboard-state.ts:525:32)
    at C:/Users/Projects/thesis-ai-fresh/src/lib/personalization/__tests__/dashboard-state.test.ts:24:9 {
  [cause]: TypeError: Invalid URL
  [90m    at new URL (node:internal/url:806:29)[39m
      at new URL$1 [90m(file:///C:/Users/Projects/thesis-ai-fresh/[39mnode_modules/[4m.pnpm[24m/vitest@4.0.14_@ope
ntelemetr_24efe0c518e3f793aef2962d1469c377/node_modules/[4mvitest[24m/dist/chunks/index.BspFP3mn.js:556:9[90m)[39m
  [90m    at new Request (node:internal/deps/undici/undici:9586:25)[39m
  [90m    at fetch (node:internal/deps/undici/undici:10315:25)[39m
  [90m    at fetch (node:internal/deps/undici/undici:13508:10)[39m
  [90m    at fetch (node:internal/bootstrap/web/exposed-window-or-worker:72:12)[39m
      at C:/Users/Projects/thesis-ai-fresh/src/lib/personalization/dashboard-state.ts:516:32
      at Object.loadWidgetData (C:/Users/Projects/thesis-ai-fresh/src/lib/personalization/dashboard-state.ts:522:7)
      at C:/Users/Projects/thesis-ai-fresh/src/lib/personalization/__tests__/dashboard-state.test.ts:24:30
      at [90mC:\Users\Projects\thesis-ai-fresh\[39mnode_modules\[4m.pnpm[24m\@testing-library+react@16.3_ce6abeed4
0b71d24f89e1a1fb3ab855b\node_modules\[4m@testing-library[24m\react\dist\act-compat.js:48:24 {
    code: [32m'ERR_INVALID_URL'[39m,
    input: [32m'/api/dashboard/widgets/test-widget'[39m
  }
}

[90mstderr[2m | src/lib/personalization/__tests__/dashboard-state.test.ts[2m > [22m[2museDashboardStore[2m > 
[22m[2mBatch Widget Loading[2m > [22m[2mshould load multiple widgets
[22m[39mError loading dashboard widgets: TypeError: Failed to parse URL from /api/dashboard/widgets/batch
[90m    at node:internal/deps/undici/undici:13510:13[39m
    at C:/Users/Projects/thesis-ai-fresh/src/lib/personalization/dashboard-state.ts:590:26
    at Object.loadAllWidgetData (C:/Users/Projects/thesis-ai-fresh/src/lib/personalization/dashboard-state.ts:605:36)
    at C:/Users/Projects/thesis-ai-fresh/src/lib/personalization/__tests__/dashboard-state.test.ts:129:9 {
  [cause]: TypeError: Invalid URL
  [90m    at new URL (node:internal/url:806:29)[39m
      at new URL$1 [90m(file:///C:/Users/Projects/thesis-ai-fresh/[39mnode_modules/[4m.pnpm[24m/vitest@4.0.14_@ope
ntelemetr_24efe0c518e3f793aef2962d1469c377/node_modules/[4mvitest[24m/dist/chunks/index.BspFP3mn.js:556:9[90m)[39m
  [90m    at new Request (node:internal/deps/undici/undici:9586:25)[39m
  [90m    at fetch (node:internal/deps/undici/undici:10315:25)[39m
  [90m    at fetch (node:internal/deps/undici/undici:13508:10)[39m
  [90m    at fetch (node:internal/bootstrap/web/exposed-window-or-worker:72:12)[39m
      at C:/Users/Projects/thesis-ai-fresh/src/lib/personalization/dashboard-state.ts:590:32
      at Object.loadAllWidgetData (C:/Users/Projects/thesis-ai-fresh/src/lib/personalization/dashboard-state.ts:602:7)
      at C:/Users/Projects/thesis-ai-fresh/src/lib/personalization/__tests__/dashboard-state.test.ts:129:30
      at [90mC:\Users\Projects\thesis-ai-fresh\[39mnode_modules\[4m.pnpm[24m\@testing-library+react@16.3_ce6abeed4
0b71d24f89e1a1fb3ab855b\node_modules\[4m@testing-library[24m\react\dist\act-compat.js:48:24 {
    code: [32m'ERR_INVALID_URL'[39m,
    input: [32m'/api/dashboard/widgets/batch'[39m
  }
}

[90mstderr[2m | src/lib/personalization/__tests__/dashboard-state.test.ts[2m > [22m[2museDashboardStore[2m > 
[22m[2mBatch Widget Loading[2m > [22m[2mshould set global loading state during batch load
[22m[39mError loading dashboard widgets: TypeError: Failed to parse URL from /api/dashboard/widgets/batch
[90m    at node:internal/deps/undici/undici:13510:13[39m
    at C:/Users/Projects/thesis-ai-fresh/src/lib/personalization/dashboard-state.ts:590:26
    at Object.loadAllWidgetData (C:/Users/Projects/thesis-ai-fresh/src/lib/personalization/dashboard-state.ts:605:36)
    at C:/Users/Projects/thesis-ai-fresh/src/lib/personalization/__tests__/dashboard-state.test.ts:148:9 {
  [cause]: TypeError: Invalid URL
  [90m    at new URL (node:internal/url:806:29)[39m
      at new URL$1 [90m(file:///C:/Users/Projects/thesis-ai-fresh/[39mnode_modules/[4m.pnpm[24m/vitest@4.0.14_@ope
ntelemetr_24efe0c518e3f793aef2962d1469c377/node_modules/[4mvitest[24m/dist/chunks/index.BspFP3mn.js:556:9[90m)[39m
  [90m    at new Request (node:internal/deps/undici/undici:9586:25)[39m
  [90m    at fetch (node:internal/deps/undici/undici:10315:25)[39m
  [90m    at fetch (node:internal/deps/undici/undici:13508:10)[39m
  [90m    at fetch (node:internal/bootstrap/web/exposed-window-or-worker:72:12)[39m
      at C:/Users/Projects/thesis-ai-fresh/src/lib/personalization/dashboard-state.ts:590:32
      at Object.loadAllWidgetData (C:/Users/Projects/thesis-ai-fresh/src/lib/personalization/dashboard-state.ts:602:7)
      at C:/Users/Projects/thesis-ai-fresh/src/lib/personalization/__tests__/dashboard-state.test.ts:148:30
      at [90mC:\Users\Projects\thesis-ai-fresh\[39mnode_modules\[4m.pnpm[24m\@testing-library+react@16.3_ce6abeed4
0b71d24f89e1a1fb3ab855b\node_modules\[4m@testing-library[24m\react\dist\act-compat.js:48:24 {
    code: [32m'ERR_INVALID_URL'[39m,
    input: [32m'/api/dashboard/widgets/batch'[39m
  }
}

 [32mΓ£ô[39m src/lib/personalization/__tests__/dashboard-state.test.ts [2m([22m[2m18 tests[22m[2m)[22m[32m 180[2mms[22m[39m
[90mstdout[2m | __tests__/integration/improvement-ai-integration.test.ts[2m > [22m[2mActual AI Integration Test - Text Improvement Tool[2m > [22m[2mSample Data and Expected Outcomes[2m > [22m[2mdemonstrates sample input and expected AI improvement
[22m[39mSample input for AI (with grammar errors): The student performance in digital learning environment are mixed. Some research indicate that technology can enhance learning, but other show the opposite.
Expected improvement (corrected grammar): The student's performance in digital learning environments is mixed. Some research indicates that technology can enhance learning, but others show the opposite.

 [32mΓ£ô[39m __tests__/integration/improvement-ai-integration.test.ts [2m([22m[2m3 tests[22m[2m | [22m[33m2 skipped[39m[2m)[22m[32m 22[2mms[22m[39m
 [32mΓ£ô[39m src/__tests__/puter-ai-integration.test.ts [2m([22m[2m6 tests[22m[2m)[22m[32m 26[2mms[22m[39m
 [31mΓ¥»[39m src/tests/use-async.test.ts [2m([22m[2m6 tests[22m[2m | [22m[31m6 failed[39m[2m)[22m[32m 58[2mms[22m[39m
[31m     [31m├ù[31m should return correct initial state[39m[32m 47[2mms[22m[39m
[31m     [31m├ù[31m should handle successful async operation[39m[32m 2[2mms[22m[39m
[31m     [31m├ù[31m should handle async operation failure[39m[32m 2[2mms[22m[39m
[31m     [31m├ù[31m should pass arguments to the async function[39m[32m 1[2mms[22m[39m
[31m     [31m├ù[31m should reset state when execute is called again[39m[32m 1[2mms[22m[39m
[31m     [31m├ù[31m execute should return a promise that resolves/rejects with the operation result[39m[32m 1[2mms[22m[39m
 [31mΓ¥»[39m src/components/dashboard/widgets/__tests__/StatsWidget.test.tsx [2m([22m[2m15 tests[22m[2m | [22m[31m3 failed[39m[2m)[22m[33m 448[2mms[22m[39m
     [32mΓ£ô[39m renders null when data is undefined[32m 36[2mms[22m[39m
     [32mΓ£ô[39m renders widget title[32m 143[2mms[22m[39m
     [32mΓ£ô[39m displays total papers stat[32m 20[2mms[22m[39m
     [32mΓ£ô[39m displays total notes stat[32m 24[2mms[22m[39m
     [32mΓ£ô[39m displays total words stat with proper formatting[32m 25[2mms[22m[39m
     [32mΓ£ô[39m displays read time in hours[32m 16[2mms[22m[39m
     [32mΓ£ô[39m displays last updated date[32m 14[2mms[22m[39m
[31m     [31m├ù[31m handles zero values properly[39m[32m 38[2mms[22m[39m
[31m     [31m├ù[31m handles large numbers properly[39m[32m 20[2mms[22m[39m
     [32mΓ£ô[39m calculates read time correctly from minutes[32m 27[2mms[22m[39m
     [32mΓ£ô[39m has proper styling with gradient cards[32m 17[2mms[22m[39m
     [32mΓ£ô[39m renders four stat cards in 2x2 grid[32m 24[2mms[22m[39m
     [32mΓ£ô[39m has BarChart icon[32m 11[2mms[22m[39m
     [32mΓ£ô[39m renders without lastUpdated date[32m 13[2mms[22m[39m
[31m     [31m├ù[31m handles different stat arrays[39m[32m 15[2mms[22m[39m
 [2m[90mΓåô[39m[22m __tests__/integration/data-analytics-ai.test.ts [2m([22m[2m5 tests[22m[2m | [22m[33m5 skipped[39m[2m)[22m
 [31mΓ¥»[39m src/components/dashboard/widgets/__tests__/ResearchProgressWidget.test.tsx [2m([22m[2m13 tests[22m[2m | [22m[31m1 failed[39m[2m)[22m[33m 346[2mms[22m[39m
     [32mΓ£ô[39m renders null when data is undefined[32m 35[2mms[22m[39m
     [32mΓ£ô[39m renders widget title[32m 90[2mms[22m[39m
     [32mΓ£ô[39m displays papers read stat[32m 24[2mms[22m[39m
     [32mΓ£ô[39m displays notes created stat[32m 22[2mms[22m[39m
     [32mΓ£ô[39m displays goals completed stat[32m 21[2mms[22m[39m
     [32mΓ£ô[39m displays research accuracy percentage[32m 18[2mms[22m[39m
     [32mΓ£ô[39m renders progress bar for accuracy[32m 23[2mms[22m[39m
     [32mΓ£ô[39m renders with different accuracy values[32m 13[2mms[22m[39m
[31m     [31m├ù[31m handles zero values properly[39m[32m 33[2mms[22m[39m
     [32mΓ£ô[39m handles large values properly[32m 18[2mms[22m[39m
     [32mΓ£ô[39m has proper styling and layout[32m 20[2mms[22m[39m
     [32mΓ£ô[39m renders three stat cards in grid[32m 12[2mms[22m[39m
     [32mΓ£ô[39m has TrendingUp icon[32m 11[2mms[22m[39m
[90mstdout[2m | src/__tests__/admin/wiki-viewer.test.tsx[2m > [22m[2mWikiViewer[2m > [22m[2mrenders wiki viewer with sidebar and content area
[22m[39mFetching wiki pages from /api/wiki...

[90mstderr[2m | src/__tests__/admin/wiki-viewer.test.tsx[2m > [22m[2mWikiViewer[2m > [22m[2mrenders wiki 
viewer with sidebar and content area
[22m[39mError fetching wiki pages: TypeError: Cannot read properties of undefined (reading 'status')
    at fetchPages (C:/Users/Projects/thesis-ai-fresh/src/components/admin/wiki-viewer.tsx:38:50)
[90m    at processTicksAndRejections (node:internal/process/task_queues:95:5)[39m
Using fallback pages due to error
An update to WikiViewer inside a test was not wrapped in act(...).

When testing, code that causes React state updates should be wrapped into act(...):

act(() => {
  /* fire events that update state */
});
/* assert on the output */

This ensures that you're testing the behavior the user would see in the browser. Learn more at 
https://react.dev/link/wrap-tests-with-act
An update to WikiViewer inside a test was not wrapped in act(...).

When testing, code that causes React state updates should be wrapped into act(...):

act(() => {
  /* fire events that update state */
});
/* assert on the output */

This ensures that you're testing the behavior the user would see in the browser. Learn more at 
https://react.dev/link/wrap-tests-with-act

[90mstdout[2m | src/__tests__/admin/wiki-viewer.test.tsx[2m > [22m[2mWikiViewer[2m > [22m[2mdisplays wiki pages in sidebar
[22m[39mFetching wiki pages from /api/wiki...

[90mstderr[2m | src/__tests__/admin/wiki-viewer.test.tsx[2m > [22m[2mWikiViewer[2m > [22m[2mdisplays wiki 
pages in sidebar
[22m[39mError fetching wiki pages: TypeError: Cannot read properties of undefined (reading 'status')
    at fetchPages (C:/Users/Projects/thesis-ai-fresh/src/components/admin/wiki-viewer.tsx:38:50)
[90m    at processTicksAndRejections (node:internal/process/task_queues:95:5)[39m
Using fallback pages due to error
An update to WikiViewer inside a test was not wrapped in act(...).

When testing, code that causes React state updates should be wrapped into act(...):

act(() => {
  /* fire events that update state */
});
/* assert on the output */

This ensures that you're testing the behavior the user would see in the browser. Learn more at 
https://react.dev/link/wrap-tests-with-act
An update to WikiViewer inside a test was not wrapped in act(...).

When testing, code that causes React state updates should be wrapped into act(...):

act(() => {
  /* fire events that update state */
});
/* assert on the output */

This ensures that you're testing the behavior the user would see in the browser. Learn more at 
https://react.dev/link/wrap-tests-with-act

[90mstdout[2m | src/__tests__/admin/wiki-viewer.test.tsx[2m > [22m[2mWikiViewer[2m > [22m[2mfilters wiki pages based on search query
[22m[39mFetching wiki pages from /api/wiki...

[90mstderr[2m | src/__tests__/admin/wiki-viewer.test.tsx[2m > [22m[2mWikiViewer[2m > [22m[2mfilters wiki 
pages based on search query
[22m[39mError fetching wiki pages: TypeError: Cannot read properties of undefined (reading 'status')
    at fetchPages (C:/Users/Projects/thesis-ai-fresh/src/components/admin/wiki-viewer.tsx:38:50)
[90m    at processTicksAndRejections (node:internal/process/task_queues:95:5)[39m
Using fallback pages due to error
An update to WikiViewer inside a test was not wrapped in act(...).

When testing, code that causes React state updates should be wrapped into act(...):

act(() => {
  /* fire events that update state */
});
/* assert on the output */

This ensures that you're testing the behavior the user would see in the browser. Learn more at 
https://react.dev/link/wrap-tests-with-act
An update to WikiViewer inside a test was not wrapped in act(...).

When testing, code that causes React state updates should be wrapped into act(...):

act(() => {
  /* fire events that update state */
});
/* assert on the output */

This ensures that you're testing the behavior the user would see in the browser. Learn more at 
https://react.dev/link/wrap-tests-with-act

[90mstdout[2m | src/__tests__/admin/wiki-viewer.test.tsx[2m > [22m[2mWikiViewer[2m > [22m[2mshows loading state when fetching wiki content
[22m[39mFetching wiki pages from /api/wiki...

[90mstdout[2m | src/__tests__/admin/wiki-viewer.test.tsx[2m > [22m[2mWikiViewer[2m > [22m[2mdisplays wiki content when page is selected
[22m[39mFetching wiki pages from /api/wiki...

[90mstdout[2m | src/__tests__/admin/wiki-viewer.test.tsx[2m > [22m[2mWikiViewer[2m > [22m[2mdisplays wiki content when page is selected
[22m[39mResponse status: [90mundefined[39m

[90mstderr[2m | src/__tests__/admin/wiki-viewer.test.tsx[2m > [22m[2mWikiViewer[2m > [22m[2mdisplays wiki 
content when page is selected
[22m[39mAPI returned empty pages array, using fallback pages
An update to WikiViewer inside a test was not wrapped in act(...).

When testing, code that causes React state updates should be wrapped into act(...):

act(() => {
  /* fire events that update state */
});
/* assert on the output */

This ensures that you're testing the behavior the user would see in the browser. Learn more at 
https://react.dev/link/wrap-tests-with-act
An update to WikiViewer inside a test was not wrapped in act(...).

When testing, code that causes React state updates should be wrapped into act(...):

act(() => {
  /* fire events that update state */
});
/* assert on the output */

This ensures that you're testing the behavior the user would see in the browser. Learn more at 
https://react.dev/link/wrap-tests-with-act

[90mstdout[2m | src/__tests__/admin/wiki-viewer.test.tsx[2m > [22m[2mWikiViewer[2m > [22m[2mdisplays wiki content when page is selected
[22m[39mWiki pages data: {
  content: [32m'# Home\n\nWelcome to the wiki'[39m,
  slug: [32m'Home'[39m,
  title: [32m'Home'[39m
}
Setting pages: []

[90mstdout[2m | src/__tests__/admin/wiki-viewer.test.tsx[2m > [22m[2mWikiViewer[2m > [22m[2mhandles fetch errors gracefully
[22m[39mFetching wiki pages from /api/wiki...

[90mstderr[2m | src/__tests__/admin/wiki-viewer.test.tsx[2m > [22m[2mWikiViewer[2m > [22m[2mhandles fetch 
errors gracefully
[22m[39mError fetching wiki pages: Error: Fetch failed
    at C:/Users/Projects/thesis-ai-fresh/src/__tests__/admin/wiki-viewer.test.tsx:90:45
    at [90mfile:///C:/Users/Projects/thesis-ai-fresh/[39mnode_modules/[4m.pnpm[24m/@vitest+runner@4.0.14/node_modu
les/[4m@vitest[24m/runner/dist/index.js:145:11
    at [90mfile:///C:/Users/Projects/thesis-ai-fresh/[39mnode_modules/[4m.pnpm[24m/@vitest+runner@4.0.14/node_modu
les/[4m@vitest[24m/runner/dist/index.js:919:26
    at [90mfile:///C:/Users/Projects/thesis-ai-fresh/[39mnode_modules/[4m.pnpm[24m/@vitest+runner@4.0.14/node_modu
les/[4m@vitest[24m/runner/dist/index.js:1244:20
    at new Promise (<anonymous>)
    at runWithTimeout [90m(file:///C:/Users/Projects/thesis-ai-fresh/[39mnode_modules/[4m.pnpm[24m/@vitest+runner@
4.0.14/node_modules/[4m@vitest[24m/runner/dist/index.js:1210:10[90m)[39m
    at [90mfile:///C:/Users/Projects/thesis-ai-fresh/[39mnode_modules/[4m.pnpm[24m/@vitest+runner@4.0.14/node_modu
les/[4m@vitest[24m/runner/dist/index.js:1654:37
    at Traces.$ [90m(file:///C:/Users/Projects/thesis-ai-fresh/[39mnode_modules/[4m.pnpm[24m/vitest@4.0.14_@opente
lemetr_24efe0c518e3f793aef2962d1469c377/node_modules/[4mvitest[24m/dist/chunks/traces.U4xDYhzZ.js:115:27[90m)[39m
    at trace [90m(file:///C:/Users/Projects/thesis-ai-fresh/[39mnode_modules/[4m.pnpm[24m/vitest@4.0.14_@opentelem
etr_24efe0c518e3f793aef2962d1469c377/node_modules/[4mvitest[24m/dist/chunks/test.DqQZzsWf.js:234:21[90m)[39m
    at runTest [90m(file:///C:/Users/Projects/thesis-ai-fresh/[39mnode_modules/[4m.pnpm[24m/@vitest+runner@4.0.14/
node_modules/[4m@vitest[24m/runner/dist/index.js:1654:12[90m)[39m
Using fallback pages due to error
An update to WikiViewer inside a test was not wrapped in act(...).

When testing, code that causes React state updates should be wrapped into act(...):

act(() => {
  /* fire events that update state */
});
/* assert on the output */

This ensures that you're testing the behavior the user would see in the browser. Learn more at 
https://react.dev/link/wrap-tests-with-act
An update to WikiViewer inside a test was not wrapped in act(...).

When testing, code that causes React state updates should be wrapped into act(...):

act(() => {
  /* fire events that update state */
});
/* assert on the output */

This ensures that you're testing the behavior the user would see in the browser. Learn more at 
https://react.dev/link/wrap-tests-with-act

[90mstdout[2m | src/__tests__/admin/wiki-viewer.test.tsx[2m > [22m[2mWikiViewer[2m > [22m[2mdisplays hint text when no page is selected
[22m[39mFetching wiki pages from /api/wiki...

[90mstderr[2m | src/__tests__/admin/wiki-viewer.test.tsx[2m > [22m[2mWikiViewer[2m > [22m[2mdisplays hint 
text when no page is selected
[22m[39mError fetching wiki pages: Error: Fetch failed
    at C:/Users/Projects/thesis-ai-fresh/src/__tests__/admin/wiki-viewer.test.tsx:90:45
    at [90mfile:///C:/Users/Projects/thesis-ai-fresh/[39mnode_modules/[4m.pnpm[24m/@vitest+runner@4.0.14/node_modu
les/[4m@vitest[24m/runner/dist/index.js:145:11
    at [90mfile:///C:/Users/Projects/thesis-ai-fresh/[39mnode_modules/[4m.pnpm[24m/@vitest+runner@4.0.14/node_modu
les/[4m@vitest[24m/runner/dist/index.js:919:26
    at [90mfile:///C:/Users/Projects/thesis-ai-fresh/[39mnode_modules/[4m.pnpm[24m/@vitest+runner@4.0.14/node_modu
les/[4m@vitest[24m/runner/dist/index.js:1244:20
    at new Promise (<anonymous>)
    at runWithTimeout [90m(file:///C:/Users/Projects/thesis-ai-fresh/[39mnode_modules/[4m.pnpm[24m/@vitest+runner@
4.0.14/node_modules/[4m@vitest[24m/runner/dist/index.js:1210:10[90m)[39m
    at [90mfile:///C:/Users/Projects/thesis-ai-fresh/[39mnode_modules/[4m.pnpm[24m/@vitest+runner@4.0.14/node_modu
les/[4m@vitest[24m/runner/dist/index.js:1654:37
    at Traces.$ [90m(file:///C:/Users/Projects/thesis-ai-fresh/[39mnode_modules/[4m.pnpm[24m/vitest@4.0.14_@opente
lemetr_24efe0c518e3f793aef2962d1469c377/node_modules/[4mvitest[24m/dist/chunks/traces.U4xDYhzZ.js:115:27[90m)[39m
    at trace [90m(file:///C:/Users/Projects/thesis-ai-fresh/[39mnode_modules/[4m.pnpm[24m/vitest@4.0.14_@opentelem
etr_24efe0c518e3f793aef2962d1469c377/node_modules/[4mvitest[24m/dist/chunks/test.DqQZzsWf.js:234:21[90m)[39m
    at runTest [90m(file:///C:/Users/Projects/thesis-ai-fresh/[39mnode_modules/[4m.pnpm[24m/@vitest+runner@4.0.14/
node_modules/[4m@vitest[24m/runner/dist/index.js:1654:12[90m)[39m
Using fallback pages due to error
An update to WikiViewer inside a test was not wrapped in act(...).

When testing, code that causes React state updates should be wrapped into act(...):

act(() => {
  /* fire events that update state */
});
/* assert on the output */

This ensures that you're testing the behavior the user would see in the browser. Learn more at 
https://react.dev/link/wrap-tests-with-act
An update to WikiViewer inside a test was not wrapped in act(...).

When testing, code that causes React state updates should be wrapped into act(...):

act(() => {
  /* fire events that update state */
});
/* assert on the output */

This ensures that you're testing the behavior the user would see in the browser. Learn more at 
https://react.dev/link/wrap-tests-with-act

[90mstdout[2m | src/__tests__/admin/wiki-viewer.test.tsx
[22m[39mResponse status: [90mundefined[39m

[90mstderr[2m | src/__tests__/admin/wiki-viewer.test.tsx
[22m[39mAPI returned empty pages array, using fallback pages

[90mstdout[2m | src/__tests__/admin/wiki-viewer.test.tsx
[22m[39mWiki pages data: { content: [32m'# Test Content\n\nTest body'[39m, slug: [32m'test'[39m, title: [32m'Test'[39m }
Setting pages: []

 [31mΓ¥»[39m src/__tests__/admin/wiki-viewer.test.tsx [2m([22m[2m7 tests[22m[2m | [22m[31m6 failed[39m[2m)[22m[33m 554[2mms[22m[39m
     [32mΓ£ô[39m renders wiki viewer with sidebar and content area[32m 226[2mms[22m[39m
[31m     [31m├ù[31m displays wiki pages in sidebar[39m[32m 69[2mms[22m[39m
[31m     [31m├ù[31m filters wiki pages based on search query[39m[32m 78[2mms[22m[39m
[31m     [31m├ù[31m shows loading state when fetching wiki content[39m[32m 41[2mms[22m[39m
[31m     [31m├ù[31m displays wiki content when page is selected[39m[32m 39[2mms[22m[39m
[31m     [31m├ù[31m handles fetch errors gracefully[39m[32m 43[2mms[22m[39m
[31m     [31m├ù[31m displays hint text when no page is selected[39m[32m 53[2mms[22m[39m
 [32mΓ£ô[39m src/__tests__/integration/thesis-creation-workflow.test.tsx [2m([22m[2m5 tests[22m[2m)[22m[33m 1888[2mms[22m[39m
     [33m[2mΓ£ô[22m[39m creates thesis with title and topic [33m 1007[2mms[22m[39m
     [33m[2mΓ£ô[22m[39m generates research questions after creation [33m 534[2mms[22m[39m
 [32mΓ£ô[39m src/__tests__/components/input.test.tsx [2m([22m[2m10 tests[22m[2m)[22m[33m 1162[2mms[22m[39m
     [33m[2mΓ£ô[22m[39m renders input element [33m 408[2mms[22m[39m
Not implemented: HTMLFormElement's requestSubmit() method
Not implemented: HTMLFormElement's requestSubmit() method
 [32mΓ£ô[39m src/__tests__/integration/auth-workflow.test.tsx [2m([22m[2m4 tests[22m[2m)[22m[33m 1170[2mms[22m[39m
     [33m[2mΓ£ô[22m[39m completes sign in flow [33m 956[2mms[22m[39m
 [32mΓ£ô[39m src/__tests__/components/button.test.tsx [2m([22m[2m10 tests[22m[2m)[22m[33m 803[2mms[22m[39m
     [33m[2mΓ£ô[22m[39m renders button with text [33m 416[2mms[22m[39m
 [32mΓ£ô[39m src/__tests__/personalization/api-integration.test.ts [2m([22m[2m24 tests[22m[2m)[22m[32m 88[2mms[22m[39m
 [32mΓ£ô[39m src/__tests__/components/card.test.tsx [2m([22m[2m10 tests[22m[2m)[22m[32m 188[2mms[22m[39m
 [32mΓ£ô[39m src/__tests__/personalization/e2e-workflows.test.ts [2m([22m[2m9 tests[22m[2m)[22m[32m 21[2mms[22m[39m
 [32mΓ£ô[39m src/__tests__/integration/ai-tools-workflow.test.ts [2m([22m[2m9 tests[22m[2m)[22m[32m 21[2mms[22m[39m
 [32mΓ£ô[39m src/__tests__/scihub/scihub-integration.test.ts [2m([22m[2m14 tests[22m[2m)[22m[32m 14[2mms[22m[39m
 [32mΓ£ô[39m src/__tests__/ai-tools-quick-test.test.ts [2m([22m[2m5 tests[22m[2m)[22m[32m 13[2mms[22m[39m
 [31mΓ¥»[39m src/components/dashboard/__tests__/ErrorBoundary.test.tsx [2m([22m[2m5 tests[22m[2m | [22m[31m5 failed[39m[2m)[22m[32m 23[2mms[22m[39m
[31m     [31m├ù[31m renders children when there is no error[39m[32m 11[2mms[22m[39m
[31m     [31m├ù[31m displays error message when child throws[39m[32m 2[2mms[22m[39m
[31m     [31m├ù[31m renders retry button[39m[32m 2[2mms[22m[39m
[31m     [31m├ù[31m recovers when retry button is clicked[39m[32m 2[2mms[22m[39m
[31m     [31m├ù[31m accepts custom fallback render function[39m[32m 2[2mms[22m[39m
 [32mΓ£ô[39m src/components/dashboard/__tests__/LoadingSkeleton.test.tsx [2m([22m[2m9 tests[22m[2m)[22m[32m 173[2mms[22m[39m
 [32mΓ£ô[39m src/lib/mcp/__tests__/serena-client.test.ts [2m([22m[2m5 tests[22m[2m)[22m[33m 2332[2mms[22m[39m
     [33m[2mΓ£ô[22m[39m should handle request errors gracefully [33m 2321[2mms[22m[39m
 [32mΓ£ô[39m src/lib/mcp/__tests__/orchestrator.test.ts [2m([22m[2m5 tests[22m[2m)[22m[33m 3201[2mms[22m[39m
     [33m[2mΓ£ô[22m[39m should execute workflow steps [33m 2895[2mms[22m[39m
 [32mΓ£ô[39m src/__tests__/hooks/useDebounce.test.ts [2m([22m[2m9 tests[22m[2m)[22m[32m 11[2mms[22m[39m
 [32mΓ£ô[39m src/__tests__/components/theme-toggle.test.tsx [2m([22m[2m9 tests[22m[2m)[22m[32m 14[2mms[22m[39m
 [32mΓ£ô[39m src/__tests__/components/notification-bell.test.tsx [2m([22m[2m9 tests[22m[2m)[22m[32m 10[2mms[22m[39m
 [32mΓ£ô[39m src/__tests__/components/grammar-checker.test.tsx [2m([22m[2m8 tests[22m[2m)[22m[32m 8[2mms[22m[39m
 [32mΓ£ô[39m src/__tests__/hooks/useTheme.test.ts [2m([22m[2m9 tests[22m[2m)[22m[32m 11[2mms[22m[39m
 [32mΓ£ô[39m src/__tests__/api/papers.test.ts [2m([22m[2m11 tests[22m[2m)[22m[32m 11[2mms[22m[39m
 [32mΓ£ô[39m src/__tests__/components/outline-builder.test.tsx [2m([22m[2m8 tests[22m[2m)[22m[32m 11[2mms[22m[39m
 [32mΓ£ô[39m src/__tests__/hooks/useAuth.test.ts [2m([22m[2m8 tests[22m[2m)[22m[32m 9[2mms[22m[39m
 [32mΓ£ô[39m src/__tests__/components/bibliography-generator.test.tsx [2m([22m[2m9 tests[22m[2m)[22m[32m 10[2mms[22m[39m
 [32mΓ£ô[39m src/__tests__/components/paper-search-bar.test.tsx [2m([22m[2m9 tests[22m[2m)[22m[32m 10[2mms[22m[39m
 [32mΓ£ô[39m src/__tests__/components/editor.test.tsx [2m([22m[2m4 tests[22m[2m)[22m[32m 9[2mms[22m[39m
 [32mΓ£ô[39m src/__tests__/api/thesis.test.ts [2m([22m[2m10 tests[22m[2m)[22m[32m 12[2mms[22m[39m
 [32mΓ£ô[39m src/__tests__/components/student-dashboard.test.tsx [2m([22m[2m6 tests[22m[2m)[22m[32m 9[2mms[22m[39m
 [32mΓ£ô[39m src/__tests__/components/research-question-generator.test.tsx [2m([22m[2m7 tests[22m[2m)[22m[32m 8[2mms[22m[39m
 [32mΓ£ô[39m src/__tests__/components/sign-in-form.test.tsx [2m([22m[2m5 tests[22m[2m)[22m[32m 8[2mms[22m[39m
